[+2724 ms] Artifact Instance of 'MaterialFonts' is not required, skipping update.
[   +4 ms] Artifact Instance of 'GradleWrapper' is not required, skipping update.
[        ] Artifact Instance of 'AndroidGenSnapshotArtifacts' is not required, skipping update.
[        ] Artifact Instance of 'AndroidInternalBuildArtifacts' is not required, skipping update.
[   +3 ms] Artifact Instance of 'IOSEngineArtifacts' is not required, skipping update.
[   +1 ms] Artifact Instance of 'FlutterWebSdk' is not required, skipping update.
[  +19 ms] Artifact Instance of 'LegacyCanvasKitRemover' is not required, skipping update.
[        ] Artifact Instance of 'FlutterSdk' is not required, skipping update.
[   +5 ms] Artifact Instance of 'WindowsEngineArtifacts' is not required, skipping update.
[  +15 ms] Artifact Instance of 'MacOSEngineArtifacts' is not required, skipping update.
[   +2 ms] Artifact Instance of 'LinuxEngineArtifacts' is not required, skipping update.
[   +6 ms] Artifact Instance of 'LinuxFuchsiaSDKArtifacts' is not required, skipping update.
[   +1 ms] Artifact Instance of 'MacOSFuchsiaSDKArtifacts' is not required, skipping update.
[   +1 ms] Artifact Instance of 'FlutterRunnerSDKArtifacts' is not required, skipping update.
[        ] Artifact Instance of 'FlutterRunnerDebugSymbols' is not required, skipping update.
[   +4 ms] Artifact Instance of 'IosUsbArtifacts' is not required, skipping update.
[        ] Artifact Instance of 'IosUsbArtifacts' is not required, skipping update.
[        ] Artifact Instance of 'IosUsbArtifacts' is not required, skipping update.
[        ] Artifact Instance of 'IosUsbArtifacts' is not required, skipping update.
[        ] Artifact Instance of 'IosUsbArtifacts' is not required, skipping update.
[   +4 ms] Artifact Instance of 'IosUsbArtifacts' is not required, skipping update.
[   +1 ms] Artifact Instance of 'FontSubsetArtifacts' is not required, skipping update.
[        ] Artifact Instance of 'PubDependencies' is not required, skipping update.
[   +6 ms] executing: [D:\flutter/] git -c log.showSignature=false log HEAD -n 1 --pretty=format:%ad --date=iso
[+1813 ms] Exit code 0 from: git -c log.showSignature=false log HEAD -n 1 --pretty=format:%ad --date=iso
[        ] 2025-11-12 22:09:06 -0600
[  +78 ms] Artifact Instance of 'AndroidGenSnapshotArtifacts' is not required, skipping update.
[        ] Artifact Instance of 'AndroidInternalBuildArtifacts' is not required, skipping update.
[        ] Artifact Instance of 'IOSEngineArtifacts' is not required, skipping update.
[  +68 ms] Artifact Instance of 'FlutterWebSdk' is not required, skipping update.
[        ] Artifact Instance of 'FlutterEngineStamp' is not required, skipping update.
[        ] Artifact Instance of 'LegacyCanvasKitRemover' is not required, skipping update.
[  +17 ms] Artifact Instance of 'WindowsEngineArtifacts' is not required, skipping update.
[        ] Artifact Instance of 'MacOSEngineArtifacts' is not required, skipping update.
[        ] Artifact Instance of 'LinuxEngineArtifacts' is not required, skipping update.
[        ] Artifact Instance of 'LinuxFuchsiaSDKArtifacts' is not required, skipping update.
[  +16 ms] Artifact Instance of 'MacOSFuchsiaSDKArtifacts' is not required, skipping update.
[        ] Artifact Instance of 'FlutterRunnerSDKArtifacts' is not required, skipping update.
[        ] Artifact Instance of 'FlutterRunnerDebugSymbols' is not required, skipping update.
[+1100 ms] Artifact Instance of 'MaterialFonts' is not required, skipping update.
[   +1 ms] Artifact Instance of 'GradleWrapper' is not required, skipping update.
[ +101 ms] Artifact Instance of 'AndroidInternalBuildArtifacts' is not required, skipping update.
[   +1 ms] Artifact Instance of 'IOSEngineArtifacts' is not required, skipping update.
[        ] Artifact Instance of 'FlutterWebSdk' is not required, skipping update.
[        ] Artifact Instance of 'FlutterEngineStamp' is not required, skipping update.
[        ] Artifact Instance of 'LegacyCanvasKitRemover' is not required, skipping update.
[        ] Artifact Instance of 'FlutterSdk' is not required, skipping update.
[        ] Artifact Instance of 'WindowsEngineArtifacts' is not required, skipping update.
[        ] Artifact Instance of 'MacOSEngineArtifacts' is not required, skipping update.
[        ] Artifact Instance of 'LinuxEngineArtifacts' is not required, skipping update.
[        ] Artifact Instance of 'LinuxFuchsiaSDKArtifacts' is not required, skipping update.
[        ] Artifact Instance of 'MacOSFuchsiaSDKArtifacts' is not required, skipping update.
[        ] Artifact Instance of 'FlutterRunnerSDKArtifacts' is not required, skipping update.
[        ] Artifact Instance of 'FlutterRunnerDebugSymbols' is not required, skipping update.
[   +1 ms] Artifact Instance of 'IosUsbArtifacts' is not required, skipping update.
[        ] Artifact Instance of 'IosUsbArtifacts' is not required, skipping update.
[        ] Artifact Instance of 'IosUsbArtifacts' is not required, skipping update.
[        ] Artifact Instance of 'IosUsbArtifacts' is not required, skipping update.
[        ] Artifact Instance of 'IosUsbArtifacts' is not required, skipping update.
[        ] Artifact Instance of 'IosUsbArtifacts' is not required, skipping update.
[        ] Artifact Instance of 'FontSubsetArtifacts' is not required, skipping update.
[        ] Artifact Instance of 'PubDependencies' is not required, skipping update.
[+1518 ms] Skipping pub get: version match.
[+1792 ms] Found plugin url_launcher at C:\Users\haris\AppData\Local\Pub\Cache\hosted\pub.dev\url_launcher-6.3.2\
[ +212 ms] Found plugin url_launcher_windows at C:\Users\haris\AppData\Local\Pub\Cache\hosted\pub.dev\url_launcher_windows-3.1.4\
[ +189 ms] Found plugin url_launcher_web at C:\Users\haris\AppData\Local\Pub\Cache\hosted\pub.dev\url_launcher_web-2.4.1\
[  +89 ms] Found plugin url_launcher_macos at C:\Users\haris\AppData\Local\Pub\Cache\hosted\pub.dev\url_launcher_macos-3.2.2\
[  +29 ms] Found plugin url_launcher_linux at C:\Users\haris\AppData\Local\Pub\Cache\hosted\pub.dev\url_launcher_linux-3.2.1\
[ +150 ms] Found plugin url_launcher_ios at C:\Users\haris\AppData\Local\Pub\Cache\hosted\pub.dev\url_launcher_ios-6.3.3\
[  +28 ms] Found plugin url_launcher_android at C:\Users\haris\AppData\Local\Pub\Cache\hosted\pub.dev\url_launcher_android-6.3.16\
[+2786 ms] Found plugin url_launcher at C:\Users\haris\AppData\Local\Pub\Cache\hosted\pub.dev\url_launcher-6.3.2\
[  +15 ms] Found plugin url_launcher_windows at C:\Users\haris\AppData\Local\Pub\Cache\hosted\pub.dev\url_launcher_windows-3.1.4\
[ +162 ms] Found plugin url_launcher_web at C:\Users\haris\AppData\Local\Pub\Cache\hosted\pub.dev\url_launcher_web-2.4.1\
[  +34 ms] Found plugin url_launcher_macos at C:\Users\haris\AppData\Local\Pub\Cache\hosted\pub.dev\url_launcher_macos-3.2.2\
[ +231 ms] Found plugin url_launcher_linux at C:\Users\haris\AppData\Local\Pub\Cache\hosted\pub.dev\url_launcher_linux-3.2.1\
[   +8 ms] Found plugin url_launcher_ios at C:\Users\haris\AppData\Local\Pub\Cache\hosted\pub.dev\url_launcher_ios-6.3.3\
[   +9 ms] Found plugin url_launcher_android at C:\Users\haris\AppData\Local\Pub\Cache\hosted\pub.dev\url_launcher_android-6.3.16\
[ +485 ms] Skipping generating web_plugin_registrant.dart because it is up-to-date.
[ +731 ms] Found plugin url_launcher at C:\Users\haris\AppData\Local\Pub\Cache\hosted\pub.dev\url_launcher-6.3.2\
[ +188 ms] Found plugin url_launcher_windows at C:\Users\haris\AppData\Local\Pub\Cache\hosted\pub.dev\url_launcher_windows-3.1.4\
[  +16 ms] Found plugin url_launcher_web at C:\Users\haris\AppData\Local\Pub\Cache\hosted\pub.dev\url_launcher_web-2.4.1\
[  +19 ms] Found plugin url_launcher_macos at C:\Users\haris\AppData\Local\Pub\Cache\hosted\pub.dev\url_launcher_macos-3.2.2\
[ +138 ms] Found plugin url_launcher_linux at C:\Users\haris\AppData\Local\Pub\Cache\hosted\pub.dev\url_launcher_linux-3.2.1\
[   +5 ms] Found plugin url_launcher_ios at C:\Users\haris\AppData\Local\Pub\Cache\hosted\pub.dev\url_launcher_ios-6.3.3\
[  +28 ms] Found plugin url_launcher_android at C:\Users\haris\AppData\Local\Pub\Cache\hosted\pub.dev\url_launcher_android-6.3.16\
[ +244 ms] Generating D:\Codes\Flutter\Portfolio\android\app\src\main\java\io\flutter\plugins\GeneratedPluginRegistrant.java
[  +12 ms] Skipping generating GeneratedPluginRegistrant.java because it is up-to-date.
[  +99 ms] Skipping generating generated_plugin_registrant.h because it is up-to-date.
[  +15 ms] Skipping generating generated_plugin_registrant.cc because it is up-to-date.
[ +202 ms] Skipping generating generated_plugins.cmake because it is up-to-date.
[  +16 ms] Skipping generating generated_plugin_registrant.h because it is up-to-date.
[   +9 ms] Skipping generating generated_plugin_registrant.cc because it is up-to-date.
[   +7 ms] Skipping generating generated_plugins.cmake because it is up-to-date.
[ +181 ms] Skipping generating GeneratedPluginRegistrant.h because it is up-to-date.
[  +12 ms] Skipping generating GeneratedPluginRegistrant.m because it is up-to-date.
[   +5 ms] Skipping generating GeneratedPluginRegistrant.swift because it is up-to-date.
[+3536 ms] executing: C:\Program Files\Android\Android Studio\jbr\bin\java -version
[+7109 ms] Exit code 0 from: C:\Program Files\Android\Android Studio\jbr\bin\java -version
[        ] Picked up JAVA_TOOL_OPTIONS: -Dstdout.encoding=UTF-8 -Dstderr.encoding=UTF-8
           openjdk version "21.0.8" 2025-07-15
           OpenJDK Runtime Environment (build 21.0.8+-14196175-b1038.72)
           OpenJDK 64-Bit Server VM (build 21.0.8+-14196175-b1038.72, mixed mode)
[  +81 ms] executing: C:\Program Files\Android\Android Studio\jbr\bin\java --version
[+3752 ms] Exit code 0 from: C:\Program Files\Android\Android Studio\jbr\bin\java --version
[        ] openjdk 21.0.8 2025-07-15
           OpenJDK Runtime Environment (build 21.0.8+-14196175-b1038.72)
           OpenJDK 64-Bit Server VM (build 21.0.8+-14196175-b1038.72, mixed mode)
[        ] Picked up JAVA_TOOL_OPTIONS: -Dstdout.encoding=UTF-8 -Dstderr.encoding=UTF-8
[   +9 ms] Version of Java is different than impacted version, no migration attempted.
[ +662 ms] CMake project not found, skipping support Android 15 16k page size migration.
[ +117 ms] Using gradle from D:\Codes\Flutter\Portfolio\android\gradlew.bat.
[ +150 ms] LocalFile: 'D:\Codes\Flutter\Portfolio\android\build.gradle' provides AGP version from classpath: 8.3.0
[ +320 ms] Running Gradle task 'assembleRelease'...
[   +6 ms] executing: [D:\Codes\Flutter\Portfolio\android/] D:\Codes\Flutter\Portfolio\android\gradlew.bat --full-stacktrace --info -Pverbose=true -Ptarget-platform=android-arm,android-arm64,android-x64 -Ptarget=lib\main.dart -Pbase-application-name=android.app.Application -Pdart-defines=RkxVVFRFUl9WRVJTSU9OPTMuMzguMQ==,RkxVVFRFUl9DSEFOTkVMPXN0YWJsZQ==,RkxVVFRFUl9HSVRfVVJMPWh0dHBzOi8vZ2l0aHViLmNvbS9mbHV0dGVyL2ZsdXR0ZXIuZ2l0,RkxVVFRFUl9GUkFNRVdPUktfUkVWSVNJT049YjQ1ZmExODk0Ng==,RkxVVFRFUl9FTkdJTkVfUkVWSVNJT049YjU5OTBlNWNjYw==,RkxVVFRFUl9EQVJUX1ZFUlNJT049My4xMC4w -Pdart-obfuscation=false -Ptrack-widget-creation=true -Ptree-shake-icons=true assembleRelease
flutter.bat : [+12606 ms] Picked up JAVA_TOOL_OPTIONS: -Dstdout.encoding=UTF-8 
-Dstderr.encoding=UTF-8
At line:1 char:44
+ ... Portfolio'; & 'D:\flutter\bin\flutter.bat' build apk --verbose *>&1 | ...
+                 ~~~~~~~~~~~~~~~~~~~~~~~~~~~~~~~~~~~~~~~~~~~~~~~~~~~~~~~
    + CategoryInfo          : NotSpecified: ([+12606 ms] Pic....encoding=UTF-8 
   :String) [], RemoteException
    + FullyQualifiedErrorId : NativeCommandError
 
[+18091 ms] Initialized native services in: C:\Users\haris\.gradle\native
[   +8 ms] Initialized jansi services in: C:\Users\haris\.gradle\native
[+1957 ms] Received JVM installation metadata from 'C:\Program Files\Android\Android Studio\jbr': {JAVA_HOME=C:\Program Files\Android\Android Studio\jbr, JAVA_VERSION=21.0.8, JAVA_VENDOR=JetBrains s.r.o., RUNTIME_NAME=OpenJDK Runtime Environment, RUNTIME_VERSION=21.0.8+-14196175-b1038.72, VM_NAME=OpenJDK 64-Bit Server VM, VM_VERSION=21.0.8+-14196175-b1038.72, VM_VENDOR=JetBrains s.r.o., OS_ARCH=amd64}
[+2318 ms] Found daemon DaemonInfo{pid=11464, address=[7d781aa5-09e9-498a-8383-7d9422b60e34 port:51683, addresses:[/127.0.0.1]], state=Idle, lastBusy=1782398041038, context=DefaultDaemonContext[uid=5668aaf4-5f92-464c-899b-16c4f1448c48,javaHome=C:\Program Files\Eclipse Adoptium\jdk-25.0.1.8-hotspot,javaVersion=25,daemonRegistryDir=C:\Users\haris\.gradle\daemon,pid=11464,idleTimeout=10800000,priority=NORMAL,applyInstrumentationAgent=true,nativeServicesMode=ENABLED,daemonOpts=--add-opens=java.base/java.util=ALL-UNNAMED,--add-opens=java.base/java.lang=ALL-UNNAMED,--add-opens=java.base/java.lang.invoke=ALL-UNNAMED,--add-opens=java.prefs/java.util.prefs=ALL-UNNAMED,--add-exports=jdk.compiler/com.sun.tools.javac.api=ALL-UNNAMED,--add-exports=jdk.compiler/com.sun.tools.javac.util=ALL-UNNAMED,--add-opens=java.base/java.nio.charset=ALL-UNNAMED,--add-opens=java.base/java.net=ALL-UNNAMED,--add-opens=java.base/java.util.concurrent.atomic=ALL-UNNAMED,-Xmx1536M,-Dfile.encoding=utf8,-Duser.country=US,-Duser.language=en,-Duser.variant]} however its context does not match the desired criteria.
[   +1 ms] JVM is incompatible.
[   +1 ms] Wanted: DaemonRequestContext{jvmCriteria=C:\Program Files\Android\Android Studio\jbr (no JDK specified, using current Java home), daemonOpts=[--add-opens=java.base/java.util=ALL-UNNAMED, --add-opens=java.base/java.lang=ALL-UNNAMED, --add-opens=java.base/java.lang.invoke=ALL-UNNAMED, --add-opens=java.prefs/java.util.prefs=ALL-UNNAMED, --add-exports=jdk.compiler/com.sun.tools.javac.api=ALL-UNNAMED, --add-exports=jdk.compiler/com.sun.tools.javac.util=ALL-UNNAMED, --add-opens=java.base/java.nio.charset=ALL-UNNAMED, --add-opens=java.base/java.net=ALL-UNNAMED, --add-opens=java.base/java.util.concurrent.atomic=ALL-UNNAMED, -Xmx1536M, -Dfile.encoding=UTF-8, -Duser.country=US, -Duser.language=en, -Duser.variant], applyInstrumentationAgent=true, nativeServicesMode=ENABLED, priority=NORMAL}
[   +1 ms] Actual: DefaultDaemonContext[uid=5668aaf4-5f92-464c-899b-16c4f1448c48,javaHome=C:\Program Files\Eclipse Adoptium\jdk-25.0.1.8-hotspot,javaVersion=25,daemonRegistryDir=C:\Users\haris\.gradle\daemon,pid=11464,idleTimeout=10800000,priority=NORMAL,applyInstrumentationAgent=true,nativeServicesMode=ENABLED,daemonOpts=--add-opens=java.base/java.util=ALL-UNNAMED,--add-opens=java.base/java.lang=ALL-UNNAMED,--add-opens=java.base/java.lang.invoke=ALL-UNNAMED,--add-opens=java.prefs/java.util.prefs=ALL-UNNAMED,--add-exports=jdk.compiler/com.sun.tools.javac.api=ALL-UNNAMED,--add-exports=jdk.compiler/com.sun.tools.javac.util=ALL-UNNAMED,--add-opens=java.base/java.nio.charset=ALL-UNNAMED,--add-opens=java.base/java.net=ALL-UNNAMED,--add-opens=java.base/java.util.concurrent.atomic=ALL-UNNAMED,-Xmx1536M,-Dfile.encoding=utf8,-Duser.country=US,-Duser.language=en,-Duser.variant]
[        ]   Looking for a different daemon...
[  +61 ms] Found daemon DaemonInfo{pid=11684, address=[9223eed6-ed74-4e2c-b8e1-4fa20d160d1b port:51863, addresses:[/127.0.0.1]], state=Idle, lastBusy=1782398221039, context=DefaultDaemonContext[uid=9022cc6c-d09d-4ccf-ae01-97d732d56bae,javaHome=C:\Users\haris\.vscode\extensions\redhat.java-1.54.0-win32-x64\jre\21.0.10-win32-x86_64,javaVersion=21,daemonRegistryDir=C:\Users\haris\.gradle\daemon,pid=11684,idleTimeout=10800000,priority=NORMAL,applyInstrumentationAgent=true,nativeServicesMode=ENABLED,daemonOpts=--add-opens=java.base/java.util=ALL-UNNAMED,--add-opens=java.base/java.lang=ALL-UNNAMED,--add-opens=java.base/java.lang.invoke=ALL-UNNAMED,--add-opens=java.prefs/java.util.prefs=ALL-UNNAMED,--add-exports=jdk.compiler/com.sun.tools.javac.api=ALL-UNNAMED,--add-exports=jdk.compiler/com.sun.tools.javac.util=ALL-UNNAMED,--add-opens=java.base/java.nio.charset=ALL-UNNAMED,--add-opens=java.base/java.net=ALL-UNNAMED,--add-opens=java.base/java.util.concurrent.atomic=ALL-UNNAMED,-Xmx1536M,-Dfile.encoding=utf8,-Duser.country=US,-Duser.language=en,-Duser.variant]} however its context does not match the desired criteria.
[        ] JVM is incompatible.
[   +1 ms] Wanted: DaemonRequestContext{jvmCriteria=C:\Program Files\Android\Android Studio\jbr (no JDK specified, using current Java home), daemonOpts=[--add-opens=java.base/java.util=ALL-UNNAMED, --add-opens=java.base/java.lang=ALL-UNNAMED, --add-opens=java.base/java.lang.invoke=ALL-UNNAMED, --add-opens=java.prefs/java.util.prefs=ALL-UNNAMED, --add-exports=jdk.compiler/com.sun.tools.javac.api=ALL-UNNAMED, --add-exports=jdk.compiler/com.sun.tools.javac.util=ALL-UNNAMED, --add-opens=java.base/java.nio.charset=ALL-UNNAMED, --add-opens=java.base/java.net=ALL-UNNAMED, --add-opens=java.base/java.util.concurrent.atomic=ALL-UNNAMED, -Xmx1536M, -Dfile.encoding=UTF-8, -Duser.country=US, -Duser.language=en, -Duser.variant], applyInstrumentationAgent=true, nativeServicesMode=ENABLED, priority=NORMAL}
[   +1 ms] Actual: DefaultDaemonContext[uid=9022cc6c-d09d-4ccf-ae01-97d732d56bae,javaHome=C:\Users\haris\.vscode\extensions\redhat.java-1.54.0-win32-x64\jre\21.0.10-win32-x86_64,javaVersion=21,daemonRegistryDir=C:\Users\haris\.gradle\daemon,pid=11684,idleTimeout=10800000,priority=NORMAL,applyInstrumentationAgent=true,nativeServicesMode=ENABLED,daemonOpts=--add-opens=java.base/java.util=ALL-UNNAMED,--add-opens=java.base/java.lang=ALL-UNNAMED,--add-opens=java.base/java.lang.invoke=ALL-UNNAMED,--add-opens=java.prefs/java.util.prefs=ALL-UNNAMED,--add-exports=jdk.compiler/com.sun.tools.javac.api=ALL-UNNAMED,--add-exports=jdk.compiler/com.sun.tools.javac.util=ALL-UNNAMED,--add-opens=java.base/java.nio.charset=ALL-UNNAMED,--add-opens=java.base/java.net=ALL-UNNAMED,--add-opens=java.base/java.util.concurrent.atomic=ALL-UNNAMED,-Xmx1536M,-Dfile.encoding=utf8,-Duser.country=US,-Duser.language=en,-Duser.variant]
[        ]   Looking for a different daemon...
[+1051 ms] The client will now receive all logging from the daemon (pid: 9992). The daemon log file: C:\Users\haris\.gradle\daemon\8.9\daemon-9992.out.log
[   +1 ms] Starting 6th build in daemon [uptime: 47 mins 43.124 secs, performance: 99%, GC rate: 0.00/s, heap usage: 0% of 1.5 GiB]
[        ] Using 4 worker leases.
[  +79 ms] Invalidating in-memory cache of D:\Codes\Flutter\Portfolio\android\.gradle\8.9\fileHashes\fileHashes.bin
[        ] Invalidating in-memory cache of D:\Codes\Flutter\Portfolio\android\.gradle\8.9\fileHashes\resourceHashesCache.bin
[   +1 ms] Not watching D:\Codes\Flutter\Portfolio\android since the file system is not supported
[        ] Watching the file system is configured to be enabled if available
[        ] File system watching is active
[        ] Starting Build
[  +88 ms] Settings evaluated using settings file 'D:\Codes\Flutter\Portfolio\android\settings.gradle'.
[  +10 ms] Not watching D:\flutter\packages\flutter_tools\gradle since the file system is not supported
[   +1 ms] Invalidating in-memory cache of D:\flutter\packages\flutter_tools\gradle\.gradle\buildOutputCleanup\outputFiles.bin
[ +109 ms] Projects loaded. Root project using build file 'D:\Codes\Flutter\Portfolio\android\build.gradle'.
[        ] Included projects: [root project 'android', project ':app']
[+1979 ms] > Configure project :
[   +1 ms] Evaluating root project 'android' using build file 'D:\Codes\Flutter\Portfolio\android\build.gradle'.
[        ] Invalidating in-memory cache of C:\Users\haris\.gradle\caches\journal-1\file-access.bin
[        ] Transforming gradle-8.3.0.jar (com.android.tools.build:gradle:8.3.0) with InstrumentationAnalysisTransform
[        ] Transforming kotlin-gradle-plugin-model-1.9.0.jar (org.jetbrains.kotlin:kotlin-gradle-plugin-model:1.9.0) with InstrumentationAnalysisTransform
[        ] Transforming kotlin-gradle-plugin-api-1.9.0-gradle81.jar (org.jetbrains.kotlin:kotlin-gradle-plugin-api:1.9.0) with InstrumentationAnalysisTransform
[        ] Transforming kotlin-gradle-plugin-api-1.9.0.jar (org.jetbrains.kotlin:kotlin-gradle-plugin-api:1.9.0) with InstrumentationAnalysisTransform
[        ] Transforming kotlin-gradle-plugin-1.9.0-gradle81.jar (org.jetbrains.kotlin:kotlin-gradle-plugin:1.9.0) with InstrumentationAnalysisTransform
[        ] Transforming gradle-settings-api-8.3.0.jar (com.android.tools.build:gradle-settings-api:8.3.0) with InstrumentationAnalysisTransform
[   +1 ms] Transforming lint-model-31.3.0.jar (com.android.tools.lint:lint-model:31.3.0) with InstrumentationAnalysisTransform
[   +2 ms] Transforming builder-8.3.0.jar (com.android.tools.build:builder:8.3.0) with InstrumentationAnalysisTransform
[   +3 ms] Transforming manifest-merger-31.3.0.jar (com.android.tools.build:manifest-merger:31.3.0) with InstrumentationAnalysisTransform
[        ] Transforming sdk-common-31.3.0.jar (com.android.tools:sdk-common:31.3.0) with InstrumentationAnalysisTransform
[        ] Transforming sdklib-31.3.0.jar (com.android.tools:sdklib:31.3.0) with InstrumentationAnalysisTransform
[        ] Transforming repository-31.3.0.jar (com.android.tools:repository:31.3.0) with InstrumentationAnalysisTransform
[        ] Transforming gradle-api-8.3.0.jar (com.android.tools.build:gradle-api:8.3.0) with InstrumentationAnalysisTransform
[        ] Transforming builder-test-api-8.3.0.jar (com.android.tools.build:builder-test-api:8.3.0) with InstrumentationAnalysisTransform
[        ] Transforming ddmlib-31.3.0.jar (com.android.tools.ddms:ddmlib:31.3.0) with InstrumentationAnalysisTransform
[   +4 ms] Transforming aaptcompiler-8.3.0.jar (com.android.tools.build:aaptcompiler:8.3.0) with InstrumentationAnalysisTransform
[        ] Transforming bundletool-1.15.6.jar (com.android.tools.build:bundletool:1.15.6) with InstrumentationAnalysisTransform
[        ] Transforming aapt2-proto-8.3.0-10880808.jar (com.android.tools.build:aapt2-proto:8.3.0-10880808) with InstrumentationAnalysisTransform
[        ] Transforming crash-31.3.0.jar (com.android.tools.analytics-library:crash:31.3.0) with InstrumentationAnalysisTransform
[        ] Transforming tracker-31.3.0.jar (com.android.tools.analytics-library:tracker:31.3.0) with InstrumentationAnalysisTransform
[        ] Transforming shared-31.3.0.jar (com.android.tools.analytics-library:shared:31.3.0) with InstrumentationAnalysisTransform
[        ] Transforming lint-typedef-remover-31.3.0.jar (com.android.tools.lint:lint-typedef-remover:31.3.0) with InstrumentationAnalysisTransform
[        ] Transforming databinding-compiler-common-8.3.0.jar (androidx.databinding:databinding-compiler-common:8.3.0) with InstrumentationAnalysisTransform
[        ] Transforming databinding-common-8.3.0.jar (androidx.databinding:databinding-common:8.3.0) with InstrumentationAnalysisTransform
[   +5 ms] Transforming baseLibrary-8.3.0.jar (com.android.databinding:baseLibrary:8.3.0) with InstrumentationAnalysisTransform
[        ] Transforming layoutlib-api-31.3.0.jar (com.android.tools.layoutlib:layoutlib-api:31.3.0) with InstrumentationAnalysisTransform
[        ] Transforming android-device-provider-ddmlib-proto-31.3.0.jar (com.android.tools.utp:android-device-provider-ddmlib-proto:31.3.0) with InstrumentationAnalysisTransform
[        ] Transforming android-device-provider-gradle-proto-31.3.0.jar (com.android.tools.utp:android-device-provider-gradle-proto:31.3.0) with InstrumentationAnalysisTransform
[        ] Transforming android-test-plugin-host-additional-test-output-proto-31.3.0.jar (com.android.tools.utp:android-test-plugin-host-additional-test-output-proto:31.3.0) with InstrumentationAnalysisTransform
[        ] Transforming android-test-plugin-host-coverage-proto-31.3.0.jar (com.android.tools.utp:android-test-plugin-host-coverage-proto:31.3.0) with InstrumentationAnalysisTransform
[        ] Transforming android-test-plugin-host-emulator-control-proto-31.3.0.jar (com.android.tools.utp:android-test-plugin-host-emulator-control-proto:31.3.0) with InstrumentationAnalysisTransform
[   +1 ms] Transforming android-test-plugin-host-logcat-proto-31.3.0.jar (com.android.tools.utp:android-test-plugin-host-logcat-proto:31.3.0) with InstrumentationAnalysisTransform
[        ] Transforming android-test-plugin-host-apk-installer-proto-31.3.0.jar (com.android.tools.utp:android-test-plugin-host-apk-installer-proto:31.3.0) with InstrumentationAnalysisTransform
[        ] Transforming android-test-plugin-host-retention-proto-31.3.0.jar (com.android.tools.utp:android-test-plugin-host-retention-proto:31.3.0) with InstrumentationAnalysisTransform
[        ] Transforming android-test-plugin-result-listener-gradle-proto-31.3.0.jar (com.android.tools.utp:android-test-plugin-result-listener-gradle-proto:31.3.0) with InstrumentationAnalysisTransform
[        ] Transforming builder-model-8.3.0.jar (com.android.tools.build:builder-model:8.3.0) with InstrumentationAnalysisTransform
[        ] Transforming dvlib-31.3.0.jar (com.android.tools:dvlib:31.3.0) with InstrumentationAnalysisTransform
[        ] Transforming common-31.3.0.jar (com.android.tools:common:31.3.0) with InstrumentationAnalysisTransform
[        ] Transforming jetifier-processor-1.0.0-beta10.jar (com.android.tools.build.jetifier:jetifier-processor:1.0.0-beta10) with InstrumentationAnalysisTransform
[        ] Transforming jetifier-core-1.0.0-beta10.jar (com.android.tools.build.jetifier:jetifier-core:1.0.0-beta10) with InstrumentationAnalysisTransform
[   +1 ms] Transforming kotlin-reflect-1.9.20.jar (org.jetbrains.kotlin:kotlin-reflect:1.9.20) with InstrumentationAnalysisTransform
[        ] Transforming kotlin-stdlib-jdk7-1.9.20.jar (org.jetbrains.kotlin:kotlin-stdlib-jdk7:1.9.20) with InstrumentationAnalysisTransform
[        ] Transforming kotlin-stdlib-1.9.20.jar (org.jetbrains.kotlin:kotlin-stdlib:1.9.20) with InstrumentationAnalysisTransform
[   +4 ms] Transforming kotlin-stdlib-jdk8-1.9.20.jar (org.jetbrains.kotlin:kotlin-stdlib-jdk8:1.9.20) with InstrumentationAnalysisTransform
[        ] Transforming transform-api-2.0.0-deprecated-use-gradle-api.jar (com.android.tools.build:transform-api:2.0.0-deprecated-use-gradle-api) with InstrumentationAnalysisTransform
[        ] Transforming httpmime-4.5.6.jar (org.apache.httpcomponents:httpmime:4.5.6) with InstrumentationAnalysisTransform
[        ] Transforming commons-io-2.13.0.jar (commons-io:commons-io:2.13.0) with InstrumentationAnalysisTransform
[        ] Transforming asm-commons-9.6.jar (org.ow2.asm:asm-commons:9.6) with InstrumentationAnalysisTransform
[        ] Transforming asm-util-9.6.jar (org.ow2.asm:asm-util:9.6) with InstrumentationAnalysisTransform
[   +6 ms] Transforming asm-analysis-9.6.jar (org.ow2.asm:asm-analysis:9.6) with InstrumentationAnalysisTransform
[ +145 ms] Transforming asm-tree-9.6.jar (org.ow2.asm:asm-tree:9.6) with InstrumentationAnalysisTransform
[        ] Transforming asm-9.6.jar (org.ow2.asm:asm:9.6) with InstrumentationAnalysisTransform
[        ] Transforming apkzlib-8.3.0.jar (com.android.tools.build:apkzlib:8.3.0) with InstrumentationAnalysisTransform
[   +3 ms] Transforming bcpkix-jdk15on-1.67.jar (org.bouncycastle:bcpkix-jdk15on:1.67) with InstrumentationAnalysisTransform
[  +40 ms] Transforming jaxb-runtime-2.3.2.jar (org.glassfish.jaxb:jaxb-runtime:2.3.2) with InstrumentationAnalysisTransform
[  +15 ms] Transforming jopt-simple-4.9.jar (net.sf.jopt-simple:jopt-simple:4.9) with InstrumentationAnalysisTransform
[   +1 ms] Transforming javapoet-1.10.0.jar (com.squareup:javapoet:1.10.0) with InstrumentationAnalysisTransform
[        ] Transforming protobuf-java-util-3.22.3.jar (com.google.protobuf:protobuf-java-util:3.22.3) with InstrumentationAnalysisTransform
[        ] Transforming grpc-protobuf-1.57.0.jar (io.grpc:grpc-protobuf:1.57.0) with InstrumentationAnalysisTransform
[        ] Transforming tink-1.7.0.jar (com.google.crypto.tink:tink:1.7.0) with InstrumentationAnalysisTransform
[        ] Transforming protos-31.3.0.jar (com.android.tools.analytics-library:protos:31.3.0) with InstrumentationAnalysisTransform
[        ] Transforming proto-google-common-protos-2.17.0.jar (com.google.api.grpc:proto-google-common-protos:2.17.0) with InstrumentationAnalysisTransform
[        ] Transforming protobuf-java-3.22.3.jar (com.google.protobuf:protobuf-java:3.22.3) with InstrumentationAnalysisTransform
[        ] Transforming grpc-netty-1.57.0.jar (io.grpc:grpc-netty:1.57.0) with InstrumentationAnalysisTransform
[        ] Transforming grpc-core-1.57.0.jar (io.grpc:grpc-core:1.57.0) with InstrumentationAnalysisTransform
[        ] Transforming gson-2.10.1.jar (com.google.code.gson:gson:2.10.1) with InstrumentationAnalysisTransform
[        ] Transforming grpc-stub-1.57.0.jar (io.grpc:grpc-stub:1.57.0) with InstrumentationAnalysisTransform
[        ] Transforming core-proto-0.0.9-alpha02.jar (com.google.testing.platform:core-proto:0.0.9-alpha02) with InstrumentationAnalysisTransform
[        ] Transforming kxml2-2.3.0.jar (net.sf.kxml:kxml2:2.3.0) with InstrumentationAnalysisTransform
[        ] Transforming tensorflow-lite-metadata-0.1.0-rc2.jar (org.tensorflow:tensorflow-lite-metadata:0.1.0-rc2) with InstrumentationAnalysisTransform
[        ] Transforming flatbuffers-java-1.12.0.jar (com.google.flatbuffers:flatbuffers-java:1.12.0) with InstrumentationAnalysisTransform
[        ] Transforming kotlin-gradle-plugin-idea-proto-1.9.0.jar (org.jetbrains.kotlin:kotlin-gradle-plugin-idea-proto:1.9.0) with InstrumentationAnalysisTransform
[        ] Transforming kotlin-gradle-plugin-idea-1.9.0.jar (org.jetbrains.kotlin:kotlin-gradle-plugin-idea:1.9.0) with InstrumentationAnalysisTransform
[        ] Transforming kotlin-project-model-1.9.0.jar (org.jetbrains.kotlin:kotlin-project-model:1.9.0) with InstrumentationAnalysisTransform
[        ] Transforming kotlin-tooling-core-1.9.0.jar (org.jetbrains.kotlin:kotlin-tooling-core:1.9.0) with InstrumentationAnalysisTransform
[        ] Transforming kotlin-klib-commonizer-api-1.9.0.jar (org.jetbrains.kotlin:kotlin-klib-commonizer-api:1.9.0) with InstrumentationAnalysisTransform
[   +2 ms] Transforming kotlin-native-utils-1.9.0.jar (org.jetbrains.kotlin:kotlin-native-utils:1.9.0) with InstrumentationAnalysisTransform
[        ] Transforming kotlin-util-klib-1.9.0.jar (org.jetbrains.kotlin:kotlin-util-klib:1.9.0) with InstrumentationAnalysisTransform
[        ] Transforming kotlin-build-tools-api-1.9.0.jar (org.jetbrains.kotlin:kotlin-build-tools-api:1.9.0) with InstrumentationAnalysisTransform
[        ] Transforming kotlin-android-extensions-1.9.0.jar (org.jetbrains.kotlin:kotlin-android-extensions:1.9.0) with InstrumentationAnalysisTransform
[        ] Transforming kotlin-compiler-runner-1.9.0.jar (org.jetbrains.kotlin:kotlin-compiler-runner:1.9.0) with InstrumentationAnalysisTransform
[   +1 ms] Transforming kotlin-compiler-embeddable-1.9.0.jar (org.jetbrains.kotlin:kotlin-compiler-embeddable:1.9.0) with InstrumentationAnalysisTransform
[   +2 ms] Transforming kotlin-scripting-compiler-embeddable-1.9.0.jar (org.jetbrains.kotlin:kotlin-scripting-compiler-embeddable:1.9.0) with InstrumentationAnalysisTransform
[   +2 ms] Transforming kotlin-scripting-compiler-impl-embeddable-1.9.0.jar (org.jetbrains.kotlin:kotlin-scripting-compiler-impl-embeddable:1.9.0) with InstrumentationAnalysisTransform
[        ] Transforming jimfs-1.1.jar (com.google.jimfs:jimfs:1.1) with InstrumentationAnalysisTransform
[        ] Transforming grpc-context-1.57.0.jar (io.grpc:grpc-context:1.57.0) with InstrumentationAnalysisTransform
[        ] Transforming grpc-protobuf-lite-1.57.0.jar (io.grpc:grpc-protobuf-lite:1.57.0) with InstrumentationAnalysisTransform
[        ] Transforming grpc-api-1.57.0.jar (io.grpc:grpc-api:1.57.0) with InstrumentationAnalysisTransform
[        ] Transforming guava-32.0.1-jre.jar (com.google.guava:guava:32.0.1-jre) with InstrumentationAnalysisTransform
[        ] Transforming dagger-2.28.3.jar (com.google.dagger:dagger:2.28.3) with InstrumentationAnalysisTransform
[        ] Transforming javax.inject-1.jar (javax.inject:javax.inject:1) with InstrumentationAnalysisTransform
[        ] Transforming bcprov-jdk15on-1.67.jar (org.bouncycastle:bcprov-jdk15on:1.67) with InstrumentationAnalysisTransform
[        ] Transforming trove4j-1.0.20200330.jar (org.jetbrains.intellij.deps:trove4j:1.0.20200330) with InstrumentationAnalysisTransform
[   +4 ms] Transforming commons-compress-1.21.jar (org.apache.commons:commons-compress:1.21) with InstrumentationAnalysisTransform
[   +1 ms] Transforming httpclient-4.5.14.jar (org.apache.httpcomponents:httpclient:4.5.14) with InstrumentationAnalysisTransform
[        ] Transforming httpcore-4.4.16.jar (org.apache.httpcomponents:httpcore:4.4.16) with InstrumentationAnalysisTransform
[        ] Transforming javax.activation-1.2.0.jar (com.sun.activation:javax.activation:1.2.0) with InstrumentationAnalysisTransform
[        ] Transforming annotations-23.0.0.jar (org.jetbrains:annotations:23.0.0) with InstrumentationAnalysisTransform
[        ] Transforming signflinger-8.3.0.jar (com.android:signflinger:8.3.0) with InstrumentationAnalysisTransform
[        ] Transforming zipflinger-8.3.0.jar (com.android:zipflinger:8.3.0) with InstrumentationAnalysisTransform
[        ] Transforming annotations-31.3.0.jar (com.android.tools:annotations:31.3.0) with InstrumentationAnalysisTransform
[        ] Transforming jna-platform-5.6.0.jar (net.java.dev.jna:jna-platform:5.6.0) with InstrumentationAnalysisTransform
[        ] Transforming juniversalchardet-1.0.3.jar (com.googlecode.juniversalchardet:juniversalchardet:1.0.3) with InstrumentationAnalysisTransform
[        ] Transforming javax.annotation-api-1.3.2.jar (javax.annotation:javax.annotation-api:1.3.2) with InstrumentationAnalysisTransform
[        ] Transforming stax-ex-1.8.1.jar (org.jvnet.staxex:stax-ex:1.8.1) with InstrumentationAnalysisTransform
[ +132 ms] Transforming jakarta.xml.bind-api-2.3.2.jar (jakarta.xml.bind:jakarta.xml.bind-api:2.3.2) with InstrumentationAnalysisTransform
[   +1 ms] Transforming txw2-2.3.2.jar (org.glassfish.jaxb:txw2:2.3.2) with InstrumentationAnalysisTransform
[        ] Transforming istack-commons-runtime-3.0.8.jar (com.sun.istack:istack-commons-runtime:3.0.8) with InstrumentationAnalysisTransform
[   +1 ms] Transforming FastInfoset-1.2.16.jar (com.sun.xml.fastinfoset:FastInfoset:1.2.16) with InstrumentationAnalysisTransform
[        ] Transforming jakarta.activation-api-1.2.1.jar (jakarta.activation:jakarta.activation-api:1.2.1) with InstrumentationAnalysisTransform
[        ] Transforming auto-value-annotations-1.6.2.jar (com.google.auto.value:auto-value-annotations:1.6.2) with InstrumentationAnalysisTransform
[   +2 ms] Transforming error_prone_annotations-2.18.0.jar (com.google.errorprone:error_prone_annotations:2.18.0) with InstrumentationAnalysisTransform
[        ] Transforming jose4j-0.7.0.jar (org.bitbucket.b_c:jose4j:0.7.0) with InstrumentationAnalysisTransform
[        ] Transforming slf4j-api-1.7.30.jar (org.slf4j:slf4j-api:1.7.30) with InstrumentationAnalysisTransform
[        ] Transforming jdom2-2.0.6.jar (org.jdom:jdom2:2.0.6) with InstrumentationAnalysisTransform
[        ] Transforming jsr305-3.0.2.jar (com.google.code.findbugs:jsr305:3.0.2) with InstrumentationAnalysisTransform
[        ] Transforming j2objc-annotations-2.8.jar (com.google.j2objc:j2objc-annotations:2.8) with InstrumentationAnalysisTransform
[        ] Transforming annotations-4.1.1.4.jar (com.google.android:annotations:4.1.1.4) with InstrumentationAnalysisTransform
[        ] Transforming animal-sniffer-annotations-1.23.jar (org.codehaus.mojo:animal-sniffer-annotations:1.23) with InstrumentationAnalysisTransform
[        ] Transforming perfmark-api-0.26.0.jar (io.perfmark:perfmark-api:0.26.0) with InstrumentationAnalysisTransform
[        ] Transforming netty-codec-http2-4.1.93.Final.jar (io.netty:netty-codec-http2:4.1.93.Final) with InstrumentationAnalysisTransform
[   +1 ms] Transforming netty-handler-proxy-4.1.93.Final.jar (io.netty:netty-handler-proxy:4.1.93.Final) with InstrumentationAnalysisTransform
[   +2 ms] Transforming netty-codec-http-4.1.93.Final.jar (io.netty:netty-codec-http:4.1.93.Final) with InstrumentationAnalysisTransform
[        ] Transforming netty-handler-4.1.93.Final.jar (io.netty:netty-handler:4.1.93.Final) with InstrumentationAnalysisTransform
[        ] Transforming netty-transport-native-unix-common-4.1.93.Final.jar (io.netty:netty-transport-native-unix-common:4.1.93.Final) with InstrumentationAnalysisTransform
[        ] Transforming checker-qual-3.33.0.jar (org.checkerframework:checker-qual:3.33.0) with InstrumentationAnalysisTransform
[        ] Transforming commons-codec-1.11.jar (commons-codec:commons-codec:1.11) with InstrumentationAnalysisTransform
[        ] Transforming apksig-8.3.0.jar (com.android.tools.build:apksig:8.3.0) with InstrumentationAnalysisTransform
[        ] Transforming javawriter-2.5.0.jar (com.squareup:javawriter:2.5.0) with InstrumentationAnalysisTransform
[        ] Transforming kotlin-gradle-plugin-annotations-1.9.0.jar (org.jetbrains.kotlin:kotlin-gradle-plugin-annotations:1.9.0) with InstrumentationAnalysisTransform
[        ] Transforming kotlin-util-io-1.9.0.jar (org.jetbrains.kotlin:kotlin-util-io:1.9.0) with InstrumentationAnalysisTransform
[   +8 ms] Transforming kotlin-daemon-embeddable-1.9.0.jar (org.jetbrains.kotlin:kotlin-daemon-embeddable:1.9.0) with InstrumentationAnalysisTransform
[        ] Transforming kotlin-daemon-client-1.9.0.jar (org.jetbrains.kotlin:kotlin-daemon-client:1.9.0) with InstrumentationAnalysisTransform
[   +4 ms] Transforming kotlinx-coroutines-core-jvm-1.5.0.jar (org.jetbrains.kotlinx:kotlinx-coroutines-core-jvm:1.5.0) with InstrumentationAnalysisTransform
[        ] Transforming kotlin-scripting-jvm-1.9.0.jar (org.jetbrains.kotlin:kotlin-scripting-jvm:1.9.0) with InstrumentationAnalysisTransform
[        ] Transforming kotlin-scripting-common-1.9.0.jar (org.jetbrains.kotlin:kotlin-scripting-common:1.9.0) with InstrumentationAnalysisTransform
[        ] Transforming failureaccess-1.0.1.jar (com.google.guava:failureaccess:1.0.1) with InstrumentationAnalysisTransform
[        ] Transforming listenablefuture-9999.0-empty-to-avoid-conflict-with-guava.jar (com.google.guava:listenablefuture:9999.0-empty-to-avoid-conflict-with-guava) with InstrumentationAnalysisTransform
[  +18 ms] Transforming commons-logging-1.2.jar (commons-logging:commons-logging:1.2) with InstrumentationAnalysisTransform
[  +23 ms] Transforming jna-5.6.0.jar (net.java.dev.jna:jna:5.6.0) with InstrumentationAnalysisTransform
[        ] Transforming netty-codec-socks-4.1.93.Final.jar (io.netty:netty-codec-socks:4.1.93.Final) with InstrumentationAnalysisTransform
[        ] Transforming netty-codec-4.1.93.Final.jar (io.netty:netty-codec:4.1.93.Final) with InstrumentationAnalysisTransform
[        ] Transforming netty-transport-4.1.93.Final.jar (io.netty:netty-transport:4.1.93.Final) with InstrumentationAnalysisTransform
[        ] Transforming netty-buffer-4.1.93.Final.jar (io.netty:netty-buffer:4.1.93.Final) with InstrumentationAnalysisTransform
[        ] Transforming netty-resolver-4.1.93.Final.jar (io.netty:netty-resolver:4.1.93.Final) with InstrumentationAnalysisTransform
[        ] Transforming netty-common-4.1.93.Final.jar (io.netty:netty-common:4.1.93.Final) with InstrumentationAnalysisTransform
[        ] Transforming gradle-8.3.0.jar (com.android.tools.build:gradle:8.3.0) with InstrumentationAnalysisTransform
[        ] Transforming gradle-8.3.0.jar (com.android.tools.build:gradle:8.3.0) with MergeInstrumentationAnalysisTransform
[        ] Transforming kotlin-gradle-plugin-model-1.9.0.jar (org.jetbrains.kotlin:kotlin-gradle-plugin-model:1.9.0) with InstrumentationAnalysisTransform
[        ] Transforming kotlin-gradle-plugin-model-1.9.0.jar (org.jetbrains.kotlin:kotlin-gradle-plugin-model:1.9.0) with MergeInstrumentationAnalysisTransform
[        ] Transforming kotlin-gradle-plugin-api-1.9.0-gradle81.jar (org.jetbrains.kotlin:kotlin-gradle-plugin-api:1.9.0) with InstrumentationAnalysisTransform
[        ] Transforming kotlin-gradle-plugin-api-1.9.0-gradle81.jar (org.jetbrains.kotlin:kotlin-gradle-plugin-api:1.9.0) with MergeInstrumentationAnalysisTransform
[        ] Transforming kotlin-gradle-plugin-api-1.9.0.jar (org.jetbrains.kotlin:kotlin-gradle-plugin-api:1.9.0) with InstrumentationAnalysisTransform
[        ] Transforming kotlin-gradle-plugin-api-1.9.0.jar (org.jetbrains.kotlin:kotlin-gradle-plugin-api:1.9.0) with MergeInstrumentationAnalysisTransform
[        ] Transforming kotlin-gradle-plugin-1.9.0-gradle81.jar (org.jetbrains.kotlin:kotlin-gradle-plugin:1.9.0) with InstrumentationAnalysisTransform
[        ] Transforming kotlin-gradle-plugin-1.9.0-gradle81.jar (org.jetbrains.kotlin:kotlin-gradle-plugin:1.9.0) with MergeInstrumentationAnalysisTransform
[        ] Transforming gradle-settings-api-8.3.0.jar (com.android.tools.build:gradle-settings-api:8.3.0) with InstrumentationAnalysisTransform
[        ] Transforming gradle-settings-api-8.3.0.jar (com.android.tools.build:gradle-settings-api:8.3.0) with MergeInstrumentationAnalysisTransform
[        ] Transforming lint-model-31.3.0.jar (com.android.tools.lint:lint-model:31.3.0) with InstrumentationAnalysisTransform
[        ] Transforming lint-model-31.3.0.jar (com.android.tools.lint:lint-model:31.3.0) with MergeInstrumentationAnalysisTransform
[        ] Transforming builder-8.3.0.jar (com.android.tools.build:builder:8.3.0) with InstrumentationAnalysisTransform
[        ] Transforming builder-8.3.0.jar (com.android.tools.build:builder:8.3.0) with MergeInstrumentationAnalysisTransform
[        ] Transforming manifest-merger-31.3.0.jar (com.android.tools.build:manifest-merger:31.3.0) with InstrumentationAnalysisTransform
[        ] Transforming manifest-merger-31.3.0.jar (com.android.tools.build:manifest-merger:31.3.0) with MergeInstrumentationAnalysisTransform
[        ] Transforming sdk-common-31.3.0.jar (com.android.tools:sdk-common:31.3.0) with InstrumentationAnalysisTransform
[        ] Transforming sdk-common-31.3.0.jar (com.android.tools:sdk-common:31.3.0) with MergeInstrumentationAnalysisTransform
[        ] Transforming sdklib-31.3.0.jar (com.android.tools:sdklib:31.3.0) with InstrumentationAnalysisTransform
[        ] Transforming sdklib-31.3.0.jar (com.android.tools:sdklib:31.3.0) with MergeInstrumentationAnalysisTransform
[        ] Transforming repository-31.3.0.jar (com.android.tools:repository:31.3.0) with InstrumentationAnalysisTransform
[+12725 ms] Transforming repository-31.3.0.jar (com.android.tools:repository:31.3.0) with MergeInstrumentationAnalysisTransform
[        ] Transforming gradle-api-8.3.0.jar (com.android.tools.build:gradle-api:8.3.0) with InstrumentationAnalysisTransform
[        ] Transforming gradle-api-8.3.0.jar (com.android.tools.build:gradle-api:8.3.0) with MergeInstrumentationAnalysisTransform
[        ] Transforming builder-test-api-8.3.0.jar (com.android.tools.build:builder-test-api:8.3.0) with InstrumentationAnalysisTransform
[        ] Transforming builder-test-api-8.3.0.jar (com.android.tools.build:builder-test-api:8.3.0) with MergeInstrumentationAnalysisTransform
[        ] Transforming ddmlib-31.3.0.jar (com.android.tools.ddms:ddmlib:31.3.0) with InstrumentationAnalysisTransform
[   +1 ms] Transforming ddmlib-31.3.0.jar (com.android.tools.ddms:ddmlib:31.3.0) with MergeInstrumentationAnalysisTransform
[        ] Transforming aaptcompiler-8.3.0.jar (com.android.tools.build:aaptcompiler:8.3.0) with InstrumentationAnalysisTransform
[        ] Transforming aaptcompiler-8.3.0.jar (com.android.tools.build:aaptcompiler:8.3.0) with MergeInstrumentationAnalysisTransform
[        ] Transforming bundletool-1.15.6.jar (com.android.tools.build:bundletool:1.15.6) with InstrumentationAnalysisTransform
[        ] Transforming bundletool-1.15.6.jar (com.android.tools.build:bundletool:1.15.6) with MergeInstrumentationAnalysisTransform
[        ] Transforming aapt2-proto-8.3.0-10880808.jar (com.android.tools.build:aapt2-proto:8.3.0-10880808) with InstrumentationAnalysisTransform
[        ] Transforming aapt2-proto-8.3.0-10880808.jar (com.android.tools.build:aapt2-proto:8.3.0-10880808) with MergeInstrumentationAnalysisTransform
[        ] Transforming crash-31.3.0.jar (com.android.tools.analytics-library:crash:31.3.0) with InstrumentationAnalysisTransform
[        ] Transforming crash-31.3.0.jar (com.android.tools.analytics-library:crash:31.3.0) with MergeInstrumentationAnalysisTransform
[        ] Transforming tracker-31.3.0.jar (com.android.tools.analytics-library:tracker:31.3.0) with InstrumentationAnalysisTransform
[        ] Transforming tracker-31.3.0.jar (com.android.tools.analytics-library:tracker:31.3.0) with MergeInstrumentationAnalysisTransform
[        ] Transforming shared-31.3.0.jar (com.android.tools.analytics-library:shared:31.3.0) with InstrumentationAnalysisTransform
[   +1 ms] Transforming shared-31.3.0.jar (com.android.tools.analytics-library:shared:31.3.0) with MergeInstrumentationAnalysisTransform
[        ] Transforming lint-typedef-remover-31.3.0.jar (com.android.tools.lint:lint-typedef-remover:31.3.0) with InstrumentationAnalysisTransform
[        ] Transforming lint-typedef-remover-31.3.0.jar (com.android.tools.lint:lint-typedef-remover:31.3.0) with MergeInstrumentationAnalysisTransform
[        ] Transforming databinding-compiler-common-8.3.0.jar (androidx.databinding:databinding-compiler-common:8.3.0) with InstrumentationAnalysisTransform
[        ] Transforming databinding-compiler-common-8.3.0.jar (androidx.databinding:databinding-compiler-common:8.3.0) with MergeInstrumentationAnalysisTransform
[   +1 ms] Transforming databinding-common-8.3.0.jar (androidx.databinding:databinding-common:8.3.0) with InstrumentationAnalysisTransform
[        ] Transforming databinding-common-8.3.0.jar (androidx.databinding:databinding-common:8.3.0) with MergeInstrumentationAnalysisTransform
[        ] Transforming baseLibrary-8.3.0.jar (com.android.databinding:baseLibrary:8.3.0) with InstrumentationAnalysisTransform
[        ] Transforming baseLibrary-8.3.0.jar (com.android.databinding:baseLibrary:8.3.0) with MergeInstrumentationAnalysisTransform
[        ] Transforming layoutlib-api-31.3.0.jar (com.android.tools.layoutlib:layoutlib-api:31.3.0) with InstrumentationAnalysisTransform
[  +48 ms] Transforming layoutlib-api-31.3.0.jar (com.android.tools.layoutlib:layoutlib-api:31.3.0) with MergeInstrumentationAnalysisTransform
[   +1 ms] Transforming android-device-provider-ddmlib-proto-31.3.0.jar (com.android.tools.utp:android-device-provider-ddmlib-proto:31.3.0) with InstrumentationAnalysisTransform
[+6939 ms] Transforming android-device-provider-ddmlib-proto-31.3.0.jar (com.android.tools.utp:android-device-provider-ddmlib-proto:31.3.0) with MergeInstrumentationAnalysisTransform
[        ] Transforming android-device-provider-gradle-proto-31.3.0.jar (com.android.tools.utp:android-device-provider-gradle-proto:31.3.0) with InstrumentationAnalysisTransform
[   +6 ms] Transforming android-device-provider-gradle-proto-31.3.0.jar (com.android.tools.utp:android-device-provider-gradle-proto:31.3.0) with MergeInstrumentationAnalysisTransform
[        ] Transforming android-test-plugin-host-additional-test-output-proto-31.3.0.jar (com.android.tools.utp:android-test-plugin-host-additional-test-output-proto:31.3.0) with InstrumentationAnalysisTransform
[        ] Transforming android-test-plugin-host-additional-test-output-proto-31.3.0.jar (com.android.tools.utp:android-test-plugin-host-additional-test-output-proto:31.3.0) with MergeInstrumentationAnalysisTransform
[        ] Transforming android-test-plugin-host-coverage-proto-31.3.0.jar (com.android.tools.utp:android-test-plugin-host-coverage-proto:31.3.0) with InstrumentationAnalysisTransform
[   +1 ms] Transforming android-test-plugin-host-coverage-proto-31.3.0.jar (com.android.tools.utp:android-test-plugin-host-coverage-proto:31.3.0) with MergeInstrumentationAnalysisTransform
[        ] Transforming android-test-plugin-host-emulator-control-proto-31.3.0.jar (com.android.tools.utp:android-test-plugin-host-emulator-control-proto:31.3.0) with InstrumentationAnalysisTransform
[        ] Transforming android-test-plugin-host-emulator-control-proto-31.3.0.jar (com.android.tools.utp:android-test-plugin-host-emulator-control-proto:31.3.0) with MergeInstrumentationAnalysisTransform
[        ] Transforming android-test-plugin-host-logcat-proto-31.3.0.jar (com.android.tools.utp:android-test-plugin-host-logcat-proto:31.3.0) with InstrumentationAnalysisTransform
[  +39 ms] Transforming android-test-plugin-host-logcat-proto-31.3.0.jar (com.android.tools.utp:android-test-plugin-host-logcat-proto:31.3.0) with MergeInstrumentationAnalysisTransform
[        ] Transforming android-test-plugin-host-apk-installer-proto-31.3.0.jar (com.android.tools.utp:android-test-plugin-host-apk-installer-proto:31.3.0) with InstrumentationAnalysisTransform
[        ] Transforming android-test-plugin-host-apk-installer-proto-31.3.0.jar (com.android.tools.utp:android-test-plugin-host-apk-installer-proto:31.3.0) with MergeInstrumentationAnalysisTransform
[        ] Transforming android-test-plugin-host-retention-proto-31.3.0.jar (com.android.tools.utp:android-test-plugin-host-retention-proto:31.3.0) with InstrumentationAnalysisTransform
[        ] Transforming android-test-plugin-host-retention-proto-31.3.0.jar (com.android.tools.utp:android-test-plugin-host-retention-proto:31.3.0) with MergeInstrumentationAnalysisTransform
[        ] Transforming android-test-plugin-result-listener-gradle-proto-31.3.0.jar (com.android.tools.utp:android-test-plugin-result-listener-gradle-proto:31.3.0) with InstrumentationAnalysisTransform
[  +81 ms] Transforming android-test-plugin-result-listener-gradle-proto-31.3.0.jar (com.android.tools.utp:android-test-plugin-result-listener-gradle-proto:31.3.0) with MergeInstrumentationAnalysisTransform
[        ] Transforming builder-model-8.3.0.jar (com.android.tools.build:builder-model:8.3.0) with InstrumentationAnalysisTransform
[        ] Transforming builder-model-8.3.0.jar (com.android.tools.build:builder-model:8.3.0) with MergeInstrumentationAnalysisTransform
[        ] Transforming dvlib-31.3.0.jar (com.android.tools:dvlib:31.3.0) with InstrumentationAnalysisTransform
[        ] Transforming dvlib-31.3.0.jar (com.android.tools:dvlib:31.3.0) with MergeInstrumentationAnalysisTransform
[        ] Transforming common-31.3.0.jar (com.android.tools:common:31.3.0) with InstrumentationAnalysisTransform
[        ] Transforming common-31.3.0.jar (com.android.tools:common:31.3.0) with MergeInstrumentationAnalysisTransform
[        ] Transforming jetifier-processor-1.0.0-beta10.jar (com.android.tools.build.jetifier:jetifier-processor:1.0.0-beta10) with InstrumentationAnalysisTransform
[+22034 ms] Transforming jetifier-processor-1.0.0-beta10.jar (com.android.tools.build.jetifier:jetifier-processor:1.0.0-beta10) with MergeInstrumentationAnalysisTransform
[   +1 ms] Transforming jetifier-core-1.0.0-beta10.jar (com.android.tools.build.jetifier:jetifier-core:1.0.0-beta10) with InstrumentationAnalysisTransform
[        ] Transforming jetifier-core-1.0.0-beta10.jar (com.android.tools.build.jetifier:jetifier-core:1.0.0-beta10) with MergeInstrumentationAnalysisTransform
[        ] Transforming kotlin-reflect-1.9.20.jar (org.jetbrains.kotlin:kotlin-reflect:1.9.20) with InstrumentationAnalysisTransform
[        ] Transforming kotlin-reflect-1.9.20.jar (org.jetbrains.kotlin:kotlin-reflect:1.9.20) with MergeInstrumentationAnalysisTransform
[        ] Transforming kotlin-stdlib-jdk7-1.9.20.jar (org.jetbrains.kotlin:kotlin-stdlib-jdk7:1.9.20) with InstrumentationAnalysisTransform
[        ] Transforming kotlin-stdlib-jdk7-1.9.20.jar (org.jetbrains.kotlin:kotlin-stdlib-jdk7:1.9.20) with MergeInstrumentationAnalysisTransform
[        ] Transforming kotlin-stdlib-1.9.20.jar (org.jetbrains.kotlin:kotlin-stdlib:1.9.20) with InstrumentationAnalysisTransform
[        ] Transforming kotlin-stdlib-1.9.20.jar (org.jetbrains.kotlin:kotlin-stdlib:1.9.20) with MergeInstrumentationAnalysisTransform
[ +289 ms] Transforming kotlin-stdlib-jdk8-1.9.20.jar (org.jetbrains.kotlin:kotlin-stdlib-jdk8:1.9.20) with InstrumentationAnalysisTransform
[   +2 ms] Transforming kotlin-stdlib-jdk8-1.9.20.jar (org.jetbrains.kotlin:kotlin-stdlib-jdk8:1.9.20) with MergeInstrumentationAnalysisTransform
[   +2 ms] Transforming transform-api-2.0.0-deprecated-use-gradle-api.jar (com.android.tools.build:transform-api:2.0.0-deprecated-use-gradle-api) with InstrumentationAnalysisTransform
[   +2 ms] Transforming transform-api-2.0.0-deprecated-use-gradle-api.jar (com.android.tools.build:transform-api:2.0.0-deprecated-use-gradle-api) with MergeInstrumentationAnalysisTransform
[        ] Transforming httpmime-4.5.6.jar (org.apache.httpcomponents:httpmime:4.5.6) with InstrumentationAnalysisTransform
[        ] Transforming httpmime-4.5.6.jar (org.apache.httpcomponents:httpmime:4.5.6) with MergeInstrumentationAnalysisTransform
[        ] Transforming commons-io-2.13.0.jar (commons-io:commons-io:2.13.0) with InstrumentationAnalysisTransform
[        ] Transforming commons-io-2.13.0.jar (commons-io:commons-io:2.13.0) with MergeInstrumentationAnalysisTransform
[ +233 ms] Transforming asm-commons-9.6.jar (org.ow2.asm:asm-commons:9.6) with InstrumentationAnalysisTransform
[   +7 ms] Transforming asm-commons-9.6.jar (org.ow2.asm:asm-commons:9.6) with MergeInstrumentationAnalysisTransform
[   +2 ms] Transforming asm-util-9.6.jar (org.ow2.asm:asm-util:9.6) with InstrumentationAnalysisTransform
[   +1 ms] Transforming asm-util-9.6.jar (org.ow2.asm:asm-util:9.6) with MergeInstrumentationAnalysisTransform
[   +1 ms] Transforming asm-analysis-9.6.jar (org.ow2.asm:asm-analysis:9.6) with InstrumentationAnalysisTransform
[   +1 ms] Transforming asm-analysis-9.6.jar (org.ow2.asm:asm-analysis:9.6) with MergeInstrumentationAnalysisTransform
[        ] Transforming asm-tree-9.6.jar (org.ow2.asm:asm-tree:9.6) with InstrumentationAnalysisTransform
[   +1 ms] Transforming asm-tree-9.6.jar (org.ow2.asm:asm-tree:9.6) with MergeInstrumentationAnalysisTransform
[   +6 ms] Transforming asm-9.6.jar (org.ow2.asm:asm:9.6) with InstrumentationAnalysisTransform
[        ] Transforming asm-9.6.jar (org.ow2.asm:asm:9.6) with MergeInstrumentationAnalysisTransform
[        ] Transforming apkzlib-8.3.0.jar (com.android.tools.build:apkzlib:8.3.0) with InstrumentationAnalysisTransform
[ +266 ms] Transforming apkzlib-8.3.0.jar (com.android.tools.build:apkzlib:8.3.0) with MergeInstrumentationAnalysisTransform
[   +1 ms] Transforming bcpkix-jdk15on-1.67.jar (org.bouncycastle:bcpkix-jdk15on:1.67) with InstrumentationAnalysisTransform
[        ] Transforming bcpkix-jdk15on-1.67.jar (org.bouncycastle:bcpkix-jdk15on:1.67) with MergeInstrumentationAnalysisTransform
[+19577 ms] Transforming jaxb-runtime-2.3.2.jar (org.glassfish.jaxb:jaxb-runtime:2.3.2) with InstrumentationAnalysisTransform
[        ] Transforming jaxb-runtime-2.3.2.jar (org.glassfish.jaxb:jaxb-runtime:2.3.2) with MergeInstrumentationAnalysisTransform
[        ] Transforming jopt-simple-4.9.jar (net.sf.jopt-simple:jopt-simple:4.9) with InstrumentationAnalysisTransform
[        ] Transforming jopt-simple-4.9.jar (net.sf.jopt-simple:jopt-simple:4.9) with MergeInstrumentationAnalysisTransform
[        ] Transforming javapoet-1.10.0.jar (com.squareup:javapoet:1.10.0) with InstrumentationAnalysisTransform
[        ] Transforming javapoet-1.10.0.jar (com.squareup:javapoet:1.10.0) with MergeInstrumentationAnalysisTransform
[        ] Transforming protobuf-java-util-3.22.3.jar (com.google.protobuf:protobuf-java-util:3.22.3) with InstrumentationAnalysisTransform
[        ] Transforming protobuf-java-util-3.22.3.jar (com.google.protobuf:protobuf-java-util:3.22.3) with MergeInstrumentationAnalysisTransform
[        ] Transforming grpc-protobuf-1.57.0.jar (io.grpc:grpc-protobuf:1.57.0) with InstrumentationAnalysisTransform
[        ] Transforming grpc-protobuf-1.57.0.jar (io.grpc:grpc-protobuf:1.57.0) with MergeInstrumentationAnalysisTransform
[        ] Transforming tink-1.7.0.jar (com.google.crypto.tink:tink:1.7.0) with InstrumentationAnalysisTransform
[        ] Transforming tink-1.7.0.jar (com.google.crypto.tink:tink:1.7.0) with MergeInstrumentationAnalysisTransform
[        ] Transforming protos-31.3.0.jar (com.android.tools.analytics-library:protos:31.3.0) with InstrumentationAnalysisTransform
[        ] Transforming protos-31.3.0.jar (com.android.tools.analytics-library:protos:31.3.0) with MergeInstrumentationAnalysisTransform
[        ] Transforming proto-google-common-protos-2.17.0.jar (com.google.api.grpc:proto-google-common-protos:2.17.0) with InstrumentationAnalysisTransform
[  +20 ms] Transforming proto-google-common-protos-2.17.0.jar (com.google.api.grpc:proto-google-common-protos:2.17.0) with MergeInstrumentationAnalysisTransform
[        ] Transforming protobuf-java-3.22.3.jar (com.google.protobuf:protobuf-java:3.22.3) with InstrumentationAnalysisTransform
[        ] Transforming protobuf-java-3.22.3.jar (com.google.protobuf:protobuf-java:3.22.3) with MergeInstrumentationAnalysisTransform
[        ] Transforming grpc-netty-1.57.0.jar (io.grpc:grpc-netty:1.57.0) with InstrumentationAnalysisTransform
[        ] Transforming grpc-netty-1.57.0.jar (io.grpc:grpc-netty:1.57.0) with MergeInstrumentationAnalysisTransform
[        ] Transforming grpc-core-1.57.0.jar (io.grpc:grpc-core:1.57.0) with InstrumentationAnalysisTransform
[        ] Transforming grpc-core-1.57.0.jar (io.grpc:grpc-core:1.57.0) with MergeInstrumentationAnalysisTransform
[        ] Transforming gson-2.10.1.jar (com.google.code.gson:gson:2.10.1) with InstrumentationAnalysisTransform
[        ] Transforming gson-2.10.1.jar (com.google.code.gson:gson:2.10.1) with MergeInstrumentationAnalysisTransform
[        ] Transforming grpc-stub-1.57.0.jar (io.grpc:grpc-stub:1.57.0) with InstrumentationAnalysisTransform
[   +6 ms] Transforming grpc-stub-1.57.0.jar (io.grpc:grpc-stub:1.57.0) with MergeInstrumentationAnalysisTransform
[        ] Transforming core-proto-0.0.9-alpha02.jar (com.google.testing.platform:core-proto:0.0.9-alpha02) with InstrumentationAnalysisTransform
[        ] Transforming core-proto-0.0.9-alpha02.jar (com.google.testing.platform:core-proto:0.0.9-alpha02) with MergeInstrumentationAnalysisTransform
[        ] Transforming kxml2-2.3.0.jar (net.sf.kxml:kxml2:2.3.0) with InstrumentationAnalysisTransform
[        ] Transforming kxml2-2.3.0.jar (net.sf.kxml:kxml2:2.3.0) with MergeInstrumentationAnalysisTransform
[        ] Transforming tensorflow-lite-metadata-0.1.0-rc2.jar (org.tensorflow:tensorflow-lite-metadata:0.1.0-rc2) with InstrumentationAnalysisTransform
[        ] Transforming tensorflow-lite-metadata-0.1.0-rc2.jar (org.tensorflow:tensorflow-lite-metadata:0.1.0-rc2) with MergeInstrumentationAnalysisTransform
[+12358 ms] Transforming flatbuffers-java-1.12.0.jar (com.google.flatbuffers:flatbuffers-java:1.12.0) with InstrumentationAnalysisTransform
[   +1 ms] Transforming flatbuffers-java-1.12.0.jar (com.google.flatbuffers:flatbuffers-java:1.12.0) with MergeInstrumentationAnalysisTransform
[   +1 ms] Transforming kotlin-gradle-plugin-idea-proto-1.9.0.jar (org.jetbrains.kotlin:kotlin-gradle-plugin-idea-proto:1.9.0) with InstrumentationAnalysisTransform
[        ] Transforming kotlin-gradle-plugin-idea-proto-1.9.0.jar (org.jetbrains.kotlin:kotlin-gradle-plugin-idea-proto:1.9.0) with MergeInstrumentationAnalysisTransform
[        ] Transforming kotlin-gradle-plugin-idea-1.9.0.jar (org.jetbrains.kotlin:kotlin-gradle-plugin-idea:1.9.0) with InstrumentationAnalysisTransform
[        ] Transforming kotlin-gradle-plugin-idea-1.9.0.jar (org.jetbrains.kotlin:kotlin-gradle-plugin-idea:1.9.0) with MergeInstrumentationAnalysisTransform
[        ] Transforming kotlin-project-model-1.9.0.jar (org.jetbrains.kotlin:kotlin-project-model:1.9.0) with InstrumentationAnalysisTransform
[        ] Transforming kotlin-project-model-1.9.0.jar (org.jetbrains.kotlin:kotlin-project-model:1.9.0) with MergeInstrumentationAnalysisTransform
[        ] Transforming kotlin-tooling-core-1.9.0.jar (org.jetbrains.kotlin:kotlin-tooling-core:1.9.0) with InstrumentationAnalysisTransform
[  +59 ms] Transforming kotlin-tooling-core-1.9.0.jar (org.jetbrains.kotlin:kotlin-tooling-core:1.9.0) with MergeInstrumentationAnalysisTransform
[        ] Transforming kotlin-klib-commonizer-api-1.9.0.jar (org.jetbrains.kotlin:kotlin-klib-commonizer-api:1.9.0) with InstrumentationAnalysisTransform
[   +4 ms] Transforming kotlin-klib-commonizer-api-1.9.0.jar (org.jetbrains.kotlin:kotlin-klib-commonizer-api:1.9.0) with MergeInstrumentationAnalysisTransform
[        ] Transforming kotlin-native-utils-1.9.0.jar (org.jetbrains.kotlin:kotlin-native-utils:1.9.0) with InstrumentationAnalysisTransform
[        ] Transforming kotlin-native-utils-1.9.0.jar (org.jetbrains.kotlin:kotlin-native-utils:1.9.0) with MergeInstrumentationAnalysisTransform
[        ] Transforming kotlin-util-klib-1.9.0.jar (org.jetbrains.kotlin:kotlin-util-klib:1.9.0) with InstrumentationAnalysisTransform
[        ] Transforming kotlin-util-klib-1.9.0.jar (org.jetbrains.kotlin:kotlin-util-klib:1.9.0) with MergeInstrumentationAnalysisTransform
[        ] Transforming kotlin-build-tools-api-1.9.0.jar (org.jetbrains.kotlin:kotlin-build-tools-api:1.9.0) with InstrumentationAnalysisTransform
[  +19 ms] Transforming gradle-8.3.0.jar (com.android.tools.build:gradle:8.3.0) with ExternalDependencyInstrumentingArtifactTransform
[        ] Transforming kotlin-gradle-plugin-api-1.9.0.jar (org.jetbrains.kotlin:kotlin-gradle-plugin-api:1.9.0) with ExternalDependencyInstrumentingArtifactTransform
[        ] Transforming kotlin-gradle-plugin-1.9.0-gradle81.jar (org.jetbrains.kotlin:kotlin-gradle-plugin:1.9.0) with ExternalDependencyInstrumentingArtifactTransform
[        ] Transforming gradle-settings-api-8.3.0.jar (com.android.tools.build:gradle-settings-api:8.3.0) with ExternalDependencyInstrumentingArtifactTransform
[        ] Transforming lint-model-31.3.0.jar (com.android.tools.lint:lint-model:31.3.0) with ExternalDependencyInstrumentingArtifactTransform
[        ] Transforming builder-8.3.0.jar (com.android.tools.build:builder:8.3.0) with ExternalDependencyInstrumentingArtifactTransform
[        ] Transforming manifest-merger-31.3.0.jar (com.android.tools.build:manifest-merger:31.3.0) with ExternalDependencyInstrumentingArtifactTransform
[        ] Transforming sdk-common-31.3.0.jar (com.android.tools:sdk-common:31.3.0) with ExternalDependencyInstrumentingArtifactTransform
[        ] Transforming sdklib-31.3.0.jar (com.android.tools:sdklib:31.3.0) with ExternalDependencyInstrumentingArtifactTransform
[        ] Transforming repository-31.3.0.jar (com.android.tools:repository:31.3.0) with ExternalDependencyInstrumentingArtifactTransform
[        ] Transforming gradle-api-8.3.0.jar (com.android.tools.build:gradle-api:8.3.0) with ExternalDependencyInstrumentingArtifactTransform
[+1550 ms] Transforming builder-test-api-8.3.0.jar (com.android.tools.build:builder-test-api:8.3.0) with ExternalDependencyInstrumentingArtifactTransform
[        ] Transforming ddmlib-31.3.0.jar (com.android.tools.ddms:ddmlib:31.3.0) with ExternalDependencyInstrumentingArtifactTransform
[        ] Transforming aaptcompiler-8.3.0.jar (com.android.tools.build:aaptcompiler:8.3.0) with ExternalDependencyInstrumentingArtifactTransform
[        ] Transforming bundletool-1.15.6.jar (com.android.tools.build:bundletool:1.15.6) with ExternalDependencyInstrumentingArtifactTransform
[        ] Transforming aapt2-proto-8.3.0-10880808.jar (com.android.tools.build:aapt2-proto:8.3.0-10880808) with ExternalDependencyInstrumentingArtifactTransform
[   +3 ms] Transforming crash-31.3.0.jar (com.android.tools.analytics-library:crash:31.3.0) with ExternalDependencyInstrumentingArtifactTransform
[        ] Transforming tracker-31.3.0.jar (com.android.tools.analytics-library:tracker:31.3.0) with ExternalDependencyInstrumentingArtifactTransform
[        ] Transforming shared-31.3.0.jar (com.android.tools.analytics-library:shared:31.3.0) with ExternalDependencyInstrumentingArtifactTransform
[        ] Transforming lint-typedef-remover-31.3.0.jar (com.android.tools.lint:lint-typedef-remover:31.3.0) with ExternalDependencyInstrumentingArtifactTransform
[        ] Transforming databinding-compiler-common-8.3.0.jar (androidx.databinding:databinding-compiler-common:8.3.0) with ExternalDependencyInstrumentingArtifactTransform
[        ] Transforming databinding-common-8.3.0.jar (androidx.databinding:databinding-common:8.3.0) with ExternalDependencyInstrumentingArtifactTransform
[        ] Transforming baseLibrary-8.3.0.jar (com.android.databinding:baseLibrary:8.3.0) with ExternalDependencyInstrumentingArtifactTransform
[        ] Transforming layoutlib-api-31.3.0.jar (com.android.tools.layoutlib:layoutlib-api:31.3.0) with ExternalDependencyInstrumentingArtifactTransform
[  +17 ms] Transforming android-device-provider-ddmlib-proto-31.3.0.jar (com.android.tools.utp:android-device-provider-ddmlib-proto:31.3.0) with ExternalDependencyInstrumentingArtifactTransform
[        ] Transforming android-device-provider-gradle-proto-31.3.0.jar (com.android.tools.utp:android-device-provider-gradle-proto:31.3.0) with ExternalDependencyInstrumentingArtifactTransform
[        ] Transforming android-test-plugin-host-additional-test-output-proto-31.3.0.jar (com.android.tools.utp:android-test-plugin-host-additional-test-output-proto:31.3.0) with ExternalDependencyInstrumentingArtifactTransform
[        ] Transforming android-test-plugin-host-coverage-proto-31.3.0.jar (com.android.tools.utp:android-test-plugin-host-coverage-proto:31.3.0) with ExternalDependencyInstrumentingArtifactTransform
[        ] Transforming android-test-plugin-host-emulator-control-proto-31.3.0.jar (com.android.tools.utp:android-test-plugin-host-emulator-control-proto:31.3.0) with ExternalDependencyInstrumentingArtifactTransform
[        ] Transforming android-test-plugin-host-logcat-proto-31.3.0.jar (com.android.tools.utp:android-test-plugin-host-logcat-proto:31.3.0) with ExternalDependencyInstrumentingArtifactTransform
[        ] Transforming android-test-plugin-host-apk-installer-proto-31.3.0.jar (com.android.tools.utp:android-test-plugin-host-apk-installer-proto:31.3.0) with ExternalDependencyInstrumentingArtifactTransform
[   +1 ms] Transforming android-test-plugin-host-retention-proto-31.3.0.jar (com.android.tools.utp:android-test-plugin-host-retention-proto:31.3.0) with ExternalDependencyInstrumentingArtifactTransform
[        ] Transforming android-test-plugin-result-listener-gradle-proto-31.3.0.jar (com.android.tools.utp:android-test-plugin-result-listener-gradle-proto:31.3.0) with ExternalDependencyInstrumentingArtifactTransform
[        ] Transforming builder-model-8.3.0.jar (com.android.tools.build:builder-model:8.3.0) with ExternalDependencyInstrumentingArtifactTransform
[ +361 ms] Transforming dvlib-31.3.0.jar (com.android.tools:dvlib:31.3.0) with ExternalDependencyInstrumentingArtifactTransform
[        ] Transforming common-31.3.0.jar (com.android.tools:common:31.3.0) with ExternalDependencyInstrumentingArtifactTransform
[        ] Transforming jetifier-processor-1.0.0-beta10.jar (com.android.tools.build.jetifier:jetifier-processor:1.0.0-beta10) with ExternalDependencyInstrumentingArtifactTransform
[        ] Transforming jetifier-core-1.0.0-beta10.jar (com.android.tools.build.jetifier:jetifier-core:1.0.0-beta10) with ExternalDependencyInstrumentingArtifactTransform
[        ] Transforming kotlin-reflect-1.9.20.jar (org.jetbrains.kotlin:kotlin-reflect:1.9.20) with ExternalDependencyInstrumentingArtifactTransform
[        ] Transforming kotlin-stdlib-jdk7-1.9.20.jar (org.jetbrains.kotlin:kotlin-stdlib-jdk7:1.9.20) with ExternalDependencyInstrumentingArtifactTransform
[        ] Transforming kotlin-stdlib-1.9.20.jar (org.jetbrains.kotlin:kotlin-stdlib:1.9.20) with ExternalDependencyInstrumentingArtifactTransform
[        ] Transforming kotlin-stdlib-jdk8-1.9.20.jar (org.jetbrains.kotlin:kotlin-stdlib-jdk8:1.9.20) with ExternalDependencyInstrumentingArtifactTransform
[        ] Transforming transform-api-2.0.0-deprecated-use-gradle-api.jar (com.android.tools.build:transform-api:2.0.0-deprecated-use-gradle-api) with ExternalDependencyInstrumentingArtifactTransform
[        ] Transforming httpmime-4.5.6.jar (org.apache.httpcomponents:httpmime:4.5.6) with ExternalDependencyInstrumentingArtifactTransform
[        ] Transforming commons-io-2.13.0.jar (commons-io:commons-io:2.13.0) with ExternalDependencyInstrumentingArtifactTransform
[        ] Transforming asm-commons-9.6.jar (org.ow2.asm:asm-commons:9.6) with ExternalDependencyInstrumentingArtifactTransform
[        ] Transforming asm-util-9.6.jar (org.ow2.asm:asm-util:9.6) with ExternalDependencyInstrumentingArtifactTransform
[        ] Transforming asm-analysis-9.6.jar (org.ow2.asm:asm-analysis:9.6) with ExternalDependencyInstrumentingArtifactTransform
[        ] Transforming asm-tree-9.6.jar (org.ow2.asm:asm-tree:9.6) with ExternalDependencyInstrumentingArtifactTransform
[        ] Transforming asm-9.6.jar (org.ow2.asm:asm:9.6) with ExternalDependencyInstrumentingArtifactTransform
[        ] Transforming apkzlib-8.3.0.jar (com.android.tools.build:apkzlib:8.3.0) with ExternalDependencyInstrumentingArtifactTransform
[        ] Transforming bcpkix-jdk15on-1.67.jar (org.bouncycastle:bcpkix-jdk15on:1.67) with ExternalDependencyInstrumentingArtifactTransform
[        ] Transforming jaxb-runtime-2.3.2.jar (org.glassfish.jaxb:jaxb-runtime:2.3.2) with ExternalDependencyInstrumentingArtifactTransform
[        ] Transforming jopt-simple-4.9.jar (net.sf.jopt-simple:jopt-simple:4.9) with ExternalDependencyInstrumentingArtifactTransform
[   +5 ms] Transforming javapoet-1.10.0.jar (com.squareup:javapoet:1.10.0) with ExternalDependencyInstrumentingArtifactTransform
[        ] Transforming protobuf-java-util-3.22.3.jar (com.google.protobuf:protobuf-java-util:3.22.3) with ExternalDependencyInstrumentingArtifactTransform
[        ] Transforming grpc-protobuf-1.57.0.jar (io.grpc:grpc-protobuf:1.57.0) with ExternalDependencyInstrumentingArtifactTransform
[        ] Transforming tink-1.7.0.jar (com.google.crypto.tink:tink:1.7.0) with ExternalDependencyInstrumentingArtifactTransform
[   +2 ms] Transforming protos-31.3.0.jar (com.android.tools.analytics-library:protos:31.3.0) with ExternalDependencyInstrumentingArtifactTransform
[        ] Transforming proto-google-common-protos-2.17.0.jar (com.google.api.grpc:proto-google-common-protos:2.17.0) with ExternalDependencyInstrumentingArtifactTransform
[        ] Transforming protobuf-java-3.22.3.jar (com.google.protobuf:protobuf-java:3.22.3) with ExternalDependencyInstrumentingArtifactTransform
[        ] Transforming grpc-netty-1.57.0.jar (io.grpc:grpc-netty:1.57.0) with ExternalDependencyInstrumentingArtifactTransform
[   +5 ms] Transforming grpc-core-1.57.0.jar (io.grpc:grpc-core:1.57.0) with ExternalDependencyInstrumentingArtifactTransform
[ +161 ms] Transforming gson-2.10.1.jar (com.google.code.gson:gson:2.10.1) with ExternalDependencyInstrumentingArtifactTransform
[        ] Transforming grpc-stub-1.57.0.jar (io.grpc:grpc-stub:1.57.0) with ExternalDependencyInstrumentingArtifactTransform
[   +1 ms] Transforming core-proto-0.0.9-alpha02.jar (com.google.testing.platform:core-proto:0.0.9-alpha02) with ExternalDependencyInstrumentingArtifactTransform
[        ] Transforming kxml2-2.3.0.jar (net.sf.kxml:kxml2:2.3.0) with ExternalDependencyInstrumentingArtifactTransform
[        ] Transforming tensorflow-lite-metadata-0.1.0-rc2.jar (org.tensorflow:tensorflow-lite-metadata:0.1.0-rc2) with ExternalDependencyInstrumentingArtifactTransform
[        ] Transforming flatbuffers-java-1.12.0.jar (com.google.flatbuffers:flatbuffers-java:1.12.0) with ExternalDependencyInstrumentingArtifactTransform
[        ] Transforming kotlin-gradle-plugin-idea-proto-1.9.0.jar (org.jetbrains.kotlin:kotlin-gradle-plugin-idea-proto:1.9.0) with ExternalDependencyInstrumentingArtifactTransform
[   +1 ms] Transforming kotlin-gradle-plugin-idea-1.9.0.jar (org.jetbrains.kotlin:kotlin-gradle-plugin-idea:1.9.0) with ExternalDependencyInstrumentingArtifactTransform
[        ] Transforming kotlin-project-model-1.9.0.jar (org.jetbrains.kotlin:kotlin-project-model:1.9.0) with ExternalDependencyInstrumentingArtifactTransform
[        ] Transforming kotlin-tooling-core-1.9.0.jar (org.jetbrains.kotlin:kotlin-tooling-core:1.9.0) with ExternalDependencyInstrumentingArtifactTransform
[        ] Transforming kotlin-klib-commonizer-api-1.9.0.jar (org.jetbrains.kotlin:kotlin-klib-commonizer-api:1.9.0) with ExternalDependencyInstrumentingArtifactTransform
[   +2 ms] Transforming kotlin-gradle-plugin-api-1.9.0-gradle81.jar (org.jetbrains.kotlin:kotlin-gradle-plugin-api:1.9.0) with ExternalDependencyInstrumentingArtifactTransform
[   +1 ms] Transforming kotlin-build-tools-api-1.9.0.jar (org.jetbrains.kotlin:kotlin-build-tools-api:1.9.0) with MergeInstrumentationAnalysisTransform
[   +1 ms] Transforming kotlin-android-extensions-1.9.0.jar (org.jetbrains.kotlin:kotlin-android-extensions:1.9.0) with InstrumentationAnalysisTransform
[ +188 ms] Transforming kotlin-android-extensions-1.9.0.jar (org.jetbrains.kotlin:kotlin-android-extensions:1.9.0) with MergeInstrumentationAnalysisTransform
[        ] Transforming kotlin-util-klib-1.9.0.jar (org.jetbrains.kotlin:kotlin-util-klib:1.9.0) with ExternalDependencyInstrumentingArtifactTransform
[        ] Transforming kotlin-compiler-runner-1.9.0.jar (org.jetbrains.kotlin:kotlin-compiler-runner:1.9.0) with InstrumentationAnalysisTransform
[        ] Transforming kotlin-compiler-runner-1.9.0.jar (org.jetbrains.kotlin:kotlin-compiler-runner:1.9.0) with MergeInstrumentationAnalysisTransform
[        ] Transforming kotlin-compiler-embeddable-1.9.0.jar (org.jetbrains.kotlin:kotlin-compiler-embeddable:1.9.0) with InstrumentationAnalysisTransform
[        ] Transforming kotlin-build-tools-api-1.9.0.jar (org.jetbrains.kotlin:kotlin-build-tools-api:1.9.0) with ExternalDependencyInstrumentingArtifactTransform
[        ] Transforming kotlin-compiler-embeddable-1.9.0.jar (org.jetbrains.kotlin:kotlin-compiler-embeddable:1.9.0) with MergeInstrumentationAnalysisTransform
[   +5 ms] Transforming kotlin-scripting-compiler-embeddable-1.9.0.jar (org.jetbrains.kotlin:kotlin-scripting-compiler-embeddable:1.9.0) with InstrumentationAnalysisTransform
[   +1 ms] Transforming kotlin-scripting-compiler-embeddable-1.9.0.jar (org.jetbrains.kotlin:kotlin-scripting-compiler-embeddable:1.9.0) with MergeInstrumentationAnalysisTransform
[        ] Transforming kotlin-android-extensions-1.9.0.jar (org.jetbrains.kotlin:kotlin-android-extensions:1.9.0) with ExternalDependencyInstrumentingArtifactTransform
[        ] Transforming kotlin-scripting-compiler-impl-embeddable-1.9.0.jar (org.jetbrains.kotlin:kotlin-scripting-compiler-impl-embeddable:1.9.0) with InstrumentationAnalysisTransform
[        ] Transforming kotlin-scripting-compiler-impl-embeddable-1.9.0.jar (org.jetbrains.kotlin:kotlin-scripting-compiler-impl-embeddable:1.9.0) with MergeInstrumentationAnalysisTransform
[ +240 ms] Transforming jimfs-1.1.jar (com.google.jimfs:jimfs:1.1) with InstrumentationAnalysisTransform
[        ] Transforming jimfs-1.1.jar (com.google.jimfs:jimfs:1.1) with MergeInstrumentationAnalysisTransform
[        ] Transforming kotlin-compiler-runner-1.9.0.jar (org.jetbrains.kotlin:kotlin-compiler-runner:1.9.0) with ExternalDependencyInstrumentingArtifactTransform
[        ] Transforming grpc-context-1.57.0.jar (io.grpc:grpc-context:1.57.0) with InstrumentationAnalysisTransform
[        ] Transforming grpc-context-1.57.0.jar (io.grpc:grpc-context:1.57.0) with MergeInstrumentationAnalysisTransform
[        ] Transforming grpc-protobuf-lite-1.57.0.jar (io.grpc:grpc-protobuf-lite:1.57.0) with InstrumentationAnalysisTransform
[        ] Transforming kotlin-compiler-embeddable-1.9.0.jar (org.jetbrains.kotlin:kotlin-compiler-embeddable:1.9.0) with ExternalDependencyInstrumentingArtifactTransform
[   +5 ms] Transforming grpc-protobuf-lite-1.57.0.jar (io.grpc:grpc-protobuf-lite:1.57.0) with MergeInstrumentationAnalysisTransform
[        ] Transforming grpc-api-1.57.0.jar (io.grpc:grpc-api:1.57.0) with InstrumentationAnalysisTransform
[        ] Transforming grpc-api-1.57.0.jar (io.grpc:grpc-api:1.57.0) with MergeInstrumentationAnalysisTransform
[        ] Transforming guava-32.0.1-jre.jar (com.google.guava:guava:32.0.1-jre) with InstrumentationAnalysisTransform
[   +9 ms] Transforming kotlin-scripting-compiler-embeddable-1.9.0.jar (org.jetbrains.kotlin:kotlin-scripting-compiler-embeddable:1.9.0) with ExternalDependencyInstrumentingArtifactTransform
[   +2 ms] Transforming guava-32.0.1-jre.jar (com.google.guava:guava:32.0.1-jre) with MergeInstrumentationAnalysisTransform
[        ] Transforming dagger-2.28.3.jar (com.google.dagger:dagger:2.28.3) with InstrumentationAnalysisTransform
[        ] Transforming dagger-2.28.3.jar (com.google.dagger:dagger:2.28.3) with MergeInstrumentationAnalysisTransform
[        ] Transforming javax.inject-1.jar (javax.inject:javax.inject:1) with InstrumentationAnalysisTransform
[        ] Transforming kotlin-scripting-compiler-impl-embeddable-1.9.0.jar (org.jetbrains.kotlin:kotlin-scripting-compiler-impl-embeddable:1.9.0) with ExternalDependencyInstrumentingArtifactTransform
[   +1 ms] Transforming javax.inject-1.jar (javax.inject:javax.inject:1) with MergeInstrumentationAnalysisTransform
[        ] Transforming bcprov-jdk15on-1.67.jar (org.bouncycastle:bcprov-jdk15on:1.67) with InstrumentationAnalysisTransform
[        ] Transforming bcprov-jdk15on-1.67.jar (org.bouncycastle:bcprov-jdk15on:1.67) with MergeInstrumentationAnalysisTransform
[  +74 ms] Transforming trove4j-1.0.20200330.jar (org.jetbrains.intellij.deps:trove4j:1.0.20200330) with InstrumentationAnalysisTransform
[        ] Transforming trove4j-1.0.20200330.jar (org.jetbrains.intellij.deps:trove4j:1.0.20200330) with MergeInstrumentationAnalysisTransform
[        ] Transforming commons-compress-1.21.jar (org.apache.commons:commons-compress:1.21) with InstrumentationAnalysisTransform
[        ] Transforming commons-compress-1.21.jar (org.apache.commons:commons-compress:1.21) with MergeInstrumentationAnalysisTransform
[        ] Transforming httpclient-4.5.14.jar (org.apache.httpcomponents:httpclient:4.5.14) with InstrumentationAnalysisTransform
[        ] Transforming httpclient-4.5.14.jar (org.apache.httpcomponents:httpclient:4.5.14) with MergeInstrumentationAnalysisTransform
[        ] Transforming httpcore-4.4.16.jar (org.apache.httpcomponents:httpcore:4.4.16) with InstrumentationAnalysisTransform
[        ] Transforming httpcore-4.4.16.jar (org.apache.httpcomponents:httpcore:4.4.16) with MergeInstrumentationAnalysisTransform
[        ] Transforming javax.activation-1.2.0.jar (com.sun.activation:javax.activation:1.2.0) with InstrumentationAnalysisTransform
[   +5 ms] Transforming javax.activation-1.2.0.jar (com.sun.activation:javax.activation:1.2.0) with MergeInstrumentationAnalysisTransform
[        ] Transforming annotations-23.0.0.jar (org.jetbrains:annotations:23.0.0) with InstrumentationAnalysisTransform
[ +113 ms] Transforming annotations-23.0.0.jar (org.jetbrains:annotations:23.0.0) with MergeInstrumentationAnalysisTransform
[        ] Transforming signflinger-8.3.0.jar (com.android:signflinger:8.3.0) with InstrumentationAnalysisTransform
[        ] Transforming signflinger-8.3.0.jar (com.android:signflinger:8.3.0) with MergeInstrumentationAnalysisTransform
[        ] Transforming zipflinger-8.3.0.jar (com.android:zipflinger:8.3.0) with InstrumentationAnalysisTransform
[        ] Transforming zipflinger-8.3.0.jar (com.android:zipflinger:8.3.0) with MergeInstrumentationAnalysisTransform
[        ] Transforming annotations-31.3.0.jar (com.android.tools:annotations:31.3.0) with InstrumentationAnalysisTransform
[        ] Transforming annotations-31.3.0.jar (com.android.tools:annotations:31.3.0) with MergeInstrumentationAnalysisTransform
[        ] Transforming jna-platform-5.6.0.jar (net.java.dev.jna:jna-platform:5.6.0) with InstrumentationAnalysisTransform
[   +2 ms] Transforming jna-platform-5.6.0.jar (net.java.dev.jna:jna-platform:5.6.0) with MergeInstrumentationAnalysisTransform
[        ] Transforming juniversalchardet-1.0.3.jar (com.googlecode.juniversalchardet:juniversalchardet:1.0.3) with InstrumentationAnalysisTransform
[        ] Transforming juniversalchardet-1.0.3.jar (com.googlecode.juniversalchardet:juniversalchardet:1.0.3) with MergeInstrumentationAnalysisTransform
[        ] Transforming javax.annotation-api-1.3.2.jar (javax.annotation:javax.annotation-api:1.3.2) with InstrumentationAnalysisTransform
[        ] Transforming javax.annotation-api-1.3.2.jar (javax.annotation:javax.annotation-api:1.3.2) with MergeInstrumentationAnalysisTransform
[        ] Transforming stax-ex-1.8.1.jar (org.jvnet.staxex:stax-ex:1.8.1) with InstrumentationAnalysisTransform
[        ] Transforming stax-ex-1.8.1.jar (org.jvnet.staxex:stax-ex:1.8.1) with MergeInstrumentationAnalysisTransform
[        ] Transforming jakarta.xml.bind-api-2.3.2.jar (jakarta.xml.bind:jakarta.xml.bind-api:2.3.2) with InstrumentationAnalysisTransform
[        ] Transforming jakarta.xml.bind-api-2.3.2.jar (jakarta.xml.bind:jakarta.xml.bind-api:2.3.2) with MergeInstrumentationAnalysisTransform
[   +1 ms] Transforming txw2-2.3.2.jar (org.glassfish.jaxb:txw2:2.3.2) with InstrumentationAnalysisTransform
[        ] Transforming txw2-2.3.2.jar (org.glassfish.jaxb:txw2:2.3.2) with MergeInstrumentationAnalysisTransform
[        ] Transforming istack-commons-runtime-3.0.8.jar (com.sun.istack:istack-commons-runtime:3.0.8) with InstrumentationAnalysisTransform
[        ] Transforming istack-commons-runtime-3.0.8.jar (com.sun.istack:istack-commons-runtime:3.0.8) with MergeInstrumentationAnalysisTransform
[        ] Transforming FastInfoset-1.2.16.jar (com.sun.xml.fastinfoset:FastInfoset:1.2.16) with InstrumentationAnalysisTransform
[        ] Transforming FastInfoset-1.2.16.jar (com.sun.xml.fastinfoset:FastInfoset:1.2.16) with MergeInstrumentationAnalysisTransform
[        ] Transforming jakarta.activation-api-1.2.1.jar (jakarta.activation:jakarta.activation-api:1.2.1) with InstrumentationAnalysisTransform
[        ] Transforming jakarta.activation-api-1.2.1.jar (jakarta.activation:jakarta.activation-api:1.2.1) with MergeInstrumentationAnalysisTransform
[   +1 ms] Transforming auto-value-annotations-1.6.2.jar (com.google.auto.value:auto-value-annotations:1.6.2) with InstrumentationAnalysisTransform
[        ] Transforming auto-value-annotations-1.6.2.jar (com.google.auto.value:auto-value-annotations:1.6.2) with MergeInstrumentationAnalysisTransform
[        ] Transforming error_prone_annotations-2.18.0.jar (com.google.errorprone:error_prone_annotations:2.18.0) with InstrumentationAnalysisTransform
[        ] Transforming error_prone_annotations-2.18.0.jar (com.google.errorprone:error_prone_annotations:2.18.0) with MergeInstrumentationAnalysisTransform
[        ] Transforming jose4j-0.7.0.jar (org.bitbucket.b_c:jose4j:0.7.0) with InstrumentationAnalysisTransform
[        ] Transforming jose4j-0.7.0.jar (org.bitbucket.b_c:jose4j:0.7.0) with MergeInstrumentationAnalysisTransform
[  +90 ms] Transforming slf4j-api-1.7.30.jar (org.slf4j:slf4j-api:1.7.30) with InstrumentationAnalysisTransform
[        ] Transforming slf4j-api-1.7.30.jar (org.slf4j:slf4j-api:1.7.30) with MergeInstrumentationAnalysisTransform
[        ] Transforming jdom2-2.0.6.jar (org.jdom:jdom2:2.0.6) with InstrumentationAnalysisTransform
[        ] Transforming jdom2-2.0.6.jar (org.jdom:jdom2:2.0.6) with MergeInstrumentationAnalysisTransform
[        ] Transforming jsr305-3.0.2.jar (com.google.code.findbugs:jsr305:3.0.2) with InstrumentationAnalysisTransform
[        ] Transforming jsr305-3.0.2.jar (com.google.code.findbugs:jsr305:3.0.2) with MergeInstrumentationAnalysisTransform
[        ] Transforming j2objc-annotations-2.8.jar (com.google.j2objc:j2objc-annotations:2.8) with InstrumentationAnalysisTransform
[        ] Transforming j2objc-annotations-2.8.jar (com.google.j2objc:j2objc-annotations:2.8) with MergeInstrumentationAnalysisTransform
[        ] Transforming annotations-4.1.1.4.jar (com.google.android:annotations:4.1.1.4) with InstrumentationAnalysisTransform
[        ] Transforming annotations-4.1.1.4.jar (com.google.android:annotations:4.1.1.4) with MergeInstrumentationAnalysisTransform
[        ] Transforming animal-sniffer-annotations-1.23.jar (org.codehaus.mojo:animal-sniffer-annotations:1.23) with InstrumentationAnalysisTransform
[        ] Transforming animal-sniffer-annotations-1.23.jar (org.codehaus.mojo:animal-sniffer-annotations:1.23) with MergeInstrumentationAnalysisTransform
[   +6 ms] Transforming perfmark-api-0.26.0.jar (io.perfmark:perfmark-api:0.26.0) with InstrumentationAnalysisTransform
[        ] Transforming perfmark-api-0.26.0.jar (io.perfmark:perfmark-api:0.26.0) with MergeInstrumentationAnalysisTransform
[        ] Transforming netty-codec-http2-4.1.93.Final.jar (io.netty:netty-codec-http2:4.1.93.Final) with InstrumentationAnalysisTransform
[        ] Transforming netty-codec-http2-4.1.93.Final.jar (io.netty:netty-codec-http2:4.1.93.Final) with MergeInstrumentationAnalysisTransform
[   +1 ms] Transforming netty-handler-proxy-4.1.93.Final.jar (io.netty:netty-handler-proxy:4.1.93.Final) with InstrumentationAnalysisTransform
[        ] Transforming netty-handler-proxy-4.1.93.Final.jar (io.netty:netty-handler-proxy:4.1.93.Final) with MergeInstrumentationAnalysisTransform
[        ] Transforming netty-codec-http-4.1.93.Final.jar (io.netty:netty-codec-http:4.1.93.Final) with InstrumentationAnalysisTransform
[        ] Transforming netty-codec-http-4.1.93.Final.jar (io.netty:netty-codec-http:4.1.93.Final) with MergeInstrumentationAnalysisTransform
[  +45 ms] Transforming netty-handler-4.1.93.Final.jar (io.netty:netty-handler:4.1.93.Final) with InstrumentationAnalysisTransform
[        ] Transforming netty-handler-4.1.93.Final.jar (io.netty:netty-handler:4.1.93.Final) with MergeInstrumentationAnalysisTransform
[        ] Transforming netty-transport-native-unix-common-4.1.93.Final.jar (io.netty:netty-transport-native-unix-common:4.1.93.Final) with InstrumentationAnalysisTransform
[        ] Transforming netty-transport-native-unix-common-4.1.93.Final.jar (io.netty:netty-transport-native-unix-common:4.1.93.Final) with MergeInstrumentationAnalysisTransform
[        ] Transforming checker-qual-3.33.0.jar (org.checkerframework:checker-qual:3.33.0) with InstrumentationAnalysisTransform
[        ] Transforming checker-qual-3.33.0.jar (org.checkerframework:checker-qual:3.33.0) with MergeInstrumentationAnalysisTransform
[        ] Transforming commons-codec-1.11.jar (commons-codec:commons-codec:1.11) with InstrumentationAnalysisTransform
[        ] Transforming commons-codec-1.11.jar (commons-codec:commons-codec:1.11) with MergeInstrumentationAnalysisTransform
[   +4 ms] Transforming apksig-8.3.0.jar (com.android.tools.build:apksig:8.3.0) with InstrumentationAnalysisTransform
[        ] Transforming apksig-8.3.0.jar (com.android.tools.build:apksig:8.3.0) with MergeInstrumentationAnalysisTransform
[        ] Transforming javawriter-2.5.0.jar (com.squareup:javawriter:2.5.0) with InstrumentationAnalysisTransform
[+2227 ms] Transforming javawriter-2.5.0.jar (com.squareup:javawriter:2.5.0) with MergeInstrumentationAnalysisTransform
[        ] Transforming kotlin-gradle-plugin-annotations-1.9.0.jar (org.jetbrains.kotlin:kotlin-gradle-plugin-annotations:1.9.0) with InstrumentationAnalysisTransform
[        ] Transforming kotlin-gradle-plugin-annotations-1.9.0.jar (org.jetbrains.kotlin:kotlin-gradle-plugin-annotations:1.9.0) with MergeInstrumentationAnalysisTransform
[        ] Transforming kotlin-util-io-1.9.0.jar (org.jetbrains.kotlin:kotlin-util-io:1.9.0) with InstrumentationAnalysisTransform
[        ] Transforming kotlin-util-io-1.9.0.jar (org.jetbrains.kotlin:kotlin-util-io:1.9.0) with MergeInstrumentationAnalysisTransform
[        ] Transforming kotlin-daemon-embeddable-1.9.0.jar (org.jetbrains.kotlin:kotlin-daemon-embeddable:1.9.0) with InstrumentationAnalysisTransform
[  +47 ms] Transforming kotlin-daemon-embeddable-1.9.0.jar (org.jetbrains.kotlin:kotlin-daemon-embeddable:1.9.0) with MergeInstrumentationAnalysisTransform
[        ] Transforming kotlin-daemon-client-1.9.0.jar (org.jetbrains.kotlin:kotlin-daemon-client:1.9.0) with InstrumentationAnalysisTransform
[        ] Transforming kotlin-daemon-client-1.9.0.jar (org.jetbrains.kotlin:kotlin-daemon-client:1.9.0) with MergeInstrumentationAnalysisTransform
[        ] Transforming kotlinx-coroutines-core-jvm-1.5.0.jar (org.jetbrains.kotlinx:kotlinx-coroutines-core-jvm:1.5.0) with InstrumentationAnalysisTransform
[        ] Transforming kotlinx-coroutines-core-jvm-1.5.0.jar (org.jetbrains.kotlinx:kotlinx-coroutines-core-jvm:1.5.0) with MergeInstrumentationAnalysisTransform
[        ] Transforming kotlin-scripting-jvm-1.9.0.jar (org.jetbrains.kotlin:kotlin-scripting-jvm:1.9.0) with InstrumentationAnalysisTransform
[        ] Transforming kotlin-scripting-jvm-1.9.0.jar (org.jetbrains.kotlin:kotlin-scripting-jvm:1.9.0) with MergeInstrumentationAnalysisTransform
[  +68 ms] Transforming kotlin-scripting-common-1.9.0.jar (org.jetbrains.kotlin:kotlin-scripting-common:1.9.0) with InstrumentationAnalysisTransform
[        ] Transforming kotlin-scripting-common-1.9.0.jar (org.jetbrains.kotlin:kotlin-scripting-common:1.9.0) with MergeInstrumentationAnalysisTransform
[        ] Transforming failureaccess-1.0.1.jar (com.google.guava:failureaccess:1.0.1) with InstrumentationAnalysisTransform
[        ] Transforming failureaccess-1.0.1.jar (com.google.guava:failureaccess:1.0.1) with MergeInstrumentationAnalysisTransform
[        ] Transforming listenablefuture-9999.0-empty-to-avoid-conflict-with-guava.jar (com.google.guava:listenablefuture:9999.0-empty-to-avoid-conflict-with-guava) with InstrumentationAnalysisTransform
[        ] Transforming listenablefuture-9999.0-empty-to-avoid-conflict-with-guava.jar (com.google.guava:listenablefuture:9999.0-empty-to-avoid-conflict-with-guava) with MergeInstrumentationAnalysisTransform
[        ] Transforming commons-logging-1.2.jar (commons-logging:commons-logging:1.2) with InstrumentationAnalysisTransform
[        ] Transforming commons-logging-1.2.jar (commons-logging:commons-logging:1.2) with MergeInstrumentationAnalysisTransform
[  +65 ms] Transforming jna-5.6.0.jar (net.java.dev.jna:jna:5.6.0) with InstrumentationAnalysisTransform
[        ] Transforming jna-5.6.0.jar (net.java.dev.jna:jna:5.6.0) with MergeInstrumentationAnalysisTransform
[        ] Transforming netty-codec-socks-4.1.93.Final.jar (io.netty:netty-codec-socks:4.1.93.Final) with InstrumentationAnalysisTransform
[        ] Transforming netty-codec-socks-4.1.93.Final.jar (io.netty:netty-codec-socks:4.1.93.Final) with MergeInstrumentationAnalysisTransform
[        ] Transforming netty-codec-4.1.93.Final.jar (io.netty:netty-codec:4.1.93.Final) with InstrumentationAnalysisTransform
[        ] Transforming netty-codec-4.1.93.Final.jar (io.netty:netty-codec:4.1.93.Final) with MergeInstrumentationAnalysisTransform
[        ] Transforming netty-transport-4.1.93.Final.jar (io.netty:netty-transport:4.1.93.Final) with InstrumentationAnalysisTransform
[+1715 ms] Transforming netty-transport-4.1.93.Final.jar (io.netty:netty-transport:4.1.93.Final) with MergeInstrumentationAnalysisTransform
[        ] Transforming netty-buffer-4.1.93.Final.jar (io.netty:netty-buffer:4.1.93.Final) with InstrumentationAnalysisTransform
[        ] Transforming netty-buffer-4.1.93.Final.jar (io.netty:netty-buffer:4.1.93.Final) with MergeInstrumentationAnalysisTransform
[        ] Transforming netty-resolver-4.1.93.Final.jar (io.netty:netty-resolver:4.1.93.Final) with InstrumentationAnalysisTransform
[        ] Transforming netty-resolver-4.1.93.Final.jar (io.netty:netty-resolver:4.1.93.Final) with MergeInstrumentationAnalysisTransform
[        ] Transforming netty-common-4.1.93.Final.jar (io.netty:netty-common:4.1.93.Final) with InstrumentationAnalysisTransform
[        ] Transforming netty-common-4.1.93.Final.jar (io.netty:netty-common:4.1.93.Final) with MergeInstrumentationAnalysisTransform
[        ] Transforming grpc-context-1.57.0.jar (io.grpc:grpc-context:1.57.0) with ExternalDependencyInstrumentingArtifactTransform
[        ] Transforming grpc-protobuf-lite-1.57.0.jar (io.grpc:grpc-protobuf-lite:1.57.0) with ExternalDependencyInstrumentingArtifactTransform
[        ] Transforming grpc-api-1.57.0.jar (io.grpc:grpc-api:1.57.0) with ExternalDependencyInstrumentingArtifactTransform
[        ] Transforming guava-32.0.1-jre.jar (com.google.guava:guava:32.0.1-jre) with ExternalDependencyInstrumentingArtifactTransform
[   +3 ms] Transforming dagger-2.28.3.jar (com.google.dagger:dagger:2.28.3) with ExternalDependencyInstrumentingArtifactTransform
[        ] Transforming javax.inject-1.jar (javax.inject:javax.inject:1) with ExternalDependencyInstrumentingArtifactTransform
[        ] Transforming bcprov-jdk15on-1.67.jar (org.bouncycastle:bcprov-jdk15on:1.67) with ExternalDependencyInstrumentingArtifactTransform
[        ] Transforming trove4j-1.0.20200330.jar (org.jetbrains.intellij.deps:trove4j:1.0.20200330) with ExternalDependencyInstrumentingArtifactTransform
[        ] Transforming commons-compress-1.21.jar (org.apache.commons:commons-compress:1.21) with ExternalDependencyInstrumentingArtifactTransform
[        ] Transforming httpclient-4.5.14.jar (org.apache.httpcomponents:httpclient:4.5.14) with ExternalDependencyInstrumentingArtifactTransform
[        ] Transforming httpcore-4.4.16.jar (org.apache.httpcomponents:httpcore:4.4.16) with ExternalDependencyInstrumentingArtifactTransform
[        ] Transforming javax.activation-1.2.0.jar (com.sun.activation:javax.activation:1.2.0) with ExternalDependencyInstrumentingArtifactTransform
[   +9 ms] Transforming annotations-23.0.0.jar (org.jetbrains:annotations:23.0.0) with ExternalDependencyInstrumentingArtifactTransform
[        ] Transforming signflinger-8.3.0.jar (com.android:signflinger:8.3.0) with ExternalDependencyInstrumentingArtifactTransform
[        ] Transforming zipflinger-8.3.0.jar (com.android:zipflinger:8.3.0) with ExternalDependencyInstrumentingArtifactTransform
[        ] Transforming annotations-31.3.0.jar (com.android.tools:annotations:31.3.0) with ExternalDependencyInstrumentingArtifactTransform
[        ] Transforming jna-platform-5.6.0.jar (net.java.dev.jna:jna-platform:5.6.0) with ExternalDependencyInstrumentingArtifactTransform
[        ] Transforming juniversalchardet-1.0.3.jar (com.googlecode.juniversalchardet:juniversalchardet:1.0.3) with ExternalDependencyInstrumentingArtifactTransform
[        ] Transforming javax.annotation-api-1.3.2.jar (javax.annotation:javax.annotation-api:1.3.2) with ExternalDependencyInstrumentingArtifactTransform
[        ] Transforming stax-ex-1.8.1.jar (org.jvnet.staxex:stax-ex:1.8.1) with ExternalDependencyInstrumentingArtifactTransform
[   +1 ms] Transforming jakarta.xml.bind-api-2.3.2.jar (jakarta.xml.bind:jakarta.xml.bind-api:2.3.2) with ExternalDependencyInstrumentingArtifactTransform
[        ] Transforming txw2-2.3.2.jar (org.glassfish.jaxb:txw2:2.3.2) with ExternalDependencyInstrumentingArtifactTransform
[        ] Transforming istack-commons-runtime-3.0.8.jar (com.sun.istack:istack-commons-runtime:3.0.8) with ExternalDependencyInstrumentingArtifactTransform
[ +120 ms] Transforming FastInfoset-1.2.16.jar (com.sun.xml.fastinfoset:FastInfoset:1.2.16) with ExternalDependencyInstrumentingArtifactTransform
[        ] Transforming jakarta.activation-api-1.2.1.jar (jakarta.activation:jakarta.activation-api:1.2.1) with ExternalDependencyInstrumentingArtifactTransform
[        ] Transforming auto-value-annotations-1.6.2.jar (com.google.auto.value:auto-value-annotations:1.6.2) with ExternalDependencyInstrumentingArtifactTransform
[        ] Transforming error_prone_annotations-2.18.0.jar (com.google.errorprone:error_prone_annotations:2.18.0) with ExternalDependencyInstrumentingArtifactTransform
[        ] Transforming kotlin-gradle-plugin-model-1.9.0.jar (org.jetbrains.kotlin:kotlin-gradle-plugin-model:1.9.0) with ExternalDependencyInstrumentingArtifactTransform
[        ] Transforming slf4j-api-1.7.30.jar (org.slf4j:slf4j-api:1.7.30) with ExternalDependencyInstrumentingArtifactTransform
[        ] Transforming jdom2-2.0.6.jar (org.jdom:jdom2:2.0.6) with ExternalDependencyInstrumentingArtifactTransform
[        ] Transforming jsr305-3.0.2.jar (com.google.code.findbugs:jsr305:3.0.2) with ExternalDependencyInstrumentingArtifactTransform
[        ] Transforming j2objc-annotations-2.8.jar (com.google.j2objc:j2objc-annotations:2.8) with ExternalDependencyInstrumentingArtifactTransform
[        ] Transforming annotations-4.1.1.4.jar (com.google.android:annotations:4.1.1.4) with ExternalDependencyInstrumentingArtifactTransform
[        ] Transforming animal-sniffer-annotations-1.23.jar (org.codehaus.mojo:animal-sniffer-annotations:1.23) with ExternalDependencyInstrumentingArtifactTransform
[   +1 ms] Transforming perfmark-api-0.26.0.jar (io.perfmark:perfmark-api:0.26.0) with ExternalDependencyInstrumentingArtifactTransform
[        ] Transforming netty-codec-http2-4.1.93.Final.jar (io.netty:netty-codec-http2:4.1.93.Final) with ExternalDependencyInstrumentingArtifactTransform
[  +33 ms] Transforming netty-handler-proxy-4.1.93.Final.jar (io.netty:netty-handler-proxy:4.1.93.Final) with ExternalDependencyInstrumentingArtifactTransform
[        ] Transforming netty-codec-http-4.1.93.Final.jar (io.netty:netty-codec-http:4.1.93.Final) with ExternalDependencyInstrumentingArtifactTransform
[        ] Transforming netty-handler-4.1.93.Final.jar (io.netty:netty-handler:4.1.93.Final) with ExternalDependencyInstrumentingArtifactTransform
[        ] Transforming netty-transport-native-unix-common-4.1.93.Final.jar (io.netty:netty-transport-native-unix-common:4.1.93.Final) with ExternalDependencyInstrumentingArtifactTransform
[        ] Transforming checker-qual-3.33.0.jar (org.checkerframework:checker-qual:3.33.0) with ExternalDependencyInstrumentingArtifactTransform
[        ] Transforming commons-codec-1.11.jar (commons-codec:commons-codec:1.11) with ExternalDependencyInstrumentingArtifactTransform
[        ] Transforming apksig-8.3.0.jar (com.android.tools.build:apksig:8.3.0) with ExternalDependencyInstrumentingArtifactTransform
[        ] Transforming javawriter-2.5.0.jar (com.squareup:javawriter:2.5.0) with ExternalDependencyInstrumentingArtifactTransform
[   +2 ms] Transforming kotlin-gradle-plugin-annotations-1.9.0.jar (org.jetbrains.kotlin:kotlin-gradle-plugin-annotations:1.9.0) with ExternalDependencyInstrumentingArtifactTransform
[        ] Transforming kotlin-util-io-1.9.0.jar (org.jetbrains.kotlin:kotlin-util-io:1.9.0) with ExternalDependencyInstrumentingArtifactTransform
[        ] Transforming kotlin-daemon-embeddable-1.9.0.jar (org.jetbrains.kotlin:kotlin-daemon-embeddable:1.9.0) with ExternalDependencyInstrumentingArtifactTransform
[        ] Transforming kotlin-daemon-client-1.9.0.jar (org.jetbrains.kotlin:kotlin-daemon-client:1.9.0) with ExternalDependencyInstrumentingArtifactTransform
[        ] Transforming kotlinx-coroutines-core-jvm-1.5.0.jar (org.jetbrains.kotlinx:kotlinx-coroutines-core-jvm:1.5.0) with ExternalDependencyInstrumentingArtifactTransform
[ +195 ms] Transforming kotlin-scripting-jvm-1.9.0.jar (org.jetbrains.kotlin:kotlin-scripting-jvm:1.9.0) with ExternalDependencyInstrumentingArtifactTransform
[        ] Transforming kotlin-scripting-common-1.9.0.jar (org.jetbrains.kotlin:kotlin-scripting-common:1.9.0) with ExternalDependencyInstrumentingArtifactTransform
[        ] Transforming failureaccess-1.0.1.jar (com.google.guava:failureaccess:1.0.1) with ExternalDependencyInstrumentingArtifactTransform
[        ] Transforming listenablefuture-9999.0-empty-to-avoid-conflict-with-guava.jar (com.google.guava:listenablefuture:9999.0-empty-to-avoid-conflict-with-guava) with ExternalDependencyInstrumentingArtifactTransform
[        ] Transforming commons-logging-1.2.jar (commons-logging:commons-logging:1.2) with ExternalDependencyInstrumentingArtifactTransform
[        ] Transforming jna-5.6.0.jar (net.java.dev.jna:jna:5.6.0) with ExternalDependencyInstrumentingArtifactTransform
[        ] Transforming netty-codec-socks-4.1.93.Final.jar (io.netty:netty-codec-socks:4.1.93.Final) with ExternalDependencyInstrumentingArtifactTransform
[        ] Transforming netty-codec-4.1.93.Final.jar (io.netty:netty-codec:4.1.93.Final) with ExternalDependencyInstrumentingArtifactTransform
[        ] Transforming netty-transport-4.1.93.Final.jar (io.netty:netty-transport:4.1.93.Final) with ExternalDependencyInstrumentingArtifactTransform
[        ] Transforming netty-buffer-4.1.93.Final.jar (io.netty:netty-buffer:4.1.93.Final) with ExternalDependencyInstrumentingArtifactTransform
[   +2 ms] Transforming netty-resolver-4.1.93.Final.jar (io.netty:netty-resolver:4.1.93.Final) with ExternalDependencyInstrumentingArtifactTransform
[        ] Transforming netty-common-4.1.93.Final.jar (io.netty:netty-common:4.1.93.Final) with ExternalDependencyInstrumentingArtifactTransform
[        ] Transforming jimfs-1.1.jar (com.google.jimfs:jimfs:1.1) with ExternalDependencyInstrumentingArtifactTransform
[        ] Transforming kotlin-native-utils-1.9.0.jar (org.jetbrains.kotlin:kotlin-native-utils:1.9.0) with ExternalDependencyInstrumentingArtifactTransform
[        ] Transforming jose4j-0.7.0.jar (org.bitbucket.b_c:jose4j:0.7.0) with ExternalDependencyInstrumentingArtifactTransform
[        ] Invalidating in-memory cache of C:\Users\haris\.gradle\caches\8.9\fileHashes\fileHashes.bin
[        ] Invalidating in-memory cache of C:\Users\haris\.gradle\caches\8.9\fileHashes\resourceHashesCache.bin
[        ] > Configure project :gradle
[        ] Evaluating project ':gradle' using build file 'D:\flutter\packages\flutter_tools\gradle\build.gradle.kts'.
[        ] Transforming gradle-kotlin-dsl-plugins-4.4.0.jar (org.gradle.kotlin:gradle-kotlin-dsl-plugins:4.4.0) with InstrumentationAnalysisTransform
[        ] Transforming kotlin-stdlib-1.9.23.jar (org.jetbrains.kotlin:kotlin-stdlib:1.9.23) with InstrumentationAnalysisTransform
[        ] Transforming annotations-13.0.jar (org.jetbrains:annotations:13.0) with InstrumentationAnalysisTransform
[   +1 ms] Transforming kotlin-sam-with-receiver-1.9.23-gradle82.jar (org.jetbrains.kotlin:kotlin-sam-with-receiver:1.9.23) with InstrumentationAnalysisTransform
[        ] Transforming kotlin-assignment-1.9.23-gradle82.jar (org.jetbrains.kotlin:kotlin-assignment:1.9.23) with InstrumentationAnalysisTransform
[   +4 ms] Transforming kotlin-gradle-plugin-model-1.9.23.jar (org.jetbrains.kotlin:kotlin-gradle-plugin-model:1.9.23) with InstrumentationAnalysisTransform
[        ] Transforming kotlin-gradle-plugin-api-1.9.23.jar (org.jetbrains.kotlin:kotlin-gradle-plugin-api:1.9.23) with InstrumentationAnalysisTransform
[        ] Transforming kotlin-gradle-plugin-api-1.9.23-gradle82.jar (org.jetbrains.kotlin:kotlin-gradle-plugin-api:1.9.23) with InstrumentationAnalysisTransform
[        ] Transforming kotlin-gradle-plugin-1.9.23-gradle82.jar (org.jetbrains.kotlin:kotlin-gradle-plugin:1.9.23) with InstrumentationAnalysisTransform
[   +2 ms] Transforming kotlin-gradle-plugin-idea-proto-1.9.23.jar (org.jetbrains.kotlin:kotlin-gradle-plugin-idea-proto:1.9.23) with InstrumentationAnalysisTransform
[ +154 ms] Transforming kotlin-gradle-plugin-idea-1.9.23.jar (org.jetbrains.kotlin:kotlin-gradle-plugin-idea:1.9.23) with InstrumentationAnalysisTransform
[        ] Transforming kotlin-klib-commonizer-api-1.9.23.jar (org.jetbrains.kotlin:kotlin-klib-commonizer-api:1.9.23) with InstrumentationAnalysisTransform
[        ] Transforming kotlin-native-utils-1.9.23.jar (org.jetbrains.kotlin:kotlin-native-utils:1.9.23) with InstrumentationAnalysisTransform
[        ] Transforming kotlin-util-klib-1.9.23.jar (org.jetbrains.kotlin:kotlin-util-klib:1.9.23) with InstrumentationAnalysisTransform
[        ] Transforming kotlin-build-tools-api-1.9.23.jar (org.jetbrains.kotlin:kotlin-build-tools-api:1.9.23) with InstrumentationAnalysisTransform
[        ] Transforming kotlin-android-extensions-1.9.23.jar (org.jetbrains.kotlin:kotlin-android-extensions:1.9.23) with InstrumentationAnalysisTransform
[        ] Transforming kotlin-compiler-runner-1.9.23.jar (org.jetbrains.kotlin:kotlin-compiler-runner:1.9.23) with InstrumentationAnalysisTransform
[        ] Transforming kotlin-compiler-embeddable-1.9.23.jar (org.jetbrains.kotlin:kotlin-compiler-embeddable:1.9.23) with InstrumentationAnalysisTransform
[        ] Transforming kotlin-scripting-compiler-embeddable-1.9.23.jar (org.jetbrains.kotlin:kotlin-scripting-compiler-embeddable:1.9.23) with InstrumentationAnalysisTransform
[        ] Transforming kotlin-scripting-compiler-impl-embeddable-1.9.23.jar (org.jetbrains.kotlin:kotlin-scripting-compiler-impl-embeddable:1.9.23) with InstrumentationAnalysisTransform
[        ] Transforming kotlin-gradle-plugin-annotations-1.9.23.jar (org.jetbrains.kotlin:kotlin-gradle-plugin-annotations:1.9.23) with InstrumentationAnalysisTransform
[        ] Transforming kotlin-project-model-1.9.23.jar (org.jetbrains.kotlin:kotlin-project-model:1.9.23) with InstrumentationAnalysisTransform
[        ] Transforming kotlin-tooling-core-1.9.23.jar (org.jetbrains.kotlin:kotlin-tooling-core:1.9.23) with InstrumentationAnalysisTransform
[        ] Transforming kotlin-util-io-1.9.23.jar (org.jetbrains.kotlin:kotlin-util-io:1.9.23) with InstrumentationAnalysisTransform
[   +3 ms] Transforming kotlin-daemon-embeddable-1.9.23.jar (org.jetbrains.kotlin:kotlin-daemon-embeddable:1.9.23) with InstrumentationAnalysisTransform
[        ] Transforming trove4j-1.0.20200330.jar (org.jetbrains.intellij.deps:trove4j:1.0.20200330) with InstrumentationAnalysisTransform
[        ] Transforming kotlin-daemon-client-1.9.23.jar (org.jetbrains.kotlin:kotlin-daemon-client:1.9.23) with InstrumentationAnalysisTransform
[        ] Transforming kotlinx-coroutines-core-jvm-1.5.0.jar (org.jetbrains.kotlinx:kotlinx-coroutines-core-jvm:1.5.0) with InstrumentationAnalysisTransform
[        ] Transforming kotlin-scripting-jvm-1.9.23.jar (org.jetbrains.kotlin:kotlin-scripting-jvm:1.9.23) with InstrumentationAnalysisTransform
[        ] Transforming kotlin-scripting-common-1.9.23.jar (org.jetbrains.kotlin:kotlin-scripting-common:1.9.23) with InstrumentationAnalysisTransform
[        ] Transforming gradle-kotlin-dsl-plugins-4.4.0.jar (org.gradle.kotlin:gradle-kotlin-dsl-plugins:4.4.0) with InstrumentationAnalysisTransform
[        ] Transforming gradle-kotlin-dsl-plugins-4.4.0.jar (org.gradle.kotlin:gradle-kotlin-dsl-plugins:4.4.0) with MergeInstrumentationAnalysisTransform
[   +1 ms] Transforming kotlin-stdlib-1.9.23.jar (org.jetbrains.kotlin:kotlin-stdlib:1.9.23) with InstrumentationAnalysisTransform
[        ] Transforming kotlin-stdlib-1.9.23.jar (org.jetbrains.kotlin:kotlin-stdlib:1.9.23) with MergeInstrumentationAnalysisTransform
[        ] Transforming annotations-13.0.jar (org.jetbrains:annotations:13.0) with InstrumentationAnalysisTransform
[        ] Transforming annotations-13.0.jar (org.jetbrains:annotations:13.0) with MergeInstrumentationAnalysisTransform
[        ] Transforming kotlin-sam-with-receiver-1.9.23-gradle82.jar (org.jetbrains.kotlin:kotlin-sam-with-receiver:1.9.23) with InstrumentationAnalysisTransform
[        ] Transforming kotlin-sam-with-receiver-1.9.23-gradle82.jar (org.jetbrains.kotlin:kotlin-sam-with-receiver:1.9.23) with MergeInstrumentationAnalysisTransform
[+1789 ms] Transforming kotlin-assignment-1.9.23-gradle82.jar (org.jetbrains.kotlin:kotlin-assignment:1.9.23) with InstrumentationAnalysisTransform
[        ] Transforming kotlin-assignment-1.9.23-gradle82.jar (org.jetbrains.kotlin:kotlin-assignment:1.9.23) with MergeInstrumentationAnalysisTransform
[   +1 ms] Transforming kotlin-gradle-plugin-model-1.9.23.jar (org.jetbrains.kotlin:kotlin-gradle-plugin-model:1.9.23) with InstrumentationAnalysisTransform
[        ] Transforming kotlin-gradle-plugin-model-1.9.23.jar (org.jetbrains.kotlin:kotlin-gradle-plugin-model:1.9.23) with MergeInstrumentationAnalysisTransform
[        ] Transforming kotlin-gradle-plugin-api-1.9.23.jar (org.jetbrains.kotlin:kotlin-gradle-plugin-api:1.9.23) with InstrumentationAnalysisTransform
[   +1 ms] Transforming kotlin-gradle-plugin-api-1.9.23.jar (org.jetbrains.kotlin:kotlin-gradle-plugin-api:1.9.23) with MergeInstrumentationAnalysisTransform
[        ] Transforming kotlin-gradle-plugin-api-1.9.23-gradle82.jar (org.jetbrains.kotlin:kotlin-gradle-plugin-api:1.9.23) with InstrumentationAnalysisTransform
[        ] Transforming kotlin-gradle-plugin-api-1.9.23-gradle82.jar (org.jetbrains.kotlin:kotlin-gradle-plugin-api:1.9.23) with MergeInstrumentationAnalysisTransform
[        ] Transforming kotlin-gradle-plugin-1.9.23-gradle82.jar (org.jetbrains.kotlin:kotlin-gradle-plugin:1.9.23) with InstrumentationAnalysisTransform
[   +9 ms] Transforming kotlin-gradle-plugin-1.9.23-gradle82.jar (org.jetbrains.kotlin:kotlin-gradle-plugin:1.9.23) with MergeInstrumentationAnalysisTransform
[        ] Transforming kotlin-gradle-plugin-idea-proto-1.9.23.jar (org.jetbrains.kotlin:kotlin-gradle-plugin-idea-proto:1.9.23) with InstrumentationAnalysisTransform
[        ] Transforming kotlin-gradle-plugin-idea-proto-1.9.23.jar (org.jetbrains.kotlin:kotlin-gradle-plugin-idea-proto:1.9.23) with MergeInstrumentationAnalysisTransform
[        ] Transforming kotlin-gradle-plugin-idea-1.9.23.jar (org.jetbrains.kotlin:kotlin-gradle-plugin-idea:1.9.23) with InstrumentationAnalysisTransform
[        ] Transforming kotlin-gradle-plugin-idea-1.9.23.jar (org.jetbrains.kotlin:kotlin-gradle-plugin-idea:1.9.23) with MergeInstrumentationAnalysisTransform
[        ] Transforming kotlin-klib-commonizer-api-1.9.23.jar (org.jetbrains.kotlin:kotlin-klib-commonizer-api:1.9.23) with InstrumentationAnalysisTransform
[        ] Transforming kotlin-klib-commonizer-api-1.9.23.jar (org.jetbrains.kotlin:kotlin-klib-commonizer-api:1.9.23) with MergeInstrumentationAnalysisTransform
[        ] Transforming kotlin-native-utils-1.9.23.jar (org.jetbrains.kotlin:kotlin-native-utils:1.9.23) with InstrumentationAnalysisTransform
[        ] Transforming kotlin-native-utils-1.9.23.jar (org.jetbrains.kotlin:kotlin-native-utils:1.9.23) with MergeInstrumentationAnalysisTransform
[        ] Transforming kotlin-util-klib-1.9.23.jar (org.jetbrains.kotlin:kotlin-util-klib:1.9.23) with InstrumentationAnalysisTransform
[        ] Transforming kotlin-util-klib-1.9.23.jar (org.jetbrains.kotlin:kotlin-util-klib:1.9.23) with MergeInstrumentationAnalysisTransform
[        ] Transforming kotlin-build-tools-api-1.9.23.jar (org.jetbrains.kotlin:kotlin-build-tools-api:1.9.23) with InstrumentationAnalysisTransform
[        ] Transforming kotlin-build-tools-api-1.9.23.jar (org.jetbrains.kotlin:kotlin-build-tools-api:1.9.23) with MergeInstrumentationAnalysisTransform
[        ] Transforming kotlin-android-extensions-1.9.23.jar (org.jetbrains.kotlin:kotlin-android-extensions:1.9.23) with InstrumentationAnalysisTransform
[        ] Transforming kotlin-android-extensions-1.9.23.jar (org.jetbrains.kotlin:kotlin-android-extensions:1.9.23) with MergeInstrumentationAnalysisTransform
[   +2 ms] Transforming kotlin-compiler-runner-1.9.23.jar (org.jetbrains.kotlin:kotlin-compiler-runner:1.9.23) with InstrumentationAnalysisTransform
[        ] Transforming kotlin-compiler-runner-1.9.23.jar (org.jetbrains.kotlin:kotlin-compiler-runner:1.9.23) with MergeInstrumentationAnalysisTransform
[+2657 ms] Transforming kotlin-compiler-embeddable-1.9.23.jar (org.jetbrains.kotlin:kotlin-compiler-embeddable:1.9.23) with InstrumentationAnalysisTransform
[        ] Transforming kotlin-compiler-embeddable-1.9.23.jar (org.jetbrains.kotlin:kotlin-compiler-embeddable:1.9.23) with MergeInstrumentationAnalysisTransform
[        ] Transforming kotlin-scripting-compiler-embeddable-1.9.23.jar (org.jetbrains.kotlin:kotlin-scripting-compiler-embeddable:1.9.23) with InstrumentationAnalysisTransform
[        ] Transforming kotlin-scripting-compiler-embeddable-1.9.23.jar (org.jetbrains.kotlin:kotlin-scripting-compiler-embeddable:1.9.23) with MergeInstrumentationAnalysisTransform
[        ] Transforming kotlin-scripting-compiler-impl-embeddable-1.9.23.jar (org.jetbrains.kotlin:kotlin-scripting-compiler-impl-embeddable:1.9.23) with InstrumentationAnalysisTransform
[        ] Transforming kotlin-scripting-compiler-impl-embeddable-1.9.23.jar (org.jetbrains.kotlin:kotlin-scripting-compiler-impl-embeddable:1.9.23) with MergeInstrumentationAnalysisTransform
[        ] Transforming kotlin-gradle-plugin-annotations-1.9.23.jar (org.jetbrains.kotlin:kotlin-gradle-plugin-annotations:1.9.23) with InstrumentationAnalysisTransform
[        ] Transforming kotlin-gradle-plugin-annotations-1.9.23.jar (org.jetbrains.kotlin:kotlin-gradle-plugin-annotations:1.9.23) with MergeInstrumentationAnalysisTransform
[        ] Transforming kotlin-project-model-1.9.23.jar (org.jetbrains.kotlin:kotlin-project-model:1.9.23) with InstrumentationAnalysisTransform
[        ] Transforming kotlin-project-model-1.9.23.jar (org.jetbrains.kotlin:kotlin-project-model:1.9.23) with MergeInstrumentationAnalysisTransform
[        ] Transforming kotlin-tooling-core-1.9.23.jar (org.jetbrains.kotlin:kotlin-tooling-core:1.9.23) with InstrumentationAnalysisTransform
[        ] Transforming kotlin-tooling-core-1.9.23.jar (org.jetbrains.kotlin:kotlin-tooling-core:1.9.23) with MergeInstrumentationAnalysisTransform
[        ] Transforming kotlin-util-io-1.9.23.jar (org.jetbrains.kotlin:kotlin-util-io:1.9.23) with InstrumentationAnalysisTransform
[   +1 ms] Transforming kotlin-util-io-1.9.23.jar (org.jetbrains.kotlin:kotlin-util-io:1.9.23) with MergeInstrumentationAnalysisTransform
[        ] Transforming kotlin-daemon-embeddable-1.9.23.jar (org.jetbrains.kotlin:kotlin-daemon-embeddable:1.9.23) with InstrumentationAnalysisTransform
[        ] Transforming kotlin-daemon-embeddable-1.9.23.jar (org.jetbrains.kotlin:kotlin-daemon-embeddable:1.9.23) with MergeInstrumentationAnalysisTransform
[        ] Transforming trove4j-1.0.20200330.jar (org.jetbrains.intellij.deps:trove4j:1.0.20200330) with InstrumentationAnalysisTransform
[        ] Transforming trove4j-1.0.20200330.jar (org.jetbrains.intellij.deps:trove4j:1.0.20200330) with MergeInstrumentationAnalysisTransform
[        ] Transforming gradle-kotlin-dsl-plugins-4.4.0.jar (org.gradle.kotlin:gradle-kotlin-dsl-plugins:4.4.0) with ExternalDependencyInstrumentingArtifactTransform
[        ] Transforming kotlin-stdlib-1.9.23.jar (org.jetbrains.kotlin:kotlin-stdlib:1.9.23) with ExternalDependencyInstrumentingArtifactTransform
[        ] Transforming annotations-13.0.jar (org.jetbrains:annotations:13.0) with ExternalDependencyInstrumentingArtifactTransform
[        ] Transforming kotlin-sam-with-receiver-1.9.23-gradle82.jar (org.jetbrains.kotlin:kotlin-sam-with-receiver:1.9.23) with ExternalDependencyInstrumentingArtifactTransform
[        ] Transforming kotlin-assignment-1.9.23-gradle82.jar (org.jetbrains.kotlin:kotlin-assignment:1.9.23) with ExternalDependencyInstrumentingArtifactTransform
[        ] Transforming kotlin-gradle-plugin-model-1.9.23.jar (org.jetbrains.kotlin:kotlin-gradle-plugin-model:1.9.23) with ExternalDependencyInstrumentingArtifactTransform
[   +1 ms] Transforming kotlin-gradle-plugin-api-1.9.23-gradle82.jar (org.jetbrains.kotlin:kotlin-gradle-plugin-api:1.9.23) with ExternalDependencyInstrumentingArtifactTransform
[        ] Transforming kotlin-gradle-plugin-1.9.23-gradle82.jar (org.jetbrains.kotlin:kotlin-gradle-plugin:1.9.23) with ExternalDependencyInstrumentingArtifactTransform
[ +329 ms] Transforming kotlin-gradle-plugin-idea-proto-1.9.23.jar (org.jetbrains.kotlin:kotlin-gradle-plugin-idea-proto:1.9.23) with ExternalDependencyInstrumentingArtifactTransform
[        ] Transforming kotlin-gradle-plugin-api-1.9.23.jar (org.jetbrains.kotlin:kotlin-gradle-plugin-api:1.9.23) with ExternalDependencyInstrumentingArtifactTransform
[        ] Transforming kotlin-gradle-plugin-idea-1.9.23.jar (org.jetbrains.kotlin:kotlin-gradle-plugin-idea:1.9.23) with ExternalDependencyInstrumentingArtifactTransform
[   +1 ms] Transforming kotlin-klib-commonizer-api-1.9.23.jar (org.jetbrains.kotlin:kotlin-klib-commonizer-api:1.9.23) with ExternalDependencyInstrumentingArtifactTransform
[        ] Transforming kotlin-native-utils-1.9.23.jar (org.jetbrains.kotlin:kotlin-native-utils:1.9.23) with ExternalDependencyInstrumentingArtifactTransform
[        ] Transforming kotlin-build-tools-api-1.9.23.jar (org.jetbrains.kotlin:kotlin-build-tools-api:1.9.23) with ExternalDependencyInstrumentingArtifactTransform
[        ] Transforming kotlin-android-extensions-1.9.23.jar (org.jetbrains.kotlin:kotlin-android-extensions:1.9.23) with ExternalDependencyInstrumentingArtifactTransform
[        ] Transforming kotlin-util-klib-1.9.23.jar (org.jetbrains.kotlin:kotlin-util-klib:1.9.23) with ExternalDependencyInstrumentingArtifactTransform
[        ] Transforming kotlin-compiler-runner-1.9.23.jar (org.jetbrains.kotlin:kotlin-compiler-runner:1.9.23) with ExternalDependencyInstrumentingArtifactTransform
[   +1 ms] Transforming kotlin-compiler-embeddable-1.9.23.jar (org.jetbrains.kotlin:kotlin-compiler-embeddable:1.9.23) with ExternalDependencyInstrumentingArtifactTransform
[        ] Transforming kotlin-scripting-compiler-embeddable-1.9.23.jar (org.jetbrains.kotlin:kotlin-scripting-compiler-embeddable:1.9.23) with ExternalDependencyInstrumentingArtifactTransform
[        ] Transforming kotlin-gradle-plugin-annotations-1.9.23.jar (org.jetbrains.kotlin:kotlin-gradle-plugin-annotations:1.9.23) with ExternalDependencyInstrumentingArtifactTransform
[        ] Transforming kotlin-project-model-1.9.23.jar (org.jetbrains.kotlin:kotlin-project-model:1.9.23) with ExternalDependencyInstrumentingArtifactTransform
[        ] Transforming kotlin-tooling-core-1.9.23.jar (org.jetbrains.kotlin:kotlin-tooling-core:1.9.23) with ExternalDependencyInstrumentingArtifactTransform
[        ] Transforming kotlin-util-io-1.9.23.jar (org.jetbrains.kotlin:kotlin-util-io:1.9.23) with ExternalDependencyInstrumentingArtifactTransform
[        ] Transforming kotlin-daemon-embeddable-1.9.23.jar (org.jetbrains.kotlin:kotlin-daemon-embeddable:1.9.23) with ExternalDependencyInstrumentingArtifactTransform
[        ] Transforming kotlin-scripting-compiler-impl-embeddable-1.9.23.jar (org.jetbrains.kotlin:kotlin-scripting-compiler-impl-embeddable:1.9.23) with ExternalDependencyInstrumentingArtifactTransform
[        ] Transforming trove4j-1.0.20200330.jar (org.jetbrains.intellij.deps:trove4j:1.0.20200330) with ExternalDependencyInstrumentingArtifactTransform
[        ] Transforming kotlin-daemon-client-1.9.23.jar (org.jetbrains.kotlin:kotlin-daemon-client:1.9.23) with InstrumentationAnalysisTransform
[        ] Transforming kotlin-daemon-client-1.9.23.jar (org.jetbrains.kotlin:kotlin-daemon-client:1.9.23) with MergeInstrumentationAnalysisTransform
[        ] Transforming kotlin-daemon-client-1.9.23.jar (org.jetbrains.kotlin:kotlin-daemon-client:1.9.23) with ExternalDependencyInstrumentingArtifactTransform
[        ] Transforming kotlinx-coroutines-core-jvm-1.5.0.jar (org.jetbrains.kotlinx:kotlinx-coroutines-core-jvm:1.5.0) with InstrumentationAnalysisTransform
[        ] Transforming kotlinx-coroutines-core-jvm-1.5.0.jar (org.jetbrains.kotlinx:kotlinx-coroutines-core-jvm:1.5.0) with MergeInstrumentationAnalysisTransform
[   +5 ms] Transforming kotlinx-coroutines-core-jvm-1.5.0.jar (org.jetbrains.kotlinx:kotlinx-coroutines-core-jvm:1.5.0) with ExternalDependencyInstrumentingArtifactTransform
[ +712 ms] Transforming kotlin-scripting-jvm-1.9.23.jar (org.jetbrains.kotlin:kotlin-scripting-jvm:1.9.23) with InstrumentationAnalysisTransform
[        ] Transforming kotlin-scripting-jvm-1.9.23.jar (org.jetbrains.kotlin:kotlin-scripting-jvm:1.9.23) with MergeInstrumentationAnalysisTransform
[        ] Transforming kotlin-scripting-common-1.9.23.jar (org.jetbrains.kotlin:kotlin-scripting-common:1.9.23) with InstrumentationAnalysisTransform
[        ] Transforming kotlin-scripting-jvm-1.9.23.jar (org.jetbrains.kotlin:kotlin-scripting-jvm:1.9.23) with ExternalDependencyInstrumentingArtifactTransform
[        ] Transforming kotlin-scripting-common-1.9.23.jar (org.jetbrains.kotlin:kotlin-scripting-common:1.9.23) with MergeInstrumentationAnalysisTransform
[        ] Transforming kotlin-scripting-common-1.9.23.jar (org.jetbrains.kotlin:kotlin-scripting-common:1.9.23) with ExternalDependencyInstrumentingArtifactTransform
[        ] Using Kotlin Gradle Plugin gradle82 variant
[        ] kotlin scripting plugin: created the scripting discovery configuration: kotlinScriptDef
[        ] kotlin scripting plugin: created the scripting discovery configuration: testKotlinScriptDef
[        ] file or directory 'D:\flutter\packages\flutter_tools\gradle\src\main\java', not found
[        ] > Task :gradle:checkKotlinGradlePluginConfigurationErrors
[        ] Caching disabled for task ':gradle:checkKotlinGradlePluginConfigurationErrors' because:
[        ]   Build cache is disabled
[        ] Task ':gradle:checkKotlinGradlePluginConfigurationErrors' is not up-to-date because:
[        ]   Task has not declared any outputs despite executing actions.
[        ] > Task :gradle:compileKotlin UP-TO-DATE
[        ] Invalidating in-memory cache of C:\Users\haris\.gradle\caches\journal-1\file-access.bin
[        ] Transforming gradle-api-8.9.jar with ClasspathEntrySnapshotTransform
[        ] Transforming groovy-3.0.21.jar with ClasspathEntrySnapshotTransform
[        ] Transforming groovy-ant-3.0.21.jar with ClasspathEntrySnapshotTransform
[        ] Transforming groovy-astbuilder-3.0.21.jar with ClasspathEntrySnapshotTransform
[        ] Transforming groovy-console-3.0.21.jar with ClasspathEntrySnapshotTransform
[        ] Transforming groovy-datetime-3.0.21.jar with ClasspathEntrySnapshotTransform
[   +7 ms] Transforming groovy-dateutil-3.0.21.jar with ClasspathEntrySnapshotTransform
[        ] Transforming groovy-groovydoc-3.0.21.jar with ClasspathEntrySnapshotTransform
[        ] Transforming groovy-json-3.0.21.jar with ClasspathEntrySnapshotTransform
[        ] Transforming groovy-nio-3.0.21.jar with ClasspathEntrySnapshotTransform
[        ] Transforming groovy-sql-3.0.21.jar with ClasspathEntrySnapshotTransform
[        ] Transforming groovy-templates-3.0.21.jar with ClasspathEntrySnapshotTransform
[        ] Transforming groovy-test-3.0.21.jar with ClasspathEntrySnapshotTransform
[        ] Transforming groovy-xml-3.0.21.jar with ClasspathEntrySnapshotTransform
[        ] Transforming javaparser-core-3.17.0.jar with ClasspathEntrySnapshotTransform
[        ] Transforming kotlin-reflect-1.9.23.jar with ClasspathEntrySnapshotTransform
[        ] Transforming kotlin-stdlib-1.9.23.jar with ClasspathEntrySnapshotTransform
[        ] Transforming gradle-installation-beacon-8.9.jar with ClasspathEntrySnapshotTransform
[        ] Transforming gradle-kotlin-dsl-extensions-8.9.jar with ClasspathEntrySnapshotTransform
[        ] Transforming gradle-kotlin-dsl-8.9.jar with ClasspathEntrySnapshotTransform
[        ] Transforming gradle-kotlin-dsl-shared-runtime-8.9.jar with ClasspathEntrySnapshotTransform
[        ] Transforming gradle-kotlin-dsl-tooling-models-8.9.jar with ClasspathEntrySnapshotTransform
[        ] Transforming annotation-jvm-1.9.1.jar with ClasspathEntrySnapshotTransform
[        ] Transforming gradle-8.11.1.jar with ClasspathEntrySnapshotTransform
[        ] Transforming kotlin-reflect-1.9.23.jar with ClasspathEntrySnapshotTransform
[        ] Transforming kotlinx-serialization-json-jvm-1.4.0.jar with ClasspathEntrySnapshotTransform
[ +255 ms] Transforming kotlinx-serialization-core-jvm-1.4.0.jar with ClasspathEntrySnapshotTransform
[        ] Transforming kotlin-stdlib-jdk8-1.8.0.jar with ClasspathEntrySnapshotTransform
[        ] Transforming kotlin-stdlib-jdk7-1.8.0.jar with ClasspathEntrySnapshotTransform
[        ] Transforming kotlin-stdlib-1.9.24.jar with ClasspathEntrySnapshotTransform
[        ] Transforming kotlin-gradle-plugin-1.8.0-gradle76.jar with ClasspathEntrySnapshotTransform
[        ] Transforming builder-8.11.1.jar with ClasspathEntrySnapshotTransform
[        ] Transforming builder-model-8.11.1.jar with ClasspathEntrySnapshotTransform
[        ] Transforming gradle-api-8.11.1.jar with ClasspathEntrySnapshotTransform
[        ] Transforming kotlin-gradle-plugin-model-1.8.0.jar with ClasspathEntrySnapshotTransform
[        ] Transforming kotlin-gradle-plugin-api-1.8.0-gradle76.jar with ClasspathEntrySnapshotTransform
[        ] Transforming kotlin-gradle-plugin-api-1.8.0.jar with ClasspathEntrySnapshotTransform
[        ] Transforming kotlin-tooling-core-1.8.0.jar with ClasspathEntrySnapshotTransform
[        ] Transforming annotations-13.0.jar with ClasspathEntrySnapshotTransform
[        ] Transforming manifest-merger-31.11.1.jar with ClasspathEntrySnapshotTransform
[        ] Transforming zipflinger-8.11.1.jar with ClasspathEntrySnapshotTransform
[        ] Transforming apksig-8.11.1.jar with ClasspathEntrySnapshotTransform
[        ] Transforming apkzlib-8.11.1.jar with ClasspathEntrySnapshotTransform
[        ] Transforming javawriter-2.5.0.jar with ClasspathEntrySnapshotTransform
[        ] Transforming asm-9.7.1.jar with ClasspathEntrySnapshotTransform
[        ] Transforming kotlin-native-utils-1.8.0.jar with ClasspathEntrySnapshotTransform
[   +3 ms] Transforming kotlin-project-model-1.8.0.jar with ClasspathEntrySnapshotTransform
[   +5 ms] Transforming kotlin-util-io-1.8.0.jar with ClasspathEntrySnapshotTransform
[        ] Caching disabled for task ':gradle:compileKotlin' because:
[        ]   Build cache is disabled
[        ] Skipping task ':gradle:compileKotlin' as it is up-to-date.
[        ] > Task :gradle:compileJava NO-SOURCE
[        ] Skipping task ':gradle:compileJava' as it has no source files and no previous output files.
[        ] :gradle:compileGroovy (Thread[#308,Execution worker Thread 2,5,main]) started.
[        ] > Task :gradle:compileGroovy NO-SOURCE
[        ] Skipping task ':gradle:compileGroovy' as it has no source files and no previous output files.
[        ] Resolve mutations for :gradle:pluginDescriptors (Thread[#308,Execution worker Thread 2,5,main]) started.
[        ] :gradle:pluginDescriptors (Thread[#308,Execution worker Thread 2,5,main]) started.
[        ] > Task :gradle:pluginDescriptors UP-TO-DATE
[        ] Caching disabled for task ':gradle:pluginDescriptors' because:
[        ]   Build cache is disabled
[        ]   Not worth caching
[        ] Skipping task ':gradle:pluginDescriptors' as it is up-to-date.
[        ] Resolve mutations for :gradle:processResources (Thread[#308,Execution worker Thread 2,5,main]) started.
[        ] :gradle:processResources (Thread[#308,Execution worker Thread 2,5,main]) started.
[        ] > Task :gradle:processResources UP-TO-DATE
[        ] Caching disabled for task ':gradle:processResources' because:
[   +1 ms]   Build cache is disabled
[        ]   Not worth caching
[        ] Skipping task ':gradle:processResources' as it is up-to-date.
[        ] Resolve mutations for :gradle:classes (Thread[#308,Execution worker Thread 2,5,main]) started.
[        ] :gradle:classes (Thread[#308,Execution worker Thread 2,5,main]) started.
[        ] > Task :gradle:classes UP-TO-DATE
[        ] Skipping task ':gradle:classes' as it has no actions.
[        ] Resolve mutations for :gradle:jar (Thread[#308,Execution worker Thread 2,5,main]) started.
[        ] :gradle:jar (Thread[#308,Execution worker Thread 2,5,main]) started.
[        ] > Task :gradle:jar UP-TO-DATE
[        ] Caching disabled for task ':gradle:jar' because:
[        ]   Build cache is disabled
[ +318 ms]   Not worth caching
[        ] Skipping task ':gradle:jar' as it is up-to-date.
[        ] > Configure project :app
[        ] Evaluating project ':app' using build file 'D:\Codes\Flutter\Portfolio\android\app\build.gradle'.
[        ] Resolve mutations for :gradle:checkKotlinGradlePluginConfigurationErrors (Thread[#306,included builds,5,main]) started.
[        ] :gradle:checkKotlinGradlePluginConfigurationErrors (Thread[#306,included builds,5,main]) started.
[   +1 ms] Invalidating in-memory cache of D:\flutter\packages\flutter_tools\gradle\.gradle\8.9\executionHistory\executionHistory.bin
[        ] Resolve mutations for :gradle:compileKotlin (Thread[#306,included builds,5,main]) started.
[        ] :gradle:compileKotlin (Thread[#306,included builds,5,main]) started.
[        ] Resolve mutations for :gradle:compileJava (Thread[#306,included builds,5,main]) started.
[        ] :gradle:compileJava (Thread[#306,included builds,5,main]) started.
[        ] Resolve mutations for :gradle:compileGroovy (Thread[#306,included builds,5,main]) started.
[        ] Transforming kotlin-gradle-plugin-1.8.0-gradle76.jar (org.jetbrains.kotlin:kotlin-gradle-plugin:1.8.0) with InstrumentationAnalysisTransform
[        ] Transforming kotlin-gradle-plugin-model-1.8.0.jar (org.jetbrains.kotlin:kotlin-gradle-plugin-model:1.8.0) with InstrumentationAnalysisTransform
[   +1 ms] Transforming kotlin-gradle-plugin-api-1.8.0-gradle76.jar (org.jetbrains.kotlin:kotlin-gradle-plugin-api:1.8.0) with InstrumentationAnalysisTransform
[        ] Transforming kotlin-gradle-plugin-api-1.8.0.jar (org.jetbrains.kotlin:kotlin-gradle-plugin-api:1.8.0) with InstrumentationAnalysisTransform
[        ] Transforming kotlin-gradle-plugin-idea-proto-1.8.0.jar (org.jetbrains.kotlin:kotlin-gradle-plugin-idea-proto:1.8.0) with InstrumentationAnalysisTransform
[        ] Transforming kotlin-gradle-plugin-idea-1.8.0.jar (org.jetbrains.kotlin:kotlin-gradle-plugin-idea:1.8.0) with InstrumentationAnalysisTransform
[        ] Transforming kotlin-project-model-1.8.0.jar (org.jetbrains.kotlin:kotlin-project-model:1.8.0) with InstrumentationAnalysisTransform
[        ] Transforming kotlin-tooling-core-1.8.0.jar (org.jetbrains.kotlin:kotlin-tooling-core:1.8.0) with InstrumentationAnalysisTransform
[        ] Transforming kotlin-util-klib-1.8.0.jar (org.jetbrains.kotlin:kotlin-util-klib:1.8.0) with InstrumentationAnalysisTransform
[        ] Transforming kotlin-klib-commonizer-api-1.8.0.jar (org.jetbrains.kotlin:kotlin-klib-commonizer-api:1.8.0) with InstrumentationAnalysisTransform
[   +7 ms] Transforming kotlin-annotation-processing-gradle-1.8.0.jar (org.jetbrains.kotlin:kotlin-annotation-processing-gradle:1.8.0) with InstrumentationAnalysisTransform
[        ] Transforming kotlin-android-extensions-1.8.0.jar (org.jetbrains.kotlin:kotlin-android-extensions:1.8.0) with InstrumentationAnalysisTransform
[        ] Transforming kotlin-compiler-runner-1.8.0.jar (org.jetbrains.kotlin:kotlin-compiler-runner:1.8.0) with InstrumentationAnalysisTransform
[        ] Transforming kotlin-compiler-embeddable-1.8.0.jar (org.jetbrains.kotlin:kotlin-compiler-embeddable:1.8.0) with InstrumentationAnalysisTransform
[        ] Transforming kotlin-scripting-compiler-embeddable-1.8.0.jar (org.jetbrains.kotlin:kotlin-scripting-compiler-embeddable:1.8.0) with InstrumentationAnalysisTransform
[        ] Transforming kotlin-scripting-compiler-impl-embeddable-1.8.0.jar (org.jetbrains.kotlin:kotlin-scripting-compiler-impl-embeddable:1.8.0) with InstrumentationAnalysisTransform
[        ] Transforming kotlinx-serialization-json-jvm-1.4.0.jar (org.jetbrains.kotlinx:kotlinx-serialization-json-jvm:1.4.0) with InstrumentationAnalysisTransform
[   +8 ms] Transforming kotlin-native-utils-1.8.0.jar (org.jetbrains.kotlin:kotlin-native-utils:1.8.0) with InstrumentationAnalysisTransform
[        ] Transforming kotlin-util-io-1.8.0.jar (org.jetbrains.kotlin:kotlin-util-io:1.8.0) with InstrumentationAnalysisTransform
[        ] Transforming kotlin-daemon-embeddable-1.8.0.jar (org.jetbrains.kotlin:kotlin-daemon-embeddable:1.8.0) with InstrumentationAnalysisTransform
[ +848 ms] Transforming trove4j-1.0.20200330.jar (org.jetbrains.intellij.deps:trove4j:1.0.20200330) with InstrumentationAnalysisTransform
[        ] Transforming jna-5.6.0.jar (net.java.dev.jna:jna:5.6.0) with InstrumentationAnalysisTransform
[        ] Transforming kotlin-build-common-1.8.0.jar (org.jetbrains.kotlin:kotlin-build-common:1.8.0) with InstrumentationAnalysisTransform
[        ] Transforming kotlin-daemon-client-1.8.0.jar (org.jetbrains.kotlin:kotlin-daemon-client:1.8.0) with InstrumentationAnalysisTransform
[        ] Transforming kotlinx-coroutines-core-jvm-1.5.0.jar (org.jetbrains.kotlinx:kotlinx-coroutines-core-jvm:1.5.0) with InstrumentationAnalysisTransform
[   +1 ms] Transforming kotlin-scripting-jvm-1.8.0.jar (org.jetbrains.kotlin:kotlin-scripting-jvm:1.8.0) with InstrumentationAnalysisTransform
[        ] Transforming kotlin-scripting-common-1.8.0.jar (org.jetbrains.kotlin:kotlin-scripting-common:1.8.0) with InstrumentationAnalysisTransform
[        ] Transforming kotlinx-serialization-core-jvm-1.4.0.jar (org.jetbrains.kotlinx:kotlinx-serialization-core-jvm:1.4.0) with InstrumentationAnalysisTransform
[        ] Transforming kotlin-stdlib-jdk8-1.7.10.jar (org.jetbrains.kotlin:kotlin-stdlib-jdk8:1.7.10) with InstrumentationAnalysisTransform
[        ] Transforming kotlin-stdlib-jdk7-1.7.10.jar (org.jetbrains.kotlin:kotlin-stdlib-jdk7:1.7.10) with InstrumentationAnalysisTransform
[        ] Transforming kotlin-stdlib-1.7.10.jar (org.jetbrains.kotlin:kotlin-stdlib:1.7.10) with InstrumentationAnalysisTransform
[        ] Transforming kotlin-stdlib-common-1.7.10.jar (org.jetbrains.kotlin:kotlin-stdlib-common:1.7.10) with InstrumentationAnalysisTransform
[        ] Transforming annotations-13.0.jar (org.jetbrains:annotations:13.0) with InstrumentationAnalysisTransform
[        ] Transforming main (project :gradle) with InstrumentationAnalysisTransform
[   +1 ms] Transforming main (project :gradle) with InstrumentationAnalysisTransform
[        ] Transforming main (project :gradle) with InstrumentationAnalysisTransform
[        ] Transforming kotlin-gradle-plugin-1.8.0-gradle76.jar (org.jetbrains.kotlin:kotlin-gradle-plugin:1.8.0) with InstrumentationAnalysisTransform
[        ] Transforming kotlin-gradle-plugin-1.8.0-gradle76.jar (org.jetbrains.kotlin:kotlin-gradle-plugin:1.8.0) with MergeInstrumentationAnalysisTransform
[        ] Transforming kotlin-gradle-plugin-model-1.8.0.jar (org.jetbrains.kotlin:kotlin-gradle-plugin-model:1.8.0) with InstrumentationAnalysisTransform
[        ] Transforming kotlin-gradle-plugin-model-1.8.0.jar (org.jetbrains.kotlin:kotlin-gradle-plugin-model:1.8.0) with MergeInstrumentationAnalysisTransform
[        ] Transforming kotlin-gradle-plugin-api-1.8.0-gradle76.jar (org.jetbrains.kotlin:kotlin-gradle-plugin-api:1.8.0) with InstrumentationAnalysisTransform
[        ] Transforming kotlin-gradle-plugin-api-1.8.0-gradle76.jar (org.jetbrains.kotlin:kotlin-gradle-plugin-api:1.8.0) with MergeInstrumentationAnalysisTransform
[   +1 ms] Transforming kotlin-gradle-plugin-api-1.8.0.jar (org.jetbrains.kotlin:kotlin-gradle-plugin-api:1.8.0) with InstrumentationAnalysisTransform
[        ] Transforming kotlin-gradle-plugin-api-1.8.0.jar (org.jetbrains.kotlin:kotlin-gradle-plugin-api:1.8.0) with MergeInstrumentationAnalysisTransform
[        ] Transforming kotlin-gradle-plugin-idea-proto-1.8.0.jar (org.jetbrains.kotlin:kotlin-gradle-plugin-idea-proto:1.8.0) with InstrumentationAnalysisTransform
[        ] Transforming kotlin-gradle-plugin-idea-proto-1.8.0.jar (org.jetbrains.kotlin:kotlin-gradle-plugin-idea-proto:1.8.0) with MergeInstrumentationAnalysisTransform
[        ] Transforming kotlin-gradle-plugin-idea-1.8.0.jar (org.jetbrains.kotlin:kotlin-gradle-plugin-idea:1.8.0) with InstrumentationAnalysisTransform
[        ] Transforming kotlin-gradle-plugin-idea-1.8.0.jar (org.jetbrains.kotlin:kotlin-gradle-plugin-idea:1.8.0) with MergeInstrumentationAnalysisTransform
[        ] Transforming kotlin-project-model-1.8.0.jar (org.jetbrains.kotlin:kotlin-project-model:1.8.0) with InstrumentationAnalysisTransform
[ +685 ms] Transforming kotlin-project-model-1.8.0.jar (org.jetbrains.kotlin:kotlin-project-model:1.8.0) with MergeInstrumentationAnalysisTransform
[   +1 ms] Transforming kotlin-tooling-core-1.8.0.jar (org.jetbrains.kotlin:kotlin-tooling-core:1.8.0) with InstrumentationAnalysisTransform
[        ] Transforming kotlin-tooling-core-1.8.0.jar (org.jetbrains.kotlin:kotlin-tooling-core:1.8.0) with MergeInstrumentationAnalysisTransform
[        ] Transforming kotlin-util-klib-1.8.0.jar (org.jetbrains.kotlin:kotlin-util-klib:1.8.0) with InstrumentationAnalysisTransform
[        ] Transforming kotlin-util-klib-1.8.0.jar (org.jetbrains.kotlin:kotlin-util-klib:1.8.0) with MergeInstrumentationAnalysisTransform
[        ] Transforming kotlin-klib-commonizer-api-1.8.0.jar (org.jetbrains.kotlin:kotlin-klib-commonizer-api:1.8.0) with InstrumentationAnalysisTransform
[        ] Transforming kotlin-klib-commonizer-api-1.8.0.jar (org.jetbrains.kotlin:kotlin-klib-commonizer-api:1.8.0) with MergeInstrumentationAnalysisTransform
[        ] Transforming kotlin-annotation-processing-gradle-1.8.0.jar (org.jetbrains.kotlin:kotlin-annotation-processing-gradle:1.8.0) with InstrumentationAnalysisTransform
[        ] Transforming kotlin-annotation-processing-gradle-1.8.0.jar (org.jetbrains.kotlin:kotlin-annotation-processing-gradle:1.8.0) with MergeInstrumentationAnalysisTransform
[        ] Transforming kotlin-android-extensions-1.8.0.jar (org.jetbrains.kotlin:kotlin-android-extensions:1.8.0) with InstrumentationAnalysisTransform
[        ] Transforming kotlin-android-extensions-1.8.0.jar (org.jetbrains.kotlin:kotlin-android-extensions:1.8.0) with MergeInstrumentationAnalysisTransform
[        ] Transforming kotlin-compiler-runner-1.8.0.jar (org.jetbrains.kotlin:kotlin-compiler-runner:1.8.0) with InstrumentationAnalysisTransform
[        ] Transforming kotlin-compiler-runner-1.8.0.jar (org.jetbrains.kotlin:kotlin-compiler-runner:1.8.0) with MergeInstrumentationAnalysisTransform
[        ] Transforming kotlin-compiler-embeddable-1.8.0.jar (org.jetbrains.kotlin:kotlin-compiler-embeddable:1.8.0) with InstrumentationAnalysisTransform
[        ] Transforming kotlin-compiler-embeddable-1.8.0.jar (org.jetbrains.kotlin:kotlin-compiler-embeddable:1.8.0) with MergeInstrumentationAnalysisTransform
[        ] Transforming kotlin-scripting-compiler-embeddable-1.8.0.jar (org.jetbrains.kotlin:kotlin-scripting-compiler-embeddable:1.8.0) with InstrumentationAnalysisTransform
[        ] Transforming kotlin-scripting-compiler-embeddable-1.8.0.jar (org.jetbrains.kotlin:kotlin-scripting-compiler-embeddable:1.8.0) with MergeInstrumentationAnalysisTransform
[        ] Transforming kotlin-scripting-compiler-impl-embeddable-1.8.0.jar (org.jetbrains.kotlin:kotlin-scripting-compiler-impl-embeddable:1.8.0) with InstrumentationAnalysisTransform
[        ] Transforming kotlin-scripting-compiler-impl-embeddable-1.8.0.jar (org.jetbrains.kotlin:kotlin-scripting-compiler-impl-embeddable:1.8.0) with MergeInstrumentationAnalysisTransform
[   +4 ms] Transforming kotlinx-serialization-json-jvm-1.4.0.jar (org.jetbrains.kotlinx:kotlinx-serialization-json-jvm:1.4.0) with InstrumentationAnalysisTransform
[        ] Transforming kotlinx-serialization-json-jvm-1.4.0.jar (org.jetbrains.kotlinx:kotlinx-serialization-json-jvm:1.4.0) with MergeInstrumentationAnalysisTransform
[        ] Transforming kotlin-native-utils-1.8.0.jar (org.jetbrains.kotlin:kotlin-native-utils:1.8.0) with InstrumentationAnalysisTransform
[   +4 ms] Transforming kotlin-native-utils-1.8.0.jar (org.jetbrains.kotlin:kotlin-native-utils:1.8.0) with MergeInstrumentationAnalysisTransform
[        ] Transforming kotlin-util-io-1.8.0.jar (org.jetbrains.kotlin:kotlin-util-io:1.8.0) with InstrumentationAnalysisTransform
[        ] Transforming kotlin-util-io-1.8.0.jar (org.jetbrains.kotlin:kotlin-util-io:1.8.0) with MergeInstrumentationAnalysisTransform
[        ] Transforming kotlin-daemon-embeddable-1.8.0.jar (org.jetbrains.kotlin:kotlin-daemon-embeddable:1.8.0) with InstrumentationAnalysisTransform
[ +145 ms] Transforming kotlin-daemon-embeddable-1.8.0.jar (org.jetbrains.kotlin:kotlin-daemon-embeddable:1.8.0) with MergeInstrumentationAnalysisTransform
[        ] Transforming trove4j-1.0.20200330.jar (org.jetbrains.intellij.deps:trove4j:1.0.20200330) with InstrumentationAnalysisTransform
[        ] Transforming trove4j-1.0.20200330.jar (org.jetbrains.intellij.deps:trove4j:1.0.20200330) with MergeInstrumentationAnalysisTransform
[        ] Transforming jna-5.6.0.jar (net.java.dev.jna:jna:5.6.0) with InstrumentationAnalysisTransform
[        ] Transforming jna-5.6.0.jar (net.java.dev.jna:jna:5.6.0) with MergeInstrumentationAnalysisTransform
[        ] Transforming kotlin-build-common-1.8.0.jar (org.jetbrains.kotlin:kotlin-build-common:1.8.0) with InstrumentationAnalysisTransform
[        ] Transforming kotlin-build-common-1.8.0.jar (org.jetbrains.kotlin:kotlin-build-common:1.8.0) with MergeInstrumentationAnalysisTransform
[        ] Transforming kotlin-daemon-client-1.8.0.jar (org.jetbrains.kotlin:kotlin-daemon-client:1.8.0) with InstrumentationAnalysisTransform
[        ] Transforming kotlin-daemon-client-1.8.0.jar (org.jetbrains.kotlin:kotlin-daemon-client:1.8.0) with MergeInstrumentationAnalysisTransform
[        ] Transforming kotlinx-coroutines-core-jvm-1.5.0.jar (org.jetbrains.kotlinx:kotlinx-coroutines-core-jvm:1.5.0) with InstrumentationAnalysisTransform
[        ] Transforming kotlinx-coroutines-core-jvm-1.5.0.jar (org.jetbrains.kotlinx:kotlinx-coroutines-core-jvm:1.5.0) with MergeInstrumentationAnalysisTransform
[        ] Transforming kotlin-scripting-jvm-1.8.0.jar (org.jetbrains.kotlin:kotlin-scripting-jvm:1.8.0) with InstrumentationAnalysisTransform
[        ] Transforming kotlin-scripting-jvm-1.8.0.jar (org.jetbrains.kotlin:kotlin-scripting-jvm:1.8.0) with MergeInstrumentationAnalysisTransform
[        ] Transforming kotlin-scripting-common-1.8.0.jar (org.jetbrains.kotlin:kotlin-scripting-common:1.8.0) with InstrumentationAnalysisTransform
[        ] Transforming kotlin-scripting-common-1.8.0.jar (org.jetbrains.kotlin:kotlin-scripting-common:1.8.0) with MergeInstrumentationAnalysisTransform
[        ] Transforming kotlinx-serialization-core-jvm-1.4.0.jar (org.jetbrains.kotlinx:kotlinx-serialization-core-jvm:1.4.0) with InstrumentationAnalysisTransform
[        ] Transforming kotlinx-serialization-core-jvm-1.4.0.jar (org.jetbrains.kotlinx:kotlinx-serialization-core-jvm:1.4.0) with MergeInstrumentationAnalysisTransform
[        ] Transforming kotlin-stdlib-jdk8-1.7.10.jar (org.jetbrains.kotlin:kotlin-stdlib-jdk8:1.7.10) with InstrumentationAnalysisTransform
[        ] Transforming kotlin-stdlib-jdk8-1.7.10.jar (org.jetbrains.kotlin:kotlin-stdlib-jdk8:1.7.10) with MergeInstrumentationAnalysisTransform
[        ] Transforming kotlin-stdlib-jdk7-1.7.10.jar (org.jetbrains.kotlin:kotlin-stdlib-jdk7:1.7.10) with InstrumentationAnalysisTransform
[        ] Transforming kotlin-stdlib-jdk7-1.7.10.jar (org.jetbrains.kotlin:kotlin-stdlib-jdk7:1.7.10) with MergeInstrumentationAnalysisTransform
[        ] Transforming kotlin-stdlib-1.7.10.jar (org.jetbrains.kotlin:kotlin-stdlib:1.7.10) with InstrumentationAnalysisTransform
[        ] Transforming kotlin-stdlib-1.7.10.jar (org.jetbrains.kotlin:kotlin-stdlib:1.7.10) with MergeInstrumentationAnalysisTransform
[        ] Transforming kotlin-stdlib-common-1.7.10.jar (org.jetbrains.kotlin:kotlin-stdlib-common:1.7.10) with InstrumentationAnalysisTransform
[        ] Transforming kotlin-stdlib-common-1.7.10.jar (org.jetbrains.kotlin:kotlin-stdlib-common:1.7.10) with MergeInstrumentationAnalysisTransform
[        ] Transforming annotations-13.0.jar (org.jetbrains:annotations:13.0) with InstrumentationAnalysisTransform
[   +2 ms] Transforming annotations-13.0.jar (org.jetbrains:annotations:13.0) with MergeInstrumentationAnalysisTransform
[        ] Transforming kotlin-gradle-plugin-1.8.0-gradle76.jar (org.jetbrains.kotlin:kotlin-gradle-plugin:1.8.0) with ExternalDependencyInstrumentingArtifactTransform
[        ] Transforming kotlin-gradle-plugin-model-1.8.0.jar (org.jetbrains.kotlin:kotlin-gradle-plugin-model:1.8.0) with ExternalDependencyInstrumentingArtifactTransform
[   +1 ms] Warning: Flutter support for your project's Android Gradle Plugin 
version (Android Gradle Plugin version 8.3.0) will soon be dropped. Please 
upgrade your Android Gradle Plugin version to a version of at least Android 
Gradle Plugin version 8.6.0 soon.
[ +257 ms] Transforming kotlin-gradle-plugin-api-1.8.0-gradle76.jar (org.jetbrains.kotlin:kotlin-gradle-plugin-api:1.8.0) with ExternalDependencyInstrumentingArtifactTransform
[        ] Alternatively, use the flag 
"--android-skip-build-dependency-validation" to bypass this check.
[        ] Transforming kotlin-gradle-plugin-api-1.8.0.jar (org.jetbrains.kotlin:kotlin-gradle-plugin-api:1.8.0) with ExternalDependencyInstrumentingArtifactTransform
[        ] Potential fix: Your project's AGP version is typically defined in 
the plugins block of the `settings.gradle` file 
(D:\Codes\Flutter\Portfolio\android/settings.gradle), by a plugin with the id 
of com.android.application. 
[        ] If you don't see a plugins block, your project was likely created 
with an older template version. In this case it is most likely defined in the 
top-level build.gradle file (D:\Codes\Flutter\Portfolio\android/build.gradle) 
by the following line in the dependencies block of the buildscript: "classpath 
'com.android.tools.build:gradle:<version>'".
[        ] Transforming kotlin-gradle-plugin-idea-proto-1.8.0.jar (org.jetbrains.kotlin:kotlin-gradle-plugin-idea-proto:1.8.0) with ExternalDependencyInstrumentingArtifactTransform
[        ] Transforming kotlin-gradle-plugin-idea-1.8.0.jar (org.jetbrains.kotlin:kotlin-gradle-plugin-idea:1.8.0) with ExternalDependencyInstrumentingArtifactTransform
[        ] Warning: Flutter support for your project's Kotlin version (1.9.0) 
will soon be dropped. Please upgrade your Kotlin version to a version of at 
least 2.1.0 soon.
[        ] Alternatively, use the flag 
"--android-skip-build-dependency-validation" to bypass this check.
[        ] Transforming kotlin-project-model-1.8.0.jar (org.jetbrains.kotlin:kotlin-project-model:1.8.0) with ExternalDependencyInstrumentingArtifactTransform
[   +1 ms] Potential fix: Your project's KGP version is typically defined in 
the plugins block of the `settings.gradle` file 
(D:\Codes\Flutter\Portfolio\android/settings.gradle), by a plugin with the id 
of org.jetbrains.kotlin.android. 
[   +1 ms] If you don't see a plugins block, your project was likely created 
with an older template version, in which case it is most likely defined in the 
top-level build.gradle file (D:\Codes\Flutter\Portfolio\android/build.gradle) 
by the ext.kotlin_version property.
[        ] Transforming kotlin-tooling-core-1.8.0.jar (org.jetbrains.kotlin:kotlin-tooling-core:1.8.0) with ExternalDependencyInstrumentingArtifactTransform
[        ] Transforming kotlin-util-klib-1.8.0.jar (org.jetbrains.kotlin:kotlin-util-klib:1.8.0) with ExternalDependencyInstrumentingArtifactTransform
[        ] Transforming kotlin-klib-commonizer-api-1.8.0.jar (org.jetbrains.kotlin:kotlin-klib-commonizer-api:1.8.0) with ExternalDependencyInstrumentingArtifactTransform
[        ] Transforming kotlin-annotation-processing-gradle-1.8.0.jar (org.jetbrains.kotlin:kotlin-annotation-processing-gradle:1.8.0) with ExternalDependencyInstrumentingArtifactTransform
[   +2 ms] Transforming kotlin-android-extensions-1.8.0.jar (org.jetbrains.kotlin:kotlin-android-extensions:1.8.0) with ExternalDependencyInstrumentingArtifactTransform
[   +2 ms] Transforming kotlin-compiler-runner-1.8.0.jar (org.jetbrains.kotlin:kotlin-compiler-runner:1.8.0) with ExternalDependencyInstrumentingArtifactTransform
[        ] Transforming kotlin-compiler-embeddable-1.8.0.jar (org.jetbrains.kotlin:kotlin-compiler-embeddable:1.8.0) with ExternalDependencyInstrumentingArtifactTransform
[        ] Transforming kotlin-scripting-compiler-embeddable-1.8.0.jar (org.jetbrains.kotlin:kotlin-scripting-compiler-embeddable:1.8.0) with ExternalDependencyInstrumentingArtifactTransform
[        ] Transforming kotlin-scripting-compiler-impl-embeddable-1.8.0.jar (org.jetbrains.kotlin:kotlin-scripting-compiler-impl-embeddable:1.8.0) with ExternalDependencyInstrumentingArtifactTransform
[   +2 ms] Transforming kotlinx-serialization-json-jvm-1.4.0.jar (org.jetbrains.kotlinx:kotlinx-serialization-json-jvm:1.4.0) with ExternalDependencyInstrumentingArtifactTransform
[        ] Transforming kotlin-native-utils-1.8.0.jar (org.jetbrains.kotlin:kotlin-native-utils:1.8.0) with ExternalDependencyInstrumentingArtifactTransform
[        ] Transforming kotlin-util-io-1.8.0.jar (org.jetbrains.kotlin:kotlin-util-io:1.8.0) with ExternalDependencyInstrumentingArtifactTransform
[        ] Transforming kotlin-daemon-embeddable-1.8.0.jar (org.jetbrains.kotlin:kotlin-daemon-embeddable:1.8.0) with ExternalDependencyInstrumentingArtifactTransform
[        ] Transforming trove4j-1.0.20200330.jar (org.jetbrains.intellij.deps:trove4j:1.0.20200330) with ExternalDependencyInstrumentingArtifactTransform
[        ] Transforming jna-5.6.0.jar (net.java.dev.jna:jna:5.6.0) with ExternalDependencyInstrumentingArtifactTransform
[        ] Transforming kotlin-build-common-1.8.0.jar (org.jetbrains.kotlin:kotlin-build-common:1.8.0) with ExternalDependencyInstrumentingArtifactTransform
[   +4 ms] Transforming kotlin-daemon-client-1.8.0.jar (org.jetbrains.kotlin:kotlin-daemon-client:1.8.0) with ExternalDependencyInstrumentingArtifactTransform
[   +2 ms] Transforming kotlinx-coroutines-core-jvm-1.5.0.jar (org.jetbrains.kotlinx:kotlinx-coroutines-core-jvm:1.5.0) with ExternalDependencyInstrumentingArtifactTransform
[        ] Transforming kotlin-scripting-jvm-1.8.0.jar (org.jetbrains.kotlin:kotlin-scripting-jvm:1.8.0) with ExternalDependencyInstrumentingArtifactTransform
[ +374 ms] Transforming kotlin-scripting-common-1.8.0.jar (org.jetbrains.kotlin:kotlin-scripting-common:1.8.0) with ExternalDependencyInstrumentingArtifactTransform
[        ] Transforming kotlinx-serialization-core-jvm-1.4.0.jar (org.jetbrains.kotlinx:kotlinx-serialization-core-jvm:1.4.0) with ExternalDependencyInstrumentingArtifactTransform
[        ] Transforming kotlin-stdlib-jdk8-1.7.10.jar (org.jetbrains.kotlin:kotlin-stdlib-jdk8:1.7.10) with ExternalDependencyInstrumentingArtifactTransform
[        ] Transforming kotlin-stdlib-jdk7-1.7.10.jar (org.jetbrains.kotlin:kotlin-stdlib-jdk7:1.7.10) with ExternalDependencyInstrumentingArtifactTransform
[        ] Transforming kotlin-stdlib-1.7.10.jar (org.jetbrains.kotlin:kotlin-stdlib:1.7.10) with ExternalDependencyInstrumentingArtifactTransform
[        ] Transforming kotlin-stdlib-common-1.7.10.jar (org.jetbrains.kotlin:kotlin-stdlib-common:1.7.10) with ExternalDependencyInstrumentingArtifactTransform
[        ] Transforming annotations-13.0.jar (org.jetbrains:annotations:13.0) with ExternalDependencyInstrumentingArtifactTransform
[        ] Transforming gradle-1.0.0.jar (project :gradle) with ProjectDependencyInstrumentingArtifactTransform
[        ] Using default execution profile
[        ] Using Kotlin Gradle Plugin gradle81 variant
[        ] Invalidating in-memory cache of C:\Users\haris\.gradle\caches\8.9\fileHashes\fileHashes.bin
[        ] Invalidating in-memory cache of C:\Users\haris\.gradle\caches\8.9\fileHashes\resourceHashesCache.bin
[   +1 ms] C/C++: android.ndkVersion from module build.gradle is [25.1.8937393]
[        ] C/C++: android.ndkPath from module build.gradle is not set
[        ] C/C++: ndk.dir in local.properties is not set
[        ] C/C++: Not considering ANDROID_NDK_HOME because support was removed after deprecation period.
[        ] C/C++: sdkFolder is C:\Users\haris\AppData\Local\Android\sdk
[        ] C/C++: android.ndkVersion from module build.gradle is [25.1.8937393]
[        ] C/C++: android.ndkPath from module build.gradle is not set
[        ] C/C++: ndk.dir in local.properties is not set
[        ] C/C++: Not considering ANDROID_NDK_HOME because support was removed after deprecation period.
[        ] C/C++: sdkFolder is C:\Users\haris\AppData\Local\Android\sdk
[        ] C/C++: android.ndkVersion from module build.gradle is [25.1.8937393]
[        ] C/C++: android.ndkPath from module build.gradle is not set
[        ] C/C++: ndk.dir in local.properties is not set
[        ] C/C++: Not considering ANDROID_NDK_HOME because support was removed after deprecation period.
[        ] C/C++: sdkFolder is C:\Users\haris\AppData\Local\Android\sdk
[        ] C/C++: android.ndkVersion from module build.gradle is [25.1.8937393]
[   +1 ms] C/C++: android.ndkPath from module build.gradle is not set
[        ] C/C++: ndk.dir in local.properties is not set
[        ] C/C++: Not considering ANDROID_NDK_HOME because support was removed after deprecation period.
[        ] C/C++: sdkFolder is C:\Users\haris\AppData\Local\Android\sdk
[        ] C/C++: android.ndkVersion from module build.gradle is [25.1.8937393]
[        ] C/C++: android.ndkPath from module build.gradle is not set
[        ] C/C++: ndk.dir in local.properties is not set
[        ] C/C++: Not considering ANDROID_NDK_HOME because support was removed after deprecation period.
[        ] C/C++: sdkFolder is C:\Users\haris\AppData\Local\Android\sdk
[   +1 ms] C/C++: android.ndkVersion from module build.gradle is [25.1.8937393]
[        ] C/C++: android.ndkPath from module build.gradle is not set
[        ] C/C++: ndk.dir in local.properties is not set
[        ] C/C++: Not considering ANDROID_NDK_HOME because support was removed after deprecation period.
[        ] C/C++: sdkFolder is C:\Users\haris\AppData\Local\Android\sdk
[        ] C/C++: android.ndkVersion from module build.gradle is [25.1.8937393]
[        ] C/C++: android.ndkPath from module build.gradle is not set
[  +58 ms] C/C++: ndk.dir in local.properties is not set
[+4547 ms] C/C++: Not considering ANDROID_NDK_HOME because support was removed after deprecation period.
[   +1 ms] Warning: SDK processing. This version only understands SDK XML 
versions up to 3 but an SDK XML file of version 4 was encountered. This can 
happen if you use versions of Android Studio and the command-line tools that 
were released at different times.
[        ] C/C++: sdkFolder is C:\Users\haris\AppData\Local\Android\sdk
[        ] C/C++: android.ndkVersion from module build.gradle is [25.1.8937393]
[        ] C/C++: android.ndkPath from module build.gradle is not set
[        ] C/C++: ndk.dir in local.properties is not set
[        ] C/C++: Not considering ANDROID_NDK_HOME because support was removed after deprecation period.
[        ] C/C++: sdkFolder is C:\Users\haris\AppData\Local\Android\sdk
[        ] C/C++: android.ndkVersion from module build.gradle is [25.1.8937393]
[        ] C/C++: android.ndkPath from module build.gradle is not set
[        ] C/C++: ndk.dir in local.properties is not set
[        ] C/C++: Not considering ANDROID_NDK_HOME because support was removed after deprecation period.
[        ] C/C++: sdkFolder is C:\Users\haris\AppData\Local\Android\sdk
[        ] C/C++: android.ndkVersion from module build.gradle is [25.1.8937393]
[        ] C/C++: android.ndkPath from module build.gradle is not set
[   +1 ms] C/C++: ndk.dir in local.properties is not set
[   +1 ms] C/C++: Not considering ANDROID_NDK_HOME because support was removed after deprecation period.
[        ] C/C++: sdkFolder is C:\Users\haris\AppData\Local\Android\sdk
[        ] C/C++: android.ndkVersion from module build.gradle is [25.1.8937393]
[        ] C/C++: android.ndkPath from module build.gradle is not set
[        ] C/C++: ndk.dir in local.properties is not set
[        ] C/C++: Not considering ANDROID_NDK_HOME because support was removed after deprecation period.
[        ] C/C++: sdkFolder is C:\Users\haris\AppData\Local\Android\sdk
[        ] C/C++: android.ndkVersion from module build.gradle is [25.1.8937393]
[        ] C/C++: android.ndkPath from module build.gradle is not set
[        ] C/C++: ndk.dir in local.properties is not set
[        ] C/C++: Not considering ANDROID_NDK_HOME because support was removed after deprecation period.
[        ] C/C++: sdkFolder is C:\Users\haris\AppData\Local\Android\sdk
[        ] C/C++: android.ndkVersion from module build.gradle is [25.1.8937393]
[        ] C/C++: android.ndkPath from module build.gradle is not set
[        ] C/C++: ndk.dir in local.properties is not set
[        ] C/C++: Not considering ANDROID_NDK_HOME because support was removed after deprecation period.
[   +4 ms] C/C++: sdkFolder is C:\Users\haris\AppData\Local\Android\sdk
[        ] C/C++: android.ndkVersion from module build.gradle is [25.1.8937393]
[        ] C/C++: android.ndkPath from module build.gradle is not set
[        ] C/C++: ndk.dir in local.properties is not set
[        ] C/C++: Not considering ANDROID_NDK_HOME because support was removed after deprecation period.
[        ] C/C++: sdkFolder is C:\Users\haris\AppData\Local\Android\sdk
[        ] C/C++: android.ndkVersion from module build.gradle is [25.1.8937393]
[        ] C/C++: android.ndkPath from module build.gradle is not set
[        ] C/C++: ndk.dir in local.properties is not set
[        ] C/C++: Not considering ANDROID_NDK_HOME because support was removed after deprecation period.
[        ] C/C++: sdkFolder is C:\Users\haris\AppData\Local\Android\sdk
[        ] C/C++: android.ndkVersion from module build.gradle is [25.1.8937393]
[        ] C/C++: android.ndkPath from module build.gradle is not set
[        ] C/C++: ndk.dir in local.properties is not set
[        ] C/C++: Not considering ANDROID_NDK_HOME because support was removed after deprecation period.
[        ] C/C++: sdkFolder is C:\Users\haris\AppData\Local\Android\sdk
[   +1 ms] Parsed shrinker version: 8.3.36
[        ] All projects evaluated.
[        ] Task name matched 'assembleRelease'
[        ] Selected primary task 'assembleRelease' from project :
[        ] Parsing C:\Users\haris\AppData\Local\Android\sdk\build-tools\35.0.0\package.xml
[        ] Parsing C:\Users\haris\AppData\Local\Android\sdk\build-tools\36.1.0\package.xml
[        ] Parsing C:\Users\haris\AppData\Local\Android\sdk\cmake\3.22.1\package.xml
[        ] Parsing C:\Users\haris\AppData\Local\Android\sdk\cmdline-tools\latest\package.xml
[ +292 ms] Parsing C:\Users\haris\AppData\Local\Android\sdk\emulator\package.xml
[        ] Parsing C:\Users\haris\AppData\Local\Android\sdk\extras\google\Android_Emulator_Hypervisor_Driver\package.xml
[   +1 ms] Parsing C:\Users\haris\AppData\Local\Android\sdk\ndk\25.1.8937393\package.xml
[        ] Parsing C:\Users\haris\AppData\Local\Android\sdk\ndk\28.2.13676358\package.xml
[        ] Parsing C:\Users\haris\AppData\Local\Android\sdk\platform-tools\package.xml
[        ] Parsing C:\Users\haris\AppData\Local\Android\sdk\platforms\android-31\package.xml
[        ] Parsing C:\Users\haris\AppData\Local\Android\sdk\platforms\android-34\package.xml
[        ] Parsing C:\Users\haris\AppData\Local\Android\sdk\platforms\android-35\package.xml
[        ] Parsing C:\Users\haris\AppData\Local\Android\sdk\platforms\android-36\package.xml
[        ] Parsing C:\Users\haris\AppData\Local\Android\sdk\sources\android-36\package.xml
[        ] Parsing C:\Users\haris\AppData\Local\Android\sdk\system-images\android-36.1\google_apis_playstore\x86_64\package.xml
[        ] package.xml parsing problem. unexpected element (uri:"", local:"abis"). Expected elements are <{}vendor>,<{}codename>,<{}base-extension>,<{}abi>,<{}api-level>,<{}extension-level>,<{}tag>
[        ] package.xml parsing problem. unexpected element (uri:"", local:"translatedAbis"). Expected elements are <{}vendor>,<{}codename>,<{}base-extension>,<{}abi>,<{}api-level>,<{}extension-level>,<{}tag>
[        ] Parsing C:\Users\haris\AppData\Local\Android\sdk\build-tools\35.0.0\package.xml
[        ] Parsing C:\Users\haris\AppData\Local\Android\sdk\build-tools\36.1.0\package.xml
[        ] Parsing C:\Users\haris\AppData\Local\Android\sdk\cmake\3.22.1\package.xml
[        ] Parsing C:\Users\haris\AppData\Local\Android\sdk\cmdline-tools\latest\package.xml
[        ] Parsing C:\Users\haris\AppData\Local\Android\sdk\emulator\package.xml
[        ] Parsing C:\Users\haris\AppData\Local\Android\sdk\extras\google\Android_Emulator_Hypervisor_Driver\package.xml
[        ] Parsing C:\Users\haris\AppData\Local\Android\sdk\ndk\25.1.8937393\package.xml
[        ] Parsing C:\Users\haris\AppData\Local\Android\sdk\ndk\28.2.13676358\package.xml
[        ] Parsing C:\Users\haris\AppData\Local\Android\sdk\platform-tools\package.xml
[        ] Parsing C:\Users\haris\AppData\Local\Android\sdk\platforms\android-31\package.xml
[        ] Parsing C:\Users\haris\AppData\Local\Android\sdk\platforms\android-34\package.xml
[        ] Parsing C:\Users\haris\AppData\Local\Android\sdk\platforms\android-35\package.xml
[        ] Parsing C:\Users\haris\AppData\Local\Android\sdk\platforms\android-36\package.xml
[        ] Parsing C:\Users\haris\AppData\Local\Android\sdk\sources\android-36\package.xml
[        ] Parsing C:\Users\haris\AppData\Local\Android\sdk\system-images\android-36.1\google_apis_playstore\x86_64\package.xml
[        ] package.xml parsing problem. unexpected element (uri:"", local:"abis"). Expected elements are <{}vendor>,<{}codename>,<{}base-extension>,<{}abi>,<{}api-level>,<{}extension-level>,<{}tag>
[        ] package.xml parsing problem. unexpected element (uri:"", local:"translatedAbis"). Expected elements are <{}vendor>,<{}codename>,<{}base-extension>,<{}abi>,<{}api-level>,<{}extension-level>,<{}tag>
[   +1 ms] Checking the license for package Android SDK Build-Tools 34 in C:\Users\haris\AppData\Local\Android\sdk\licenses
[        ] License for package Android SDK Build-Tools 34 accepted.
[        ] Preparing "Install Android SDK Build-Tools 34 v.34.0.0".
[        ] "Install Android SDK Build-Tools 34 v.34.0.0" ready.
[        ] Installing Android SDK Build-Tools 34 in C:\Users\haris\AppData\Local\Android\sdk\build-tools\34.0.0
[        ] "Install Android SDK Build-Tools 34 v.34.0.0" complete.
[        ] "Install Android SDK Build-Tools 34 v.34.0.0" finished.
[   +1 ms] Parsing C:\Users\haris\AppData\Local\Android\sdk\build-tools\34.0.0\package.xml
[        ] Parsing C:\Users\haris\AppData\Local\Android\sdk\build-tools\35.0.0\package.xml
[+3403 ms] Parsing C:\Users\haris\AppData\Local\Android\sdk\build-tools\36.1.0\package.xml
[        ] Parsing C:\Users\haris\AppData\Local\Android\sdk\cmake\3.22.1\package.xml
[        ] Parsing C:\Users\haris\AppData\Local\Android\sdk\cmdline-tools\latest\package.xml
[        ] Parsing C:\Users\haris\AppData\Local\Android\sdk\emulator\package.xml
[        ] Parsing C:\Users\haris\AppData\Local\Android\sdk\extras\google\Android_Emulator_Hypervisor_Driver\package.xml
[        ] Parsing C:\Users\haris\AppData\Local\Android\sdk\ndk\25.1.8937393\package.xml
[        ] Parsing C:\Users\haris\AppData\Local\Android\sdk\ndk\28.2.13676358\package.xml
[        ] Parsing C:\Users\haris\AppData\Local\Android\sdk\platform-tools\package.xml
[        ] Parsing C:\Users\haris\AppData\Local\Android\sdk\platforms\android-31\package.xml
[        ] Parsing C:\Users\haris\AppData\Local\Android\sdk\platforms\android-34\package.xml
[        ] Parsing C:\Users\haris\AppData\Local\Android\sdk\platforms\android-35\package.xml
[        ] Parsing C:\Users\haris\AppData\Local\Android\sdk\platforms\android-36\package.xml
[        ] Parsing C:\Users\haris\AppData\Local\Android\sdk\sources\android-36\package.xml
[        ] Parsing C:\Users\haris\AppData\Local\Android\sdk\system-images\android-36.1\google_apis_playstore\x86_64\package.xml
[        ] package.xml parsing problem. unexpected element (uri:"", local:"abis"). Expected elements are <{}vendor>,<{}codename>,<{}base-extension>,<{}abi>,<{}api-level>,<{}extension-level>,<{}tag>
[   +1 ms] package.xml parsing problem. unexpected element (uri:"", local:"translatedAbis"). Expected elements are <{}vendor>,<{}codename>,<{}base-extension>,<{}abi>,<{}api-level>,<{}extension-level>,<{}tag>
[        ] SDK initialized in 63255 ms
[   +2 ms] Tasks to be executed: [task ':app:ReleaseMinSdkCheck', task ':app:buildKotlinToolingMetadata', task ':app:compileFlutterBuildRelease', task ':app:packJniLibsflutterBuildRelease', task ':app:preBuild', task ':app:preReleaseBuild', task ':app:checkReleaseAarMetadata', task ':app:cleanMergeReleaseAssets', task ':app:mergeReleaseShaders', task ':app:compileReleaseShaders', task ':app:generateReleaseAssets', task ':app:mergeReleaseAssets', task ':app:copyFlutterAssetsRelease', task ':app:generateReleaseResValues', task ':app:mapReleaseSourceSetPaths', task ':app:generateReleaseResources', task ':app:mergeReleaseResources', task ':app:packageReleaseResources', task ':app:parseReleaseLocalResources', task ':app:createReleaseCompatibleScreenManifests', task ':app:extractDeepLinksRelease', task ':app:processReleaseMainManifest', task ':app:outputReleaseAppLinkSettings', task ':app:processReleaseManifest', task ':app:processReleaseManifestForPackage', task ':app:processReleaseResources', task ':app:compileReleaseKotlin', task ':app:javaPreCompileRelease', task ':app:compileReleaseJavaWithJavac', task ':app:extractProguardFiles', task ':app:generateReleaseLintVitalReportModel', task ':app:lintVitalAnalyzeRelease', task ':app:lintVitalReportRelease', task ':app:lintVitalRelease', task ':app:configureCMakeRelease[arm64-v8a]', task ':app:buildCMakeRelease[arm64-v8a]', task ':app:configureCMakeRelease[armeabi-v7a]', task ':app:buildCMakeRelease[armeabi-v7a]', task ':app:configureCMakeRelease[x86_64]', task ':app:buildCMakeRelease[x86_64]', task ':app:mergeReleaseJniLibFolders', task ':app:mergeReleaseNativeLibs', task ':app:stripReleaseDebugSymbols', task ':app:extractReleaseNativeSymbolTables', task ':app:mergeReleaseNativeDebugMetadata', task ':app:checkReleaseDuplicateClasses', task ':app:mergeReleaseArtProfile', task ':app:expandReleaseArtProfileWildcards', task ':app:mergeReleaseGeneratedProguardFiles', task ':app:processReleaseJavaRes', task ':app:mergeReleaseJavaResource', task ':app:minifyReleaseWithR8', task ':app:compileReleaseArtProfile', task ':app:compressReleaseAssets', task ':app:extractReleaseVersionControlInfo', task ':app:processApplicationManifestReleaseForBundle', task ':app:bundleReleaseResources', task ':app:shrinkReleaseRes', task ':app:optimizeReleaseResources', task ':app:collectReleaseDependencies', task ':app:sdkReleaseDependencyData', task ':app:validateSigningRelease', task ':app:writeReleaseAppMetadata', task ':app:writeReleaseSigningConfigVersions', task ':app:packageRelease', task ':app:createReleaseApkListingFileRedirect', task ':app:assembleRelease']
[+1399 ms] Tasks that were excluded: []
[        ] Resolve mutations for :app:ReleaseMinSdkCheck (Thread[#368,included builds Thread 2,5,main]) started.
[        ] :app:ReleaseMinSdkCheck (Thread[#368,included builds Thread 2,5,main]) started.
[        ] > Task :app:ReleaseMinSdkCheck
[        ] Caching disabled for task ':app:ReleaseMinSdkCheck' because:
[        ]   Build cache is disabled
[   +1 ms] Task ':app:ReleaseMinSdkCheck' is not up-to-date because:
[        ]   Task has not declared any outputs despite executing actions.
[        ] Resolve mutations for :app:buildKotlinToolingMetadata (Thread[#368,included builds Thread 2,5,main]) started.
[        ] :app:buildKotlinToolingMetadata (Thread[#368,included builds Thread 2,5,main]) started.
[        ] > Task :app:buildKotlinToolingMetadata
[        ] Caching disabled for task ':app:buildKotlinToolingMetadata' because:
[        ]   Build cache is disabled
[        ]   Caching has not been enabled for the task
[        ] Task ':app:buildKotlinToolingMetadata' is not up-to-date because:
[        ]   No history is available.
[        ] Resolve mutations for :app:compileFlutterBuildRelease (Thread[#307,Execution worker,5,main]) started.
[        ] :app:compileFlutterBuildRelease (Thread[#307,Execution worker,5,main]) started.
[        ] > Task :app:compileFlutterBuildRelease
[        ] Caching disabled for task ':app:compileFlutterBuildRelease' because:
[        ]   Build cache is disabled
[        ]   Caching has not been enabled for the task
[        ] Task ':app:compileFlutterBuildRelease' is not up-to-date because:
[        ]   No history is available.
[   +1 ms] Starting process 'command 'D:\flutter\bin\flutter.bat''. Working directory: D:\Codes\Flutter\Portfolio Command: D:\flutter\bin\flutter.bat --verbose assemble --no-version-check --depfile D:\Codes\Flutter\Portfolio\build\app\intermediates\flutter\release/flutter_build.d --output D:\Codes\Flutter\Portfolio\build\app\intermediates\flutter\release -dTargetFile=lib\main.dart -dTargetPlatform=android -dBuildMode=release -dTrackWidgetCreation=true -dTreeShakeIcons=true --DartDefines=RkxVVFRFUl9WRVJTSU9OPTMuMzguMQ==,RkxVVFRFUl9DSEFOTkVMPXN0YWJsZQ==,RkxVVFRFUl9HSVRfVVJMPWh0dHBzOi8vZ2l0aHViLmNvbS9mbHV0dGVyL2ZsdXR0ZXIuZ2l0,RkxVVFRFUl9GUkFNRVdPUktfUkVWSVNJT049YjQ1ZmExODk0Ng==,RkxVVFRFUl9FTkdJTkVfUkVWSVNJT049YjU5OTBlNWNjYw==,RkxVVFRFUl9EQVJUX1ZFUlNJT049My4xMC4w -dFlavor= -dAndroidArchs=android-arm android-arm64 android-x64 -dMinSdkVersion=24 android_aot_bundle_release_android-arm android_aot_bundle_release_android-arm64 android_aot_bundle_release_android-x64
[        ] Successfully started process 'command 'D:\flutter\bin\flutter.bat''
[+12433 ms] [+1320 ms] Artifact Instance of 'MaterialFonts' is not required, skipping update.
[        ] [   +8 ms] Artifact Instance of 'GradleWrapper' is not required, skipping update.
[        ] [        ] Artifact Instance of 'AndroidGenSnapshotArtifacts' is not required, skipping update.
[   +2 ms] [        ] Artifact Instance of 'AndroidInternalBuildArtifacts' is not required, skipping update.
[   +2 ms] [        ] Artifact Instance of 'IOSEngineArtifacts' is not required, skipping update.
[        ] [        ] Artifact Instance of 'FlutterWebSdk' is not required, skipping update.
[   +3 ms] [   +3 ms] Artifact Instance of 'LegacyCanvasKitRemover' is not required, skipping update.
[        ] [        ] Artifact Instance of 'FlutterSdk' is not required, skipping update.
[        ] [   +1 ms] Artifact Instance of 'WindowsEngineArtifacts' is not required, skipping update.
[        ] [   +1 ms] Artifact Instance of 'MacOSEngineArtifacts' is not required, skipping update.
[        ] [   +1 ms] Artifact Instance of 'LinuxEngineArtifacts' is not required, skipping update.
[        ] [        ] Artifact Instance of 'LinuxFuchsiaSDKArtifacts' is not required, skipping update.
[        ] [        ] Artifact Instance of 'MacOSFuchsiaSDKArtifacts' is not required, skipping update.
[        ] [        ] Artifact Instance of 'FlutterRunnerSDKArtifacts' is not required, skipping update.
[        ] [        ] Artifact Instance of 'FlutterRunnerDebugSymbols' is not required, skipping update.
[  +13 ms] [        ] Artifact Instance of 'IosUsbArtifacts' is not required, skipping update.
[        ] [        ] Artifact Instance of 'IosUsbArtifacts' is not required, skipping update.
[        ] [   +1 ms] Artifact Instance of 'IosUsbArtifacts' is not required, skipping update.
[        ] [        ] Artifact Instance of 'IosUsbArtifacts' is not required, skipping update.
[   +3 ms] [        ] Artifact Instance of 'IosUsbArtifacts' is not required, skipping update.
[        ] [        ] Artifact Instance of 'IosUsbArtifacts' is not required, skipping update.
[   +1 ms] [        ] Artifact Instance of 'FontSubsetArtifacts' is not required, skipping update.
[   +1 ms] [        ] Artifact Instance of 'PubDependencies' is not required, skipping update.
[        ] [  +73 ms] Artifact Instance of 'AndroidGenSnapshotArtifacts' is not required, skipping update.
[        ] [   +1 ms] Artifact Instance of 'AndroidInternalBuildArtifacts' is not required, skipping update.
[        ] [  +11 ms] Artifact Instance of 'IOSEngineArtifacts' is not required, skipping update.
[        ] [   +3 ms] Artifact Instance of 'FlutterWebSdk' is not required, skipping update.
[  +72 ms] [   +1 ms] Artifact Instance of 'FlutterEngineStamp' is not required, skipping update.
[        ] [        ] Artifact Instance of 'LegacyCanvasKitRemover' is not required, skipping update.
[        ] [  +11 ms] Artifact Instance of 'WindowsEngineArtifacts' is not required, skipping update.
[        ] [        ] Artifact Instance of 'MacOSEngineArtifacts' is not required, skipping update.
[        ] [   +1 ms] Artifact Instance of 'LinuxEngineArtifacts' is not required, skipping update.
[        ] [   +1 ms] Artifact Instance of 'LinuxFuchsiaSDKArtifacts' is not required, skipping update.
[        ] [        ] Artifact Instance of 'MacOSFuchsiaSDKArtifacts' is not required, skipping update.
[        ] [        ] Artifact Instance of 'FlutterRunnerSDKArtifacts' is not required, skipping update.
[        ] [   +1 ms] Artifact Instance of 'FlutterRunnerDebugSymbols' is not required, skipping update.
[ +908 ms] [ +924 ms] Artifact Instance of 'MaterialFonts' is not required, skipping update.
[        ] [   +1 ms] Artifact Instance of 'GradleWrapper' is not required, skipping update.
[        ] [   +8 ms] Artifact Instance of 'AndroidInternalBuildArtifacts' is not required, skipping update.
[        ] [   +4 ms] Artifact Instance of 'IOSEngineArtifacts' is not required, skipping update.
[        ] [   +1 ms] Artifact Instance of 'FlutterWebSdk' is not required, skipping update.
[        ] [        ] Artifact Instance of 'FlutterEngineStamp' is not required, skipping update.
[        ] [        ] Artifact Instance of 'LegacyCanvasKitRemover' is not required, skipping update.
[        ] [        ] Artifact Instance of 'FlutterSdk' is not required, skipping update.
[        ] [        ] Artifact Instance of 'WindowsEngineArtifacts' is not required, skipping update.
[        ] [        ] Artifact Instance of 'MacOSEngineArtifacts' is not required, skipping update.
[        ] [        ] Artifact Instance of 'LinuxEngineArtifacts' is not required, skipping update.
[        ] [        ] Artifact Instance of 'LinuxFuchsiaSDKArtifacts' is not required, skipping update.
[        ] [  +19 ms] Artifact Instance of 'MacOSFuchsiaSDKArtifacts' is not required, skipping update.
[        ] [        ] Artifact Instance of 'FlutterRunnerSDKArtifacts' is not required, skipping update.
[        ] [        ] Artifact Instance of 'FlutterRunnerDebugSymbols' is not required, skipping update.
[        ] [        ] Artifact Instance of 'IosUsbArtifacts' is not required, skipping update.
[        ] [        ] Artifact Instance of 'IosUsbArtifacts' is not required, skipping update.
[        ] [   +5 ms] Artifact Instance of 'IosUsbArtifacts' is not required, skipping update.
[        ] [   +1 ms] Artifact Instance of 'IosUsbArtifacts' is not required, skipping update.
[        ] [        ] Artifact Instance of 'IosUsbArtifacts' is not required, skipping update.
[        ] [        ] Artifact Instance of 'IosUsbArtifacts' is not required, skipping update.
[        ] [        ] Artifact Instance of 'FontSubsetArtifacts' is not required, skipping update.
[        ] [        ] Artifact Instance of 'PubDependencies' is not required, skipping update.
[ +515 ms] [ +491 ms] Initializing file store
[+1336 ms] [+1320 ms] Skipping target: gen_localizations
[  +48 ms] [  +91 ms] gen_dart_plugin_registrant: Starting due to {InvalidatedReasonKind.outputSetAddition: The following outputs were added to the output set: D:\Codes\Flutter\Portfolio\.dart_tool\flutter_build\dart_plugin_registrant.dart, InvalidatedReasonKind.inputChanged: The following inputs have updated contents: D:\Codes\Flutter\Portfolio\.dart_tool\package_config.json}
[        ] [  +30 ms] dart_build: Starting due to {}
[+2158 ms] [+2017 ms] No packages with native assets. Skipping native assets compilation.
[  +91 ms] [ +229 ms] dart_build: Complete
[+2575 ms] [+2267 ms] install_code_assets: Starting due to {}
[        ] [  +69 ms] Writing native assets json to file:///D:/Codes/Flutter/Portfolio/.dart_tool/flutter_build/06d44f54b472f7e1a95715b2b9498eb7/native_assets.json.
[ +208 ms] [ +214 ms] Writing D:\Codes\Flutter\Portfolio\.dart_tool\flutter_build\06d44f54b472f7e1a95715b2b9498eb7\native_assets.json done.
[   +5 ms] [   +7 ms] install_code_assets: Complete
[+1514 ms] [+1614 ms] Found plugin url_launcher at C:\Users\haris\AppData\Local\Pub\Cache\hosted\pub.dev\url_launcher-6.3.2\
[ +116 ms] [  +65 ms] Found plugin url_launcher_windows at C:\Users\haris\AppData\Local\Pub\Cache\hosted\pub.dev\url_launcher_windows-3.1.4\
[ +181 ms] [  +98 ms] Found plugin url_launcher_web at C:\Users\haris\AppData\Local\Pub\Cache\hosted\pub.dev\url_launcher_web-2.4.1\
[        ] [  +65 ms] Found plugin url_launcher_macos at C:\Users\haris\AppData\Local\Pub\Cache\hosted\pub.dev\url_launcher_macos-3.2.2\
[        ] [ +102 ms] Found plugin url_launcher_linux at C:\Users\haris\AppData\Local\Pub\Cache\hosted\pub.dev\url_launcher_linux-3.2.1\
[        ] [  +31 ms] Found plugin url_launcher_ios at C:\Users\haris\AppData\Local\Pub\Cache\hosted\pub.dev\url_launcher_ios-6.3.3\
[        ] [  +71 ms] Found plugin url_launcher_android at C:\Users\haris\AppData\Local\Pub\Cache\hosted\pub.dev\url_launcher_android-6.3.16\
[ +996 ms] [ +934 ms] Skipping generating dart_plugin_registrant.dart because it is up-to-date.
[        ] [        ] gen_dart_plugin_registrant: Complete
[        ] [  +20 ms] kernel_snapshot_program: Starting due to {}
[ +303 ms] [ +279 ms] D:\flutter\bin\cache\dart-sdk\bin\dartaotruntime.exe D:\flutter\bin\cache\dart-sdk\bin\snapshots\frontend_server_aot.dart.snapshot --sdk-root D:\flutter\bin\cache\artifacts\engine\common\flutter_patched_sdk_product/ --target=flutter --no-print-incremental-dependencies -DFLUTTER_VERSION=3.38.1 -DFLUTTER_CHANNEL=stable -DFLUTTER_GIT_URL=https://github.com/flutter/flutter.git -DFLUTTER_FRAMEWORK_REVISION=b45fa18946 -DFLUTTER_ENGINE_REVISION=b5990e5ccc -DFLUTTER_DART_VERSION=3.10.0 -DFLUTTER_APP_FLAVOR= -Ddart.vm.profile=false -Ddart.vm.product=true --delete-tostring-package-uri=dart:ui --delete-tostring-package-uri=package:flutter --aot --tfa --target-os android --packages D:\Codes\Flutter\Portfolio\.dart_tool\package_config.json --output-dill D:\Codes\Flutter\Portfolio\.dart_tool\flutter_build\06d44f54b472f7e1a95715b2b9498eb7\app.dill --depfile D:\Codes\Flutter\Portfolio\.dart_tool\flutter_build\06d44f54b472f7e1a95715b2b9498eb7\kernel_snapshot_program.d --source file:///D:/Codes/Flutter/Portfolio/.dart_tool/flutter_build/dart_plugin_registrant.dart --source package:flutter/src/dart_plugin_registrant.dart -Dflutter.dart_plugin_registrant=file:///D:/Codes/Flutter/Portfolio/.dart_tool/flutter_build/dart_plugin_registrant.dart --verbosity=error package:portfolio/main.dart
[+122752 ms] [+122779 ms] kernel_snapshot_program: Complete
[+8138 ms] [+7919 ms] android_aot_release_android-arm: Starting due to {}
[        ] [ +140 ms] targetingApplePlatform = false
[   +1 ms] [   +4 ms] extractAppleDebugSymbols = true
[        ] [        ] Will strip AOT snapshot during build.
[        ] [   +7 ms] executing: D:\flutter\bin\cache\artifacts\engine\android-arm-release\windows-x64\gen_snapshot --deterministic --snapshot_kind=app-aot-elf --elf=D:\Codes\Flutter\Portfolio\.dart_tool\flutter_build\06d44f54b472f7e1a95715b2b9498eb7\armeabi-v7a\app.so --strip --no-sim-use-hardfp --no-use-integer-division D:\Codes\Flutter\Portfolio\.dart_tool\flutter_build\06d44f54b472f7e1a95715b2b9498eb7\app.dill
[        ] [  +69 ms] aot_android_asset_bundle: Starting due to {}
[   +1 ms] [  +21 ms] android_aot_release_android-arm64: Starting due to {}
[  +25 ms] [   +2 ms] targetingApplePlatform = false
[        ] [        ] extractAppleDebugSymbols = true
[        ] [        ] Will strip AOT snapshot during build.
[        ] [   +1 ms] executing: D:\flutter\bin\cache\artifacts\engine\android-arm64-release\windows-x64\gen_snapshot --deterministic --snapshot_kind=app-aot-elf --elf=D:\Codes\Flutter\Portfolio\.dart_tool\flutter_build\06d44f54b472f7e1a95715b2b9498eb7\arm64-v8a\app.so --strip D:\Codes\Flutter\Portfolio\.dart_tool\flutter_build\06d44f54b472f7e1a95715b2b9498eb7\app.dill
[        ] [   +4 ms] android_aot_release_android-x64: Starting due to {}
[        ] [   +2 ms] targetingApplePlatform = false
[        ] [        ] extractAppleDebugSymbols = true
[        ] [   +1 ms] Will strip AOT snapshot during build.
[        ] [   +2 ms] executing: D:\flutter\bin\cache\artifacts\engine\android-x64-release\windows-x64\gen_snapshot --deterministic --snapshot_kind=app-aot-elf --elf=D:\Codes\Flutter\Portfolio\.dart_tool\flutter_build\06d44f54b472f7e1a95715b2b9498eb7\x86_64\app.so --strip D:\Codes\Flutter\Portfolio\.dart_tool\flutter_build\06d44f54b472f7e1a95715b2b9498eb7\app.dill
[+1456 ms] [+1468 ms] Manifest contained wildcard assets. Inserting missing file into build graph to force rerun. for more information see #56466.
[ +192 ms] [ +154 ms] shaderc command: [D:\flutter\bin\cache\artifacts\engine\windows-x64\impellerc.exe, --sksl, --runtime-stage-gles, --runtime-stage-gles3, --runtime-stage-vulkan, --iplr, --sl=D:\Codes\Flutter\Portfolio\build\app\intermediates\flutter\release\flutter_assets\shaders/ink_sparkle.frag, --spirv=D:\Codes\Flutter\Portfolio\build\app\intermediates\flutter\release\flutter_assets\shaders/ink_sparkle.frag.spirv, --input=D:\flutter\packages\flutter\lib\src\material\shaders\ink_sparkle.frag, --input-type=frag, --include=D:\flutter\packages\flutter\lib\src\material\shaders, --include=D:\flutter\bin\cache\artifacts\engine\windows-x64\shader_lib]
[        ] [  +14 ms] shaderc command: [D:\flutter\bin\cache\artifacts\engine\windows-x64\impellerc.exe, --sksl, --runtime-stage-gles, --runtime-stage-gles3, --runtime-stage-vulkan, --iplr, --sl=D:\Codes\Flutter\Portfolio\build\app\intermediates\flutter\release\flutter_assets\shaders/stretch_effect.frag, --spirv=D:\Codes\Flutter\Portfolio\build\app\intermediates\flutter\release\flutter_assets\shaders/stretch_effect.frag.spirv, --input=D:\flutter\packages\flutter\lib\src\material\shaders\stretch_effect.frag, --input-type=frag, --include=D:\flutter\packages\flutter\lib\src\material\shaders, --include=D:\flutter\bin\cache\artifacts\engine\windows-x64\shader_lib]
[+1244 ms] [+1135 ms] Running command: D:\flutter\bin\cache\dart-sdk\bin\dart.exe D:\flutter\bin\cache\artifacts\engine\windows-x64\const_finder.dart.snapshot --kernel-file D:\Codes\Flutter\Portfolio\.dart_tool\flutter_build\06d44f54b472f7e1a95715b2b9498eb7\app.dill --class-library-uri package:flutter/src/widgets/icon_data.dart --class-name IconData --annotation-class-name _StaticIconProvider --annotation-class-library-uri package:flutter/src/widgets/icon_data.dart
[+20434 ms] [+20498 ms] Expected to find fontFamily for constant IconData with codepoint: 128842, but found fontFamily: null. This usually means you are relying on the system font. Alternatively, font families in an IconData class can be provided in the assets section of your pubspec.yaml, or you are missing "uses-material-design: true".
[        ] [  +38 ms] Running font-subset: D:\flutter\bin\cache\artifacts\engine\windows-x64\font-subset.exe D:\Codes\Flutter\Portfolio\build\app\intermediates\flutter\release\flutter_assets\fonts/MaterialIcons-Regular.otf D:\flutter\bin\cache\artifacts\material_fonts\MaterialIcons-Regular.otf, using codepoints 57502 57501 57504 57706 57490 58372 58136 61663 57487 57738 59101 58513 57898 58336 58240 57718 58332
[+1095 ms] [+1081 ms] Font asset "MaterialIcons-Regular.otf" was tree-shaken, reducing it from 1645184 to 2420 bytes (99.9% reduction). Tree-shaking can be disabled by providing the --no-tree-shake-icons flag when building your app.
[        ] [  +20 ms] aot_android_asset_bundle: Complete
[+110468 ms] [+110361 ms] android_aot_release_android-arm: Complete
[+2387 ms] [+2398 ms] android_aot_bundle_release_android-arm: Starting due to {}
[        ] [  +67 ms] android_aot_bundle_release_android-arm: Complete
[+1062 ms] [+1037 ms] android_aot_release_android-x64: Complete
[+2421 ms] [+2462 ms] android_aot_bundle_release_android-x64: Starting due to {}
[ +102 ms] [ +106 ms] android_aot_bundle_release_android-x64: Complete
[+1319 ms] [+1305 ms] android_aot_release_android-arm64: Complete
[+3648 ms] [+3625 ms] android_aot_bundle_release_android-arm64: Starting due to {}
[        ] [  +26 ms] android_aot_bundle_release_android-arm64: Complete
[ +667 ms] [ +696 ms] _composite: Starting due to {}
[        ] [   +1 ms] _composite: Complete
[   +1 ms] [   +5 ms] Persisting file store
[ +106 ms] [  +75 ms] Done persisting file store
[ +204 ms] [ +204 ms] build succeeded.
[ +198 ms] [ +169 ms] "flutter assemble" took 288,919ms.
[ +671 ms] [ +698 ms] Running 1 shutdown hook
[        ] [  +11 ms] Shutdown hooks complete
[ +308 ms] [ +266 ms] exiting with code 0
[ +521 ms] Resolve mutations for :app:packJniLibsflutterBuildRelease (Thread[#307,Execution worker,5,main]) started.
[        ] :app:packJniLibsflutterBuildRelease (Thread[#307,Execution worker,5,main]) started.
[+2019 ms] > Task :app:packJniLibsflutterBuildRelease
[        ] Caching disabled for task ':app:packJniLibsflutterBuildRelease' because:
[   +2 ms]   Build cache is disabled
[   +1 ms]   Not worth caching
[        ] Task ':app:packJniLibsflutterBuildRelease' is not up-to-date because:
[        ]   No history is available.
[+4887 ms] file or directory 'D:\Codes\Flutter\Portfolio\build\native_assets\android\jniLibs\lib\armeabi-v7a', not found
[+3795 ms] file or directory 'D:\Codes\Flutter\Portfolio\build\native_assets\android\jniLibs\lib\arm64-v8a', not found
[+2582 ms] file or directory 'D:\Codes\Flutter\Portfolio\build\native_assets\android\jniLibs\lib\x86_64', not found
[ +185 ms] Resolve mutations for :app:preBuild (Thread[#368,included builds Thread 2,5,main]) started.
[   +1 ms] :app:preBuild (Thread[#368,included builds Thread 2,5,main]) started.
[  +19 ms] > Task :app:preBuild UP-TO-DATE
[        ] Skipping task ':app:preBuild' as it has no actions.
[        ] Resolve mutations for :app:preReleaseBuild (Thread[#368,included builds Thread 2,5,main]) started.
[        ] :app:preReleaseBuild (Thread[#368,included builds Thread 2,5,main]) started.
[        ] > Task :app:preReleaseBuild UP-TO-DATE
[        ] Skipping task ':app:preReleaseBuild' as it has no actions.
[        ] Resolve mutations for :app:checkReleaseAarMetadata (Thread[#368,included builds Thread 2,5,main]) started.
[  +11 ms] :app:checkReleaseAarMetadata (Thread[#368,included builds Thread 2,5,main]) started.
[+1917 ms] > Task :app:checkReleaseAarMetadata
[   +2 ms] Resource missing. [HTTP GET: https://dl.google.com/dl/android/maven2/org/jetbrains/kotlin/kotlin-stdlib-jdk7/1.9.0/kotlin-stdlib-jdk7-1.9.0.pom]
[   +1 ms] Resource missing. [HTTP GET: https://dl.google.com/dl/android/maven2/io/flutter/arm64_v8a_release/1.0.0-b5990e5ccc5e325fd24f0746e7d6689bbebc7c65/arm64_v8a_release-1.0.0-b5990e5ccc5e325fd24f0746e7d6689bbebc7c65.pom]
[   +6 ms] Resource missing. [HTTP GET: https://dl.google.com/dl/android/maven2/io/flutter/x86_64_release/1.0.0-b5990e5ccc5e325fd24f0746e7d6689bbebc7c65/x86_64_release-1.0.0-b5990e5ccc5e325fd24f0746e7d6689bbebc7c65.pom]
[   +3 ms] Resource missing. [HTTP GET: https://dl.google.com/dl/android/maven2/io/flutter/armeabi_v7a_release/1.0.0-b5990e5ccc5e325fd24f0746e7d6689bbebc7c65/armeabi_v7a_release-1.0.0-b5990e5ccc5e325fd24f0746e7d6689bbebc7c65.pom]
[        ] Downloading https://repo.maven.apache.org/maven2/org/jetbrains/kotlin/kotlin-stdlib-jdk7/1.9.0/kotlin-stdlib-jdk7-1.9.0.pom to C:\Users\haris\.gradle\.tmp\gradle_download12594585923505610525bin
[        ] Resource missing. [HTTP GET: https://repo.maven.apache.org/maven2/io/flutter/x86_64_release/1.0.0-b5990e5ccc5e325fd24f0746e7d6689bbebc7c65/x86_64_release-1.0.0-b5990e5ccc5e325fd24f0746e7d6689bbebc7c65.pom]
[        ] Resource missing. [HTTP GET: https://repo.maven.apache.org/maven2/io/flutter/arm64_v8a_release/1.0.0-b5990e5ccc5e325fd24f0746e7d6689bbebc7c65/arm64_v8a_release-1.0.0-b5990e5ccc5e325fd24f0746e7d6689bbebc7c65.pom]
[        ] Resource missing. [HTTP GET: https://repo.maven.apache.org/maven2/io/flutter/armeabi_v7a_release/1.0.0-b5990e5ccc5e325fd24f0746e7d6689bbebc7c65/armeabi_v7a_release-1.0.0-b5990e5ccc5e325fd24f0746e7d6689bbebc7c65.pom]
[ +699 ms] Downloading https://storage.googleapis.com/download.flutter.io/io/flutter/x86_64_release/1.0.0-b5990e5ccc5e325fd24f0746e7d6689bbebc7c65/x86_64_release-1.0.0-b5990e5ccc5e325fd24f0746e7d6689bbebc7c65.pom to C:\Users\haris\.gradle\.tmp\gradle_download9678697162503695929bin
[   +1 ms] Downloading https://storage.googleapis.com/download.flutter.io/io/flutter/arm64_v8a_release/1.0.0-b5990e5ccc5e325fd24f0746e7d6689bbebc7c65/arm64_v8a_release-1.0.0-b5990e5ccc5e325fd24f0746e7d6689bbebc7c65.pom to C:\Users\haris\.gradle\.tmp\gradle_download2271215280035370251bin
[ +349 ms] Downloading https://storage.googleapis.com/download.flutter.io/io/flutter/armeabi_v7a_release/1.0.0-b5990e5ccc5e325fd24f0746e7d6689bbebc7c65/armeabi_v7a_release-1.0.0-b5990e5ccc5e325fd24f0746e7d6689bbebc7c65.pom to C:\Users\haris\.gradle\.tmp\gradle_download10616515648208589305bin
[ +254 ms] Resource missing. [HTTP GET: https://dl.google.com/dl/android/maven2/org/jetbrains/kotlin/kotlin-stdlib/1.9.0/kotlin-stdlib-1.9.0.pom]
[        ] Downloading https://repo.maven.apache.org/maven2/org/jetbrains/kotlin/kotlin-stdlib/1.9.0/kotlin-stdlib-1.9.0.pom to C:\Users\haris\.gradle\.tmp\gradle_download18050900425377097908bin
[ +343 ms] Resource missing. [HTTP GET: https://dl.google.com/dl/android/maven2/org/jetbrains/kotlin/kotlin-stdlib-common/1.9.0/kotlin-stdlib-common-1.9.0.pom]
[        ] Downloading https://repo.maven.apache.org/maven2/org/jetbrains/kotlin/kotlin-stdlib-common/1.9.0/kotlin-stdlib-common-1.9.0.pom to C:\Users\haris\.gradle\.tmp\gradle_download9223139262297506118bin
[ +164 ms] Caching disabled for task ':app:checkReleaseAarMetadata' because:
[   +1 ms]   Build cache is disabled
[   +1 ms]   Caching has been disabled for the task
[   +1 ms] Task ':app:checkReleaseAarMetadata' is not up-to-date because:
[   +1 ms]   No history is available.
[ +597 ms] Resolve mutations for :app:cleanMergeReleaseAssets (Thread[#307,Execution worker,5,main]) started.
[        ] :app:cleanMergeReleaseAssets (Thread[#307,Execution worker,5,main]) started.
[        ] > Task :app:cleanMergeReleaseAssets UP-TO-DATE
[   +1 ms] Caching disabled for task ':app:cleanMergeReleaseAssets' because:
[   +1 ms]   Build cache is disabled
[        ] Task ':app:cleanMergeReleaseAssets' is not up-to-date because:
[        ]   Task has not declared any outputs despite executing actions.
[        ] Resolve mutations for :app:mergeReleaseShaders (Thread[#307,Execution worker,5,main]) started.
[        ] :app:mergeReleaseShaders (Thread[#307,Execution worker,5,main]) started.
[ +991 ms] > Task :app:mergeReleaseShaders
[   +7 ms] Caching disabled for task ':app:mergeReleaseShaders' because:
[        ]   Build cache is disabled
[        ] Task ':app:mergeReleaseShaders' is not up-to-date because:
[        ]   No history is available.
[        ] The input changes require a full rebuild for incremental task ':app:mergeReleaseShaders'.
[        ] Resolve mutations for :app:compileReleaseShaders (Thread[#307,Execution worker,5,main]) started.
[   +4 ms] :app:compileReleaseShaders (Thread[#368,included builds Thread 2,5,main]) started.
[  +20 ms] > Task :app:compileReleaseShaders NO-SOURCE
[        ] Skipping task ':app:compileReleaseShaders' as it has no source files and no previous output files.
[        ] Resolve mutations for :app:generateReleaseAssets (Thread[#368,included builds Thread 2,5,main]) started.
[        ] :app:generateReleaseAssets (Thread[#368,included builds Thread 2,5,main]) started.
[        ] > Task :app:generateReleaseAssets UP-TO-DATE
[        ] Skipping task ':app:generateReleaseAssets' as it has no actions.
[        ] Resolve mutations for :app:mergeReleaseAssets (Thread[#307,Execution worker,5,main]) started.
[        ] :app:mergeReleaseAssets (Thread[#368,included builds Thread 2,5,main]) started.
[        ] > Task :app:mergeReleaseAssets
[        ] Caching disabled for task ':app:mergeReleaseAssets' because:
[        ]   Build cache is disabled
[        ] Task ':app:mergeReleaseAssets' is not up-to-date because:
[        ]   No history is available.
[        ] The input changes require a full rebuild for incremental task ':app:mergeReleaseAssets'.
[        ] Resolve mutations for :app:copyFlutterAssetsRelease (Thread[#368,included builds Thread 2,5,main]) started.
[        ] :app:copyFlutterAssetsRelease (Thread[#368,included builds Thread 2,5,main]) started.
[+1058 ms] > Task :app:copyFlutterAssetsRelease
[   +2 ms] Caching disabled for task ':app:copyFlutterAssetsRelease' because:
[  +28 ms]   Build cache is disabled
[        ]   Not worth caching
[        ] Task ':app:copyFlutterAssetsRelease' is not up-to-date because:
[        ]   No history is available.
[        ] Resolve mutations for :app:generateReleaseResValues (Thread[#368,included builds Thread 2,5,main]) started.
[        ] :app:generateReleaseResValues (Thread[#368,included builds Thread 2,5,main]) started.
[ +251 ms] > Task :app:generateReleaseResValues
[        ] Caching disabled for task ':app:generateReleaseResValues' because:
[        ]   Build cache is disabled
[        ] Task ':app:generateReleaseResValues' is not up-to-date because:
[        ]   No history is available.
[        ] Resolve mutations for :app:mapReleaseSourceSetPaths (Thread[#368,included builds Thread 2,5,main]) started.
[        ] :app:mapReleaseSourceSetPaths (Thread[#368,included builds Thread 2,5,main]) started.
[ +172 ms] > Task :app:mapReleaseSourceSetPaths
[        ] Caching disabled for task ':app:mapReleaseSourceSetPaths' because:
[        ]   Build cache is disabled
[        ]   Caching has been disabled for the task
[   +1 ms] Task ':app:mapReleaseSourceSetPaths' is not up-to-date because:
[        ]   No history is available.
[        ] Resolve mutations for :app:generateReleaseResources (Thread[#368,included builds Thread 2,5,main]) started.
[        ] :app:generateReleaseResources (Thread[#368,included builds Thread 2,5,main]) started.
[ +124 ms] > Task :app:generateReleaseResources
[   +1 ms] Caching disabled for task ':app:generateReleaseResources' because:
[        ]   Build cache is disabled
[        ] Task ':app:generateReleaseResources' is not up-to-date because:
[        ]   No history is available.
[        ] Resolve mutations for :app:mergeReleaseResources (Thread[#368,included builds Thread 2,5,main]) started.
[        ] :app:mergeReleaseResources (Thread[#368,included builds Thread 2,5,main]) started.
[+1981 ms] > Task :app:mergeReleaseResources
[   +9 ms] Caching disabled for task ':app:mergeReleaseResources' because:
[        ]   Build cache is disabled
[  +58 ms] Task ':app:mergeReleaseResources' is not up-to-date because:
[        ]   No history is available.
[        ] The input changes require a full rebuild for incremental task ':app:mergeReleaseResources'.
[        ] [MergeResources] Inputs are non-incremental full task action.
[   +1 ms] Compiling XML table D:\Codes\Flutter\Portfolio\build\app\intermediates\incremental\release\mergeReleaseResources\merged.dir\values\values.xml to D:\Codes\Flutter\Portfolio\build\app\intermediates\merged_res\release\mergeReleaseResources\values_values.arsc.flat
[        ] Compiling XML table D:\Codes\Flutter\Portfolio\build\app\intermediates\incremental\release\mergeReleaseResources\merged.dir\values-night-v8\values-night-v8.xml to D:\Codes\Flutter\Portfolio\build\app\intermediates\merged_res\release\mergeReleaseResources\values-night-v8_values-night-v8.arsc.flat
[        ] Compiling xml file D:\Codes\Flutter\Portfolio\android\app\src\main\res\drawable-v21\launch_background.xml to D:\Codes\Flutter\Portfolio\build\app\intermediates\merged_res\release\mergeReleaseResources\drawable-v21_launch_background.xml.flat
[ +469 ms] Downloading https://dl.google.com/dl/android/maven2/com/android/tools/build/aapt2/8.3.0-10880808/aapt2-8.3.0-10880808.pom to C:\Users\haris\.gradle\.tmp\gradle_download6993573234681980365bin
[ +949 ms] Downloading https://dl.google.com/dl/android/maven2/com/android/tools/build/aapt2/8.3.0-10880808/aapt2-8.3.0-10880808-windows.jar to C:\Users\haris\.gradle\.tmp\gradle_download8913387523746951520bin
[+1403 ms] Transforming aapt2-8.3.0-10880808-windows.jar (com.android.tools.build:aapt2:8.3.0-10880808) with Aapt2Extractor
[ +304 ms] Caching disabled for Aapt2Extractor: C:\Users\haris\.gradle\caches\modules-2\files-2.1\com.android.tools.build\aapt2\8.3.0-10880808\f1e64ff833ad7cf23e1838e13fae610197f617a5\aapt2-8.3.0-10880808-windows.jar because:
[        ]   Build cache is disabled
[        ]   Caching not enabled.
[ +696 ms] Resolve mutations for :app:packageReleaseResources (Thread[#309,Execution worker Thread 3,5,main]) started.
[   +1 ms] :app:packageReleaseResources (Thread[#309,Execution worker Thread 3,5,main]) started.
[ +611 ms] > Task :app:packageReleaseResources
[        ] Caching disabled for task ':app:packageReleaseResources' because:
[        ]   Build cache is disabled
[ +168 ms] Task ':app:packageReleaseResources' is not up-to-date because:
[        ]   No history is available.
[        ] The input changes require a full rebuild for incremental task ':app:packageReleaseResources'.
[        ] [MergeResources] Inputs are non-incremental full task action.
[        ] Resolve mutations for :app:parseReleaseLocalResources (Thread[#309,Execution worker Thread 3,5,main]) started.
[        ] :app:parseReleaseLocalResources (Thread[#309,Execution worker Thread 3,5,main]) started.
[ +409 ms] > Task :app:mergeReleaseResources
[        ] AAPT2 aapt2-8.3.0-10880808-windows Daemon #0: starting
[        ] AAPT2 aapt2-8.3.0-10880808-windows Daemon #1: starting
[        ] AAPT2 aapt2-8.3.0-10880808-windows Daemon #2: starting
[+1250 ms] > Task :app:parseReleaseLocalResources
[        ] Transforming android.jar with PlatformAttrTransform
[+7606 ms] Caching disabled for PlatformAttrTransform: C:\Users\haris\AppData\Local\Android\sdk\platforms\android-34\android.jar because:
[   +1 ms]   Build cache is disabled
[ +311 ms] Transforming android.jar with PlatformAttrTransform
[  +29 ms] Caching disabled for task ':app:parseReleaseLocalResources' because:
[        ]   Build cache is disabled
[        ] Task ':app:parseReleaseLocalResources' is not up-to-date because:
[        ]   No history is available.
[        ] The input changes require a full rebuild for incremental task ':app:parseReleaseLocalResources'.
[  +56 ms] Transforming android.jar with PlatformAttrTransform
[   +8 ms] Resolve mutations for :app:createReleaseCompatibleScreenManifests (Thread[#368,included builds Thread 2,5,main]) started.
[        ] :app:createReleaseCompatibleScreenManifests (Thread[#307,Execution worker,5,main]) started.
[ +251 ms] > Task :app:createReleaseCompatibleScreenManifests
[   +1 ms] Caching disabled for task ':app:createReleaseCompatibleScreenManifests' because:
[   +1 ms]   Build cache is disabled
[   +1 ms]   Caching has been disabled for the task
[   +1 ms] Task ':app:createReleaseCompatibleScreenManifests' is not up-to-date because:
[   +3 ms]   No history is available.
[   +3 ms] Resolve mutations for :app:extractDeepLinksRelease (Thread[#307,Execution worker,5,main]) started.
[        ] :app:extractDeepLinksRelease (Thread[#307,Execution worker,5,main]) started.
[ +112 ms] > Task :app:extractDeepLinksRelease
[   +1 ms] Caching disabled for task ':app:extractDeepLinksRelease' because:
[        ]   Build cache is disabled
[  +71 ms] Task ':app:extractDeepLinksRelease' is not up-to-date because:
[  +48 ms]   No history is available.
[   +1 ms] Resolve mutations for :app:processReleaseMainManifest (Thread[#307,Execution worker,5,main]) started.
[        ] :app:processReleaseMainManifest (Thread[#307,Execution worker,5,main]) started.
[ +598 ms] > Task :app:processReleaseMainManifest
[        ] Caching disabled for task ':app:processReleaseMainManifest' because:
[        ]   Build cache is disabled
[        ] Task ':app:processReleaseMainManifest' is not up-to-date because:
[        ]   No history is available.
[        ] Merging main manifest D:\Codes\Flutter\Portfolio\android\app\src\main\AndroidManifest.xml
[        ] Merging result: SUCCESS
[        ] 1<?xml version="1.0" encoding="utf-8"?>
[   +3 ms] 2<manifest xmlns:android="http://schemas.android.com/apk/res/android"
[        ] 3    package="com.example.portfolio"
[        ] 4    android:versionCode="1"
[        ] 5    android:versionName="1.0.0" >
[        ] 6
[        ] 7    <uses-sdk
[        ] 8        android:minSdkVersion="24"
[        ] 9        android:targetSdkVersion="34" />
[        ] 10
[        ] 11    <application
[        ] 12        android:name="android.app.Application"
[        ] 12-->D:\Codes\Flutter\Portfolio\android\app\src\main\AndroidManifest.xml:4:9-42
[        ] 13        android:extractNativeLibs="false"
[        ] 14        android:icon="@mipmap/ic_launcher"
[        ] 14-->D:\Codes\Flutter\Portfolio\android\app\src\main\AndroidManifest.xml:5:9-43
[        ] 15        android:label="portfolio" >
[        ] 15-->D:\Codes\Flutter\Portfolio\android\app\src\main\AndroidManifest.xml:3:9-34
[        ] 16        <activity
[   +1 ms] 16-->D:\Codes\Flutter\Portfolio\android\app\src\main\AndroidManifest.xml:6:9-26:20
[        ] 17            android:name="com.example.portfolio.MainActivity"
[        ] 17-->D:\Codes\Flutter\Portfolio\android\app\src\main\AndroidManifest.xml:7:13-41
[        ] 18            android:configChanges="orientation|keyboardHidden|keyboard|screenSize|smallestScreenSize|locale|layoutDirection|fontScale|screenLayout|density|uiMode"
[        ] 18-->D:\Codes\Flutter\Portfolio\android\app\src\main\AndroidManifest.xml:11:13-163
[        ] 19            android:exported="true"
[        ] 19-->D:\Codes\Flutter\Portfolio\android\app\src\main\AndroidManifest.xml:8:13-36
[        ] 20            android:hardwareAccelerated="true"
[        ] 20-->D:\Codes\Flutter\Portfolio\android\app\src\main\AndroidManifest.xml:12:13-47
[        ] 21            android:launchMode="singleTop"
[        ] 21-->D:\Codes\Flutter\Portfolio\android\app\src\main\AndroidManifest.xml:9:13-43
[        ] 22            android:theme="@style/LaunchTheme"
[        ] 22-->D:\Codes\Flutter\Portfolio\android\app\src\main\AndroidManifest.xml:10:13-47
[        ] 23            android:windowSoftInputMode="adjustResize" >
[        ] 23-->D:\Codes\Flutter\Portfolio\android\app\src\main\AndroidManifest.xml:13:13-55
[        ] 24
[        ] 25            <!--
[        ] 26                 Specifies an Android theme to apply to this Activity as soon as
[        ] 27                 the Android process has started. This theme is visible to the user
[        ] 28                 while the Flutter UI initializes. After that, this theme continues
[        ] 29                 to determine the Window background behind the Flutter UI.
[        ] 30            -->
[        ] 31            <meta-data
[        ] 31-->D:\Codes\Flutter\Portfolio\android\app\src\main\AndroidManifest.xml:18:13-21:17
[   +3 ms] 32                android:name="io.flutter.embedding.android.NormalTheme"
[   +1 ms] 32-->D:\Codes\Flutter\Portfolio\android\app\src\main\AndroidManifest.xml:19:15-70
[        ] 33                android:resource="@style/NormalTheme" />
[        ] 33-->D:\Codes\Flutter\Portfolio\android\app\src\main\AndroidManifest.xml:20:15-52
[        ] 34
[        ] 35            <intent-filter>
[   +1 ms] 35-->D:\Codes\Flutter\Portfolio\android\app\src\main\AndroidManifest.xml:22:13-25:29
[        ] 36                <action android:name="android.intent.action.MAIN" />
[        ] 36-->D:\Codes\Flutter\Portfolio\android\app\src\main\AndroidManifest.xml:23:17-68
[        ] 36-->D:\Codes\Flutter\Portfolio\android\app\src\main\AndroidManifest.xml:23:25-66
[        ] 37
[        ] 38                <category android:name="android.intent.category.LAUNCHER" />
[        ] 38-->D:\Codes\Flutter\Portfolio\android\app\src\main\AndroidManifest.xml:24:17-76
[        ] 38-->D:\Codes\Flutter\Portfolio\android\app\src\main\AndroidManifest.xml:24:27-74
[        ] 39            </intent-filter>
[        ] 40        </activity>
[        ] 41        <!--
[        ] 42             Don't delete the meta-data below.
[        ] 43             This is used by the Flutter tool to generate GeneratedPluginRegistrant.java
[        ] 44        -->
[   +6 ms] 45        <meta-data
[   +1 ms] 45-->D:\Codes\Flutter\Portfolio\android\app\src\main\AndroidManifest.xml:29:9-31:33
[   +2 ms] 46            android:name="flutterEmbedding"
[   +7 ms] 46-->D:\Codes\Flutter\Portfolio\android\app\src\main\AndroidManifest.xml:30:13-44
[        ] 47            android:value="2" />
[   +3 ms] 47-->D:\Codes\Flutter\Portfolio\android\app\src\main\AndroidManifest.xml:31:13-30
[        ] 48    </application>
[        ] 49
[   +2 ms] 50</manifest>
[        ] Merged manifest saved to D:\Codes\Flutter\Portfolio\build\app\intermediates\merged_manifest\release\processReleaseMainManifest\AndroidManifest.xml
[   +2 ms] Resolve mutations for :app:outputReleaseAppLinkSettings (Thread[#307,Execution worker,5,main]) started.
[        ] :app:outputReleaseAppLinkSettings (Thread[#307,Execution worker,5,main]) started.
[ +800 ms] > Task :app:outputReleaseAppLinkSettings
[        ] Caching disabled for task ':app:outputReleaseAppLinkSettings' because:
[        ]   Build cache is disabled
[        ]   Caching has not been enabled for the task
[        ] Task ':app:outputReleaseAppLinkSettings' is not up-to-date because:
[        ]   No history is available.
[        ] Resolve mutations for :app:processReleaseManifest (Thread[#309,Execution worker Thread 3,5,main]) started.
[        ] :app:processReleaseManifest (Thread[#309,Execution worker Thread 3,5,main]) started.
[ +830 ms] > Task :app:processReleaseManifest
[        ] Caching disabled for task ':app:processReleaseManifest' because:
[        ]   Build cache is disabled
[        ] Task ':app:processReleaseManifest' is not up-to-date because:
[        ]   No history is available.
[        ] Resolve mutations for :app:processReleaseManifestForPackage (Thread[#309,Execution worker Thread 3,5,main]) started.
[        ] :app:processReleaseManifestForPackage (Thread[#309,Execution worker Thread 3,5,main]) started.
[ +406 ms] Resolve mutations for :app:javaPreCompileRelease (Thread[#307,Execution worker,5,main]) started.
[        ] :app:javaPreCompileRelease (Thread[#307,Execution worker,5,main]) started.
[   +4 ms] > Task :app:javaPreCompileRelease
[        ] Caching disabled for task ':app:javaPreCompileRelease' because:
[   +4 ms]   Build cache is disabled
[   +1 ms] Task ':app:javaPreCompileRelease' is not up-to-date because:
[        ]   No history is available.
[        ] > Task :app:processReleaseManifestForPackage
[        ] Custom actions are attached to task ':app:processReleaseManifestForPackage'.
[        ] Caching disabled for task ':app:processReleaseManifestForPackage' because:
[        ]   Build cache is disabled
[        ] Task ':app:processReleaseManifestForPackage' is not up-to-date because:
[        ]   No history is available.
[ +109 ms] Resolve mutations for :app:processReleaseResources (Thread[#309,Execution worker Thread 3,5,main]) started.
[   +1 ms] :app:processReleaseResources (Thread[#309,Execution worker Thread 3,5,main]) started.
[ +589 ms] Resolve mutations for :app:extractProguardFiles (Thread[#368,included builds Thread 2,5,main]) started.
[   +1 ms] :app:extractProguardFiles (Thread[#368,included builds Thread 2,5,main]) started.
[ +157 ms] > Task :app:extractProguardFiles
[        ] Caching disabled for task ':app:extractProguardFiles' because:
[        ]   Build cache is disabled
[        ]   Fast task
[        ] Task ':app:extractProguardFiles' is not up-to-date because:
[        ]   No history is available.
[        ] Resolve mutations for :app:configureCMakeRelease[arm64-v8a] (Thread[#368,included builds Thread 2,5,main]) started.
[   +9 ms] :app:configureCMakeRelease[arm64-v8a] (Thread[#308,Execution worker Thread 2,5,main]) started.
[+1170 ms] > Task :app:processReleaseResources
[        ] Caching disabled for task ':app:processReleaseResources' because:
[        ]   Build cache is disabled
[        ] Task ':app:processReleaseResources' is not up-to-date because:
[        ]   No history is available.
[        ] The input changes require a full rebuild for incremental task ':app:processReleaseResources'.
[+3163 ms] Aapt output file D:\Codes\Flutter\Portfolio\build\app\intermediates\processed_res\release\processReleaseResources\out\resources-release.ap_
[ +121 ms] > Task :app:configureCMakeRelease[arm64-v8a]
[        ] Caching disabled for task ':app:configureCMakeRelease[arm64-v8a]' because:
[        ]   Build cache is disabled
[        ]   Caching has been disabled for the task
[        ] Task ':app:configureCMakeRelease[arm64-v8a]' is not up-to-date because:
[        ]   Task.upToDateWhen is false.
[        ] C/C++: D:\flutter\packages\flutter_tools\gradle\src\main\scripts\CMakeLists.txt release|arm64-v8a : Start JSON generation. Platform version: 24 min SDK version: arm64-v8a
[   +1 ms] C/C++: D:\flutter\packages\flutter_tools\gradle\src\main\scripts\CMakeLists.txt release|arm64-v8a : rebuilding JSON D:\Codes\Flutter\Portfolio\build\.cxx\release\z6a544x3\arm64-v8a\android_gradle_build.json due to:
[        ] C/C++: D:\flutter\packages\flutter_tools\gradle\src\main\scripts\CMakeLists.txt release|arm64-v8a : - no fingerprint file, will remove stale configuration folder
[        ] C/C++: D:\flutter\packages\flutter_tools\gradle\src\main\scripts\CMakeLists.txt release|arm64-v8a : removing stale contents from 'D:\Codes\Flutter\Portfolio\build\.cxx\release\z6a544x3\arm64-v8a'
[        ] C/C++: D:\flutter\packages\flutter_tools\gradle\src\main\scripts\CMakeLists.txt release|arm64-v8a : created folder 'D:\Codes\Flutter\Portfolio\build\.cxx\release\z6a544x3\arm64-v8a'
[        ] C/C++: D:\flutter\packages\flutter_tools\gradle\src\main\scripts\CMakeLists.txt release|arm64-v8a : executing cmake @echo off
[        ] "C:\\Users\\haris\\AppData\\Local\\Android\\sdk\\cmake\\3.22.1\\bin\\cmake.exe" ^
[        ]   "-HD:\\flutter\\packages\\flutter_tools\\gradle\\src\\main\\scripts" ^
[        ]   "-DCMAKE_SYSTEM_NAME=Android" ^
[   +2 ms]   "-DCMAKE_EXPORT_COMPILE_COMMANDS=ON" ^
[        ]   "-DCMAKE_SYSTEM_VERSION=24" ^
[        ]   "-DANDROID_PLATFORM=android-24" ^
[   +1 ms]   "-DANDROID_ABI=arm64-v8a" ^
[        ]   "-DCMAKE_ANDROID_ARCH_ABI=arm64-v8a" ^
[        ]   "-DANDROID_NDK=C:\\Users\\haris\\AppData\\Local\\Android\\sdk\\ndk\\25.1.8937393" ^
[        ]   "-DCMAKE_ANDROID_NDK=C:\\Users\\haris\\AppData\\Local\\Android\\sdk\\ndk\\25.1.8937393" ^
[        ]   "-DCMAKE_TOOLCHAIN_FILE=C:\\Users\\haris\\AppData\\Local\\Android\\sdk\\ndk\\25.1.8937393\\build\\cmake\\android.toolchain.cmake" ^
[        ]   "-DCMAKE_MAKE_PROGRAM=C:\\Users\\haris\\AppData\\Local\\Android\\sdk\\cmake\\3.22.1\\bin\\ninja.exe" ^
[        ]   "-DCMAKE_LIBRARY_OUTPUT_DIRECTORY=D:\\Codes\\Flutter\\Portfolio\\build\\app\\intermediates\\cxx\\release\\z6a544x3\\obj\\arm64-v8a" ^
[        ]   "-DCMAKE_RUNTIME_OUTPUT_DIRECTORY=D:\\Codes\\Flutter\\Portfolio\\build\\app\\intermediates\\cxx\\release\\z6a544x3\\obj\\arm64-v8a" ^
[        ]   "-BD:\\Codes\\Flutter\\Portfolio\\build\\.cxx\\release\\z6a544x3\\arm64-v8a" ^
[        ]   -GNinja ^
[        ]   -Wno-dev ^
[   +1 ms]   --no-warn-unused-cli ^
[        ]   "-DCMAKE_BUILD_TYPE=release"
[   +1 ms] C/C++: D:\flutter\packages\flutter_tools\gradle\src\main\scripts\CMakeLists.txt release|arm64-v8a : @echo off
[        ] "C:\\Users\\haris\\AppData\\Local\\Android\\sdk\\cmake\\3.22.1\\bin\\cmake.exe" ^
[        ]   "-HD:\\flutter\\packages\\flutter_tools\\gradle\\src\\main\\scripts" ^
[        ]   "-DCMAKE_SYSTEM_NAME=Android" ^
[        ]   "-DCMAKE_EXPORT_COMPILE_COMMANDS=ON" ^
[        ]   "-DCMAKE_SYSTEM_VERSION=24" ^
[   +1 ms]   "-DANDROID_PLATFORM=android-24" ^
[        ]   "-DANDROID_ABI=arm64-v8a" ^
[        ]   "-DCMAKE_ANDROID_ARCH_ABI=arm64-v8a" ^
[        ]   "-DANDROID_NDK=C:\\Users\\haris\\AppData\\Local\\Android\\sdk\\ndk\\25.1.8937393" ^
[        ]   "-DCMAKE_ANDROID_NDK=C:\\Users\\haris\\AppData\\Local\\Android\\sdk\\ndk\\25.1.8937393" ^
[        ]   "-DCMAKE_TOOLCHAIN_FILE=C:\\Users\\haris\\AppData\\Local\\Android\\sdk\\ndk\\25.1.8937393\\build\\cmake\\android.toolchain.cmake" ^
[        ]   "-DCMAKE_MAKE_PROGRAM=C:\\Users\\haris\\AppData\\Local\\Android\\sdk\\cmake\\3.22.1\\bin\\ninja.exe" ^
[        ]   "-DCMAKE_LIBRARY_OUTPUT_DIRECTORY=D:\\Codes\\Flutter\\Portfolio\\build\\app\\intermediates\\cxx\\release\\z6a544x3\\obj\\arm64-v8a" ^
[   +1 ms]   "-DCMAKE_RUNTIME_OUTPUT_DIRECTORY=D:\\Codes\\Flutter\\Portfolio\\build\\app\\intermediates\\cxx\\release\\z6a544x3\\obj\\arm64-v8a" ^
[   +1 ms]   "-BD:\\Codes\\Flutter\\Portfolio\\build\\.cxx\\release\\z6a544x3\\arm64-v8a" ^
[        ]   -GNinja ^
[        ]   -Wno-dev ^
[        ]   --no-warn-unused-cli ^
[        ]   "-DCMAKE_BUILD_TYPE=release"
[        ] Starting process 'command 'C:\Users\haris\AppData\Local\Android\sdk\cmake\3.22.1\bin\cmake.exe''. Working directory: D:\Codes\Flutter\Portfolio\android\app Command: C:\Users\haris\AppData\Local\Android\sdk\cmake\3.22.1\bin\cmake.exe -HD:\flutter\packages\flutter_tools\gradle\src\main\scripts -DCMAKE_SYSTEM_NAME=Android -DCMAKE_EXPORT_COMPILE_COMMANDS=ON -DCMAKE_SYSTEM_VERSION=24 -DANDROID_PLATFORM=android-24 -DANDROID_ABI=arm64-v8a -DCMAKE_ANDROID_ARCH_ABI=arm64-v8a -DANDROID_NDK=C:\Users\haris\AppData\Local\Android\sdk\ndk\25.1.8937393 -DCMAKE_ANDROID_NDK=C:\Users\haris\AppData\Local\Android\sdk\ndk\25.1.8937393 -DCMAKE_TOOLCHAIN_FILE=C:\Users\haris\AppData\Local\Android\sdk\ndk\25.1.8937393\build\cmake\android.toolchain.cmake -DCMAKE_MAKE_PROGRAM=C:\Users\haris\AppData\Local\Android\sdk\cmake\3.22.1\bin\ninja.exe -DCMAKE_LIBRARY_OUTPUT_DIRECTORY=D:\Codes\Flutter\Portfolio\build\app\intermediates\cxx\release\z6a544x3\obj\arm64-v8a -DCMAKE_RUNTIME_OUTPUT_DIRECTORY=D:\Codes\Flutter\Portfolio\build\app\intermediates\cxx\release\z6a544x3\obj\arm64-v8a -BD:\Codes\Flutter\Portfolio\build\.cxx\release\z6a544x3\arm64-v8a -GNinja -Wno-dev --no-warn-unused-cli -DCMAKE_BUILD_TYPE=release
[        ] Successfully started process 'command 'C:\Users\haris\AppData\Local\Android\sdk\cmake\3.22.1\bin\cmake.exe''
[+33905 ms] C/C++: D:\flutter\packages\flutter_tools\gradle\src\main\scripts\CMakeLists.txt release|arm64-v8a : Received process result: 0
[ +208 ms] C/C++: D:\flutter\packages\flutter_tools\gradle\src\main\scripts\CMakeLists.txt release|arm64-v8a : D:\Codes\Flutter\Portfolio\build\.cxx\release\z6a544x3\arm64-v8a\compile_commands.json.bin existed but not D:\Codes\Flutter\Portfolio\build\.cxx\release\z6a544x3\arm64-v8a\compile_commands.json
[        ] C/C++: D:\flutter\packages\flutter_tools\gradle\src\main\scripts\CMakeLists.txt release|arm64-v8a : done executing cmake
[ +220 ms] C/C++: D:\flutter\packages\flutter_tools\gradle\src\main\scripts\CMakeLists.txt release|arm64-v8a : JSON generation completed without problems
[        ] C/C++: D:\flutter\packages\flutter_tools\gradle\src\main\scripts\CMakeLists.txt release|arm64-v8a : Writing build model to D:\Codes\Flutter\Portfolio\build\app\intermediates\cxx\release\z6a544x3\logs\arm64-v8a\build_model.json
[  +84 ms] Resolve mutations for :app:compileReleaseKotlin (Thread[#308,Execution worker Thread 2,5,main]) started.
[   +1 ms] :app:compileReleaseKotlin (Thread[#308,Execution worker Thread 2,5,main]) started.
[+1965 ms] > Task :app:compileReleaseKotlin
[        ] Transforming libs.jar with JetifyTransform
[        ] Transforming annotations-13.0.jar (org.jetbrains:annotations:13.0) with JetifyTransform
[        ] Caching disabled for JetifyTransform: D:\Codes\Flutter\Portfolio\build\app\intermediates\flutter\release\libs.jar because:
[        ]   Build cache is disabled
[        ] Downloading https://repo.maven.apache.org/maven2/org/jetbrains/kotlin/kotlin-stdlib-jdk7/1.9.0/kotlin-stdlib-jdk7-1.9.0.jar to C:\Users\haris\.gradle\.tmp\gradle_download2373668765435095156bin
[   +1 ms] Transforming kotlin-stdlib-jdk7-1.9.0.jar (org.jetbrains.kotlin:kotlin-stdlib-jdk7:1.9.0) with JetifyTransform
[   +1 ms] Caching disabled for JetifyTransform: C:\Users\haris\.gradle\caches\modules-2\files-2.1\org.jetbrains.kotlin\kotlin-stdlib-jdk7\1.9.0\f320478990d05e0cfaadd74f9619fd6027adbf37\kotlin-stdlib-jdk7-1.9.0.jar because:
[        ]   Build cache is disabled
[        ] Transforming kotlin-stdlib-jdk7-1.9.0.jar (org.jetbrains.kotlin:kotlin-stdlib-jdk7:1.9.0) with IdentityTransform
[   +1 ms] Caching disabled for IdentityTransform: C:\Users\haris\.gradle\caches\8.9\transforms\1b4fe1d8730360608d861e4b99d3edfe\transformed\jetified-kotlin-stdlib-jdk7-1.9.0.jar because:
[        ]   Build cache is disabled
[        ]   Caching not enabled.
[        ] Downloading https://storage.googleapis.com/download.flutter.io/io/flutter/arm64_v8a_release/1.0.0-b5990e5ccc5e325fd24f0746e7d6689bbebc7c65/arm64_v8a_release-1.0.0-b5990e5ccc5e325fd24f0746e7d6689bbebc7c65.jar to C:\Users\haris\.gradle\.tmp\gradle_download5440052630122566462bin
[        ] Downloading https://storage.googleapis.com/download.flutter.io/io/flutter/armeabi_v7a_release/1.0.0-b5990e5ccc5e325fd24f0746e7d6689bbebc7c65/armeabi_v7a_release-1.0.0-b5990e5ccc5e325fd24f0746e7d6689bbebc7c65.jar to C:\Users\haris\.gradle\.tmp\gradle_download3997483037275437382bin
[ +424 ms] Transforming libs.jar with IdentityTransform
[        ] Caching disabled for IdentityTransform: C:\Users\haris\.gradle\caches\8.9\transforms\5b170ebcac803dd748db14b555ca33dc\transformed\jetified-libs.jar because:
[        ]   Build cache is disabled
[        ]   Caching not enabled.
[ +668 ms] Downloading https://storage.googleapis.com/download.flutter.io/io/flutter/x86_64_release/1.0.0-b5990e5ccc5e325fd24f0746e7d6689bbebc7c65/x86_64_release-1.0.0-b5990e5ccc5e325fd24f0746e7d6689bbebc7c65.jar to C:\Users\haris\.gradle\.tmp\gradle_download3802316289643556855bin
[ +113 ms] Downloading https://repo.maven.apache.org/maven2/org/jetbrains/kotlin/kotlin-stdlib/1.9.0/kotlin-stdlib-1.9.0.jar to C:\Users\haris\.gradle\.tmp\gradle_download14818158515515614610bin
[ +651 ms] Transforming kotlin-stdlib-1.9.0.jar (org.jetbrains.kotlin:kotlin-stdlib:1.9.0) with JetifyTransform
[   +1 ms] Caching disabled for JetifyTransform: C:\Users\haris\.gradle\caches\modules-2\files-2.1\org.jetbrains.kotlin\kotlin-stdlib\1.9.0\8ee15ef0c67dc83d874f412d84378d7f0eb50b63\kotlin-stdlib-1.9.0.jar because:
[   +6 ms]   Build cache is disabled
[+21385 ms] Transforming kotlin-stdlib-1.9.0.jar (org.jetbrains.kotlin:kotlin-stdlib:1.9.0) with IdentityTransform
[   +1 ms] Caching disabled for IdentityTransform: C:\Users\haris\.gradle\caches\8.9\transforms\7ba11e5653efccf4db15be8c66cb7b08\transformed\jetified-kotlin-stdlib-1.9.0.jar because:
[        ]   Build cache is disabled
[        ]   Caching not enabled.
[+1372 ms] Transforming arm64_v8a_release-1.0.0-b5990e5ccc5e325fd24f0746e7d6689bbebc7c65.jar (io.flutter:arm64_v8a_release:1.0.0-b5990e5ccc5e325fd24f0746e7d6689bbebc7c65) with JetifyTransform
[ +938 ms] Caching disabled for JetifyTransform: C:\Users\haris\.gradle\caches\modules-2\files-2.1\io.flutter\arm64_v8a_release\1.0.0-b5990e5ccc5e325fd24f0746e7d6689bbebc7c65\43e45bee1f3245c04c5d1c98d64673f255d24067\arm64_v8a_release-1.0.0-b5990e5ccc5e325fd24f0746e7d6689bbebc7c65.jar because:
[   +1 ms]   Build cache is disabled
[+2390 ms] Transforming x86_64_release-1.0.0-b5990e5ccc5e325fd24f0746e7d6689bbebc7c65.jar (io.flutter:x86_64_release:1.0.0-b5990e5ccc5e325fd24f0746e7d6689bbebc7c65) with JetifyTransform
[ +135 ms] Downloading https://repo.maven.apache.org/maven2/org/jetbrains/kotlin/kotlin-stdlib-common/1.9.0/kotlin-stdlib-common-1.9.0.jar to C:\Users\haris\.gradle\.tmp\gradle_download17523861839819457637bin
[+1201 ms] Caching disabled for JetifyTransform: C:\Users\haris\.gradle\caches\modules-2\files-2.1\io.flutter\x86_64_release\1.0.0-b5990e5ccc5e325fd24f0746e7d6689bbebc7c65\55ac0e75d2e29de1380b98bd2080d4c9e9776e63\x86_64_release-1.0.0-b5990e5ccc5e325fd24f0746e7d6689bbebc7c65.jar because:
[        ]   Build cache is disabled
[+2830 ms] Transforming armeabi_v7a_release-1.0.0-b5990e5ccc5e325fd24f0746e7d6689bbebc7c65.jar (io.flutter:armeabi_v7a_release:1.0.0-b5990e5ccc5e325fd24f0746e7d6689bbebc7c65) with JetifyTransform
[        ] Transforming kotlin-stdlib-common-1.9.0.jar (org.jetbrains.kotlin:kotlin-stdlib-common:1.9.0) with JetifyTransform
[        ] Caching disabled for JetifyTransform: C:\Users\haris\.gradle\caches\modules-2\files-2.1\org.jetbrains.kotlin\kotlin-stdlib-common\1.9.0\cd65c21cfd1eec4d44ef09f9f52b6d9f8a720636\kotlin-stdlib-common-1.9.0.jar because:
[        ]   Build cache is disabled
[ +448 ms] Transforming kotlin-stdlib-common-1.9.0.jar (org.jetbrains.kotlin:kotlin-stdlib-common:1.9.0) with IdentityTransform
[        ] Caching disabled for IdentityTransform: C:\Users\haris\.gradle\caches\8.9\transforms\22ae5ad41a1552a06e9ec6a00128f962\transformed\jetified-kotlin-stdlib-common-1.9.0.jar because:
[        ]   Build cache is disabled
[        ]   Caching not enabled.
[+1151 ms] Caching disabled for JetifyTransform: C:\Users\haris\.gradle\caches\modules-2\files-2.1\io.flutter\armeabi_v7a_release\1.0.0-b5990e5ccc5e325fd24f0746e7d6689bbebc7c65\9c3fa00b96b54fc0d56cf4d7d12ebd90ff25f706\armeabi_v7a_release-1.0.0-b5990e5ccc5e325fd24f0746e7d6689bbebc7c65.jar because:
[   +4 ms]   Build cache is disabled
[        ] Caching disabled for JetifyTransform: C:\Users\haris\.gradle\caches\modules-2\files-2.1\org.jetbrains\annotations\13.0\919f0dfe192fb4e063e7dacadee7f8bb9a2672a9\annotations-13.0.jar because:
[        ]   Build cache is disabled
[+1073 ms] Transforming annotations-13.0.jar (org.jetbrains:annotations:13.0) with IdentityTransform
[   +2 ms] Caching disabled for IdentityTransform: C:\Users\haris\.gradle\caches\8.9\transforms\080505caefe8f729b85a0864a58657e6\transformed\jetified-annotations-13.0.jar because:
[        ]   Build cache is disabled
[        ]   Caching not enabled.
[+25710 ms] Transforming arm64_v8a_release-1.0.0-b5990e5ccc5e325fd24f0746e7d6689bbebc7c65.jar (io.flutter:arm64_v8a_release:1.0.0-b5990e5ccc5e325fd24f0746e7d6689bbebc7c65) with IdentityTransform
[   +1 ms] Caching disabled for IdentityTransform: C:\Users\haris\.gradle\caches\8.9\transforms\02f4f99846e0db15537b1055bf8efc62\transformed\jetified-arm64_v8a_release-1.0.0-b5990e5ccc5e325fd24f0746e7d6689bbebc7c65.jar because:
[        ]   Build cache is disabled
[        ]   Caching not enabled.
[+1677 ms] Transforming x86_64_release-1.0.0-b5990e5ccc5e325fd24f0746e7d6689bbebc7c65.jar (io.flutter:x86_64_release:1.0.0-b5990e5ccc5e325fd24f0746e7d6689bbebc7c65) with IdentityTransform
[   +1 ms] Caching disabled for IdentityTransform: C:\Users\haris\.gradle\caches\8.9\transforms\650afc07eb5058b921a90513f6a1de96\transformed\jetified-x86_64_release-1.0.0-b5990e5ccc5e325fd24f0746e7d6689bbebc7c65.jar because:
[        ]   Build cache is disabled
[        ]   Caching not enabled.
[+2695 ms] Transforming armeabi_v7a_release-1.0.0-b5990e5ccc5e325fd24f0746e7d6689bbebc7c65.jar (io.flutter:armeabi_v7a_release:1.0.0-b5990e5ccc5e325fd24f0746e7d6689bbebc7c65) with IdentityTransform
[   +5 ms] Caching disabled for IdentityTransform: C:\Users\haris\.gradle\caches\8.9\transforms\e585d09821ed389fb57ff9b3f23f2375\transformed\jetified-armeabi_v7a_release-1.0.0-b5990e5ccc5e325fd24f0746e7d6689bbebc7c65.jar because:
[        ]   Build cache is disabled
[        ]   Caching not enabled.
[ +195 ms] Transforming R.jar with ClasspathEntrySnapshotTransform
[        ] Transforming jetified-libs.jar with ClasspathEntrySnapshotTransform
[        ] Transforming jetified-kotlin-stdlib-jdk7-1.9.0.jar with ClasspathEntrySnapshotTransform
[ +136 ms] Transforming jetified-armeabi_v7a_release-1.0.0-b5990e5ccc5e325fd24f0746e7d6689bbebc7c65.jar with ClasspathEntrySnapshotTransform
[   +2 ms] Transforming jetified-arm64_v8a_release-1.0.0-b5990e5ccc5e325fd24f0746e7d6689bbebc7c65.jar with ClasspathEntrySnapshotTransform
[   +2 ms] Transforming jetified-x86_64_release-1.0.0-b5990e5ccc5e325fd24f0746e7d6689bbebc7c65.jar with ClasspathEntrySnapshotTransform
[        ] Transforming jetified-kotlin-stdlib-1.9.0.jar with ClasspathEntrySnapshotTransform
[   +2 ms] Transforming jetified-kotlin-stdlib-common-1.9.0.jar with ClasspathEntrySnapshotTransform
[        ] Transforming jetified-annotations-13.0.jar with ClasspathEntrySnapshotTransform
[        ] Transforming android.jar with ClasspathEntrySnapshotTransform
[   +6 ms] Transforming core-lambda-stubs.jar with ClasspathEntrySnapshotTransform
[   +1 ms] Caching disabled for ClasspathEntrySnapshotTransform: C:\Users\haris\.gradle\caches\8.9\transforms\1b4fe1d8730360608d861e4b99d3edfe\transformed\jetified-kotlin-stdlib-jdk7-1.9.0.jar because:
[   +2 ms]   Build cache is disabled
[ +899 ms] Caching disabled for ClasspathEntrySnapshotTransform: D:\Codes\Flutter\Portfolio\build\app\intermediates\compile_and_runtime_not_namespaced_r_class_jar\release\processReleaseResources\R.jar because:
[   +7 ms]   Build cache is disabled
[+1769 ms] Caching disabled for ClasspathEntrySnapshotTransform: C:\Users\haris\.gradle\caches\8.9\transforms\5b170ebcac803dd748db14b555ca33dc\transformed\jetified-libs.jar because:
[        ]   Build cache is disabled
[ +998 ms] Caching disabled for ClasspathEntrySnapshotTransform: C:\Users\haris\.gradle\caches\8.9\transforms\7ba11e5653efccf4db15be8c66cb7b08\transformed\jetified-kotlin-stdlib-1.9.0.jar because:
[        ]   Build cache is disabled
[+7954 ms] Caching disabled for ClasspathEntrySnapshotTransform: C:\Users\haris\.gradle\caches\8.9\transforms\e585d09821ed389fb57ff9b3f23f2375\transformed\jetified-armeabi_v7a_release-1.0.0-b5990e5ccc5e325fd24f0746e7d6689bbebc7c65.jar because:
[        ]   Build cache is disabled
[        ] Caching disabled for ClasspathEntrySnapshotTransform: C:\Users\haris\.gradle\caches\8.9\transforms\22ae5ad41a1552a06e9ec6a00128f962\transformed\jetified-kotlin-stdlib-common-1.9.0.jar because:
[        ]   Build cache is disabled
[ +165 ms] Caching disabled for ClasspathEntrySnapshotTransform: C:\Users\haris\.gradle\caches\8.9\transforms\080505caefe8f729b85a0864a58657e6\transformed\jetified-annotations-13.0.jar because:
[        ]   Build cache is disabled
[ +467 ms] Caching disabled for ClasspathEntrySnapshotTransform: C:\Users\haris\AppData\Local\Android\sdk\platforms\android-34\android.jar because:
[        ]   Build cache is disabled
[+2714 ms] Caching disabled for ClasspathEntrySnapshotTransform: C:\Users\haris\.gradle\caches\8.9\transforms\650afc07eb5058b921a90513f6a1de96\transformed\jetified-x86_64_release-1.0.0-b5990e5ccc5e325fd24f0746e7d6689bbebc7c65.jar because:
[   +1 ms]   Build cache is disabled
[ +445 ms] Caching disabled for ClasspathEntrySnapshotTransform: C:\Users\haris\AppData\Local\Android\sdk\build-tools\34.0.0\core-lambda-stubs.jar because:
[   +2 ms]   Build cache is disabled
[+6867 ms] Caching disabled for ClasspathEntrySnapshotTransform: C:\Users\haris\.gradle\caches\8.9\transforms\02f4f99846e0db15537b1055bf8efc62\transformed\jetified-arm64_v8a_release-1.0.0-b5990e5ccc5e325fd24f0746e7d6689bbebc7c65.jar because:
[        ]   Build cache is disabled
[+2548 ms] Resource missing. [HTTP GET: https://dl.google.com/dl/android/maven2/org/jetbrains/kotlin/kotlin-script-runtime/1.9.0/kotlin-script-runtime-1.9.0.pom]
[ +115 ms] Downloading https://repo.maven.apache.org/maven2/org/jetbrains/kotlin/kotlin-script-runtime/1.9.0/kotlin-script-runtime-1.9.0.pom to C:\Users\haris\.gradle\.tmp\gradle_download18417953265549841761bin
[ +232 ms] Downloading https://repo.maven.apache.org/maven2/org/jetbrains/kotlin/kotlin-script-runtime/1.9.0/kotlin-script-runtime-1.9.0.jar to C:\Users\haris\.gradle\.tmp\gradle_download2699979566177667055bin
[+15239 ms] Caching disabled for task ':app:compileReleaseKotlin' because:
[        ]   Build cache is disabled
[        ] Task ':app:compileReleaseKotlin' is not up-to-date because:
[        ]   No history is available.
[        ] The input changes require a full rebuild for incremental task ':app:compileReleaseKotlin'.
[ +107 ms] file or directory 'D:\Codes\Flutter\Portfolio\android\app\src\release\kotlin', not found
[        ] file or directory 'D:\Codes\Flutter\Portfolio\android\app\src\release\kotlin', not found
[        ] file or directory 'D:\Codes\Flutter\Portfolio\android\app\src\release\java', not found
[        ] file or directory 'D:\Codes\Flutter\Portfolio\android\app\src\release\kotlin', not found
[        ] file or directory 'D:\Codes\Flutter\Portfolio\android\app\src\release\java', not found
[  +12 ms] file or directory 'D:\Codes\Flutter\Portfolio\android\app\src\release\java', not found
[  +75 ms] file or directory 'D:\Codes\Flutter\Portfolio\android\app\src\release\kotlin', not found
[        ] file or directory 'D:\Codes\Flutter\Portfolio\android\app\src\release\kotlin', not found
[        ] file or directory 'D:\Codes\Flutter\Portfolio\android\app\src\release\java', not found
[        ] file or directory 'D:\Codes\Flutter\Portfolio\android\app\src\release\kotlin', not found
[        ] file or directory 'D:\Codes\Flutter\Portfolio\android\app\src\release\java', not found
[  +93 ms] Transforming libs.jar with JetifyTransform
[        ] Transforming libs.jar with IdentityTransform
[        ] Transforming libs.jar with JetifyTransform
[        ] Transforming libs.jar with IdentityTransform
[        ] Transforming libs.jar with JetifyTransform
[        ] Transforming libs.jar with IdentityTransform
[        ] file or directory 'D:\Codes\Flutter\Portfolio\android\app\src\release\kotlin', not found
[        ] file or directory 'D:\Codes\Flutter\Portfolio\android\app\src\release\kotlin', not found
[        ] file or directory 'D:\Codes\Flutter\Portfolio\android\app\src\release\java', not found
[        ] file or directory 'D:\Codes\Flutter\Portfolio\android\app\src\release\kotlin', not found
[        ] file or directory 'D:\Codes\Flutter\Portfolio\android\app\src\release\java', not found
[ +105 ms] file or directory 'D:\Codes\Flutter\Portfolio\android\app\src\release\java', not found
[   +4 ms] file or directory 'D:\Codes\Flutter\Portfolio\android\app\src\release\kotlin', not found
[        ] file or directory 'D:\Codes\Flutter\Portfolio\android\app\src\release\kotlin', not found
[        ] file or directory 'D:\Codes\Flutter\Portfolio\android\app\src\release\java', not found
[        ] file or directory 'D:\Codes\Flutter\Portfolio\android\app\src\release\kotlin', not found
[        ] file or directory 'D:\Codes\Flutter\Portfolio\android\app\src\release\java', not found
[        ] file or directory 'D:\Codes\Flutter\Portfolio\android\app\src\release\java', not found
[        ] file or directory 'D:\Codes\Flutter\Portfolio\android\app\src\release\kotlin', not found
[        ] file or directory 'D:\Codes\Flutter\Portfolio\android\app\src\release\kotlin', not found
[        ] file or directory 'D:\Codes\Flutter\Portfolio\android\app\src\release\java', not found
[        ] file or directory 'D:\Codes\Flutter\Portfolio\android\app\src\release\kotlin', not found
[        ] file or directory 'D:\Codes\Flutter\Portfolio\android\app\src\release\java', not found
[        ] file or directory 'D:\Codes\Flutter\Portfolio\android\app\src\release\java', not found
[        ] Kotlin source files: D:\Codes\Flutter\Portfolio\android\app\src\main\kotlin\com\example\portfolio\MainActivity.kt
[   +1 ms] Java source files: D:\Codes\Flutter\Portfolio\android\app\src\main\java\io\flutter\plugins\GeneratedPluginRegistrant.java
[        ] Script source files: 
[        ] Script file extensions: 
[  +81 ms] Using Kotlin/JVM incremental compilation
[ +110 ms] [KOTLIN] Kotlin compilation 'jdkHome' argument: null
[+1899 ms] Could not execute [report metric JVM_COMPILER_IR_MODE]
[ +450 ms] Resolve mutations for :app:buildCMakeRelease[arm64-v8a] (Thread[#307,Execution worker,5,main]) started.
[        ] :app:buildCMakeRelease[arm64-v8a] (Thread[#307,Execution worker,5,main]) started.
[   +1 ms] > Task :app:buildCMakeRelease[arm64-v8a]
[        ] Caching disabled for task ':app:buildCMakeRelease[arm64-v8a]' because:
[        ]   Build cache is disabled
[        ]   Caching has been disabled for the task
[        ] Task ':app:buildCMakeRelease[arm64-v8a]' is not up-to-date because:
[        ]   Task.upToDateWhen is false.
[        ] C/C++: starting build
[        ] C/C++: reading expected JSONs
[        ] C/C++: done reading expected JSONs
[        ] C/C++: executing build commands for targets that produce .so files or executables
[        ] C/C++: evaluate miniconfig
[        ] C/C++: no libraries
[        ] Resolve mutations for :app:configureCMakeRelease[armeabi-v7a] (Thread[#307,Execution worker,5,main]) started.
[        ] :app:configureCMakeRelease[armeabi-v7a] (Thread[#307,Execution worker,5,main]) started.
[+1883 ms] > Task :app:configureCMakeRelease[armeabi-v7a]
[   +1 ms] Caching disabled for task ':app:configureCMakeRelease[armeabi-v7a]' because:
[        ]   Build cache is disabled
[        ]   Caching has been disabled for the task
[        ] Task ':app:configureCMakeRelease[armeabi-v7a]' is not up-to-date because:
[        ]   Task.upToDateWhen is false.
[        ] C/C++: D:\flutter\packages\flutter_tools\gradle\src\main\scripts\CMakeLists.txt release|armeabi-v7a : Start JSON generation. Platform version: 24 min SDK version: armeabi-v7a
[        ] C/C++: D:\flutter\packages\flutter_tools\gradle\src\main\scripts\CMakeLists.txt release|armeabi-v7a : rebuilding JSON D:\Codes\Flutter\Portfolio\build\.cxx\release\z6a544x3\armeabi-v7a\android_gradle_build.json due to:
[        ] C/C++: D:\flutter\packages\flutter_tools\gradle\src\main\scripts\CMakeLists.txt release|armeabi-v7a : - no fingerprint file, will remove stale configuration folder
[        ] C/C++: D:\flutter\packages\flutter_tools\gradle\src\main\scripts\CMakeLists.txt release|armeabi-v7a : removing stale contents from 'D:\Codes\Flutter\Portfolio\build\.cxx\release\z6a544x3\armeabi-v7a'
[        ] C/C++: D:\flutter\packages\flutter_tools\gradle\src\main\scripts\CMakeLists.txt release|armeabi-v7a : created folder 'D:\Codes\Flutter\Portfolio\build\.cxx\release\z6a544x3\armeabi-v7a'
[   +1 ms] C/C++: D:\flutter\packages\flutter_tools\gradle\src\main\scripts\CMakeLists.txt release|armeabi-v7a : executing cmake @echo off
[   +1 ms] "C:\\Users\\haris\\AppData\\Local\\Android\\sdk\\cmake\\3.22.1\\bin\\cmake.exe" ^
[        ]   "-HD:\\flutter\\packages\\flutter_tools\\gradle\\src\\main\\scripts" ^
[   +1 ms]   "-DCMAKE_SYSTEM_NAME=Android" ^
[        ]   "-DCMAKE_EXPORT_COMPILE_COMMANDS=ON" ^
[        ]   "-DCMAKE_SYSTEM_VERSION=24" ^
[        ]   "-DANDROID_PLATFORM=android-24" ^
[        ]   "-DANDROID_ABI=armeabi-v7a" ^
[        ]   "-DCMAKE_ANDROID_ARCH_ABI=armeabi-v7a" ^
[        ]   "-DANDROID_NDK=C:\\Users\\haris\\AppData\\Local\\Android\\sdk\\ndk\\25.1.8937393" ^
[        ]   "-DCMAKE_ANDROID_NDK=C:\\Users\\haris\\AppData\\Local\\Android\\sdk\\ndk\\25.1.8937393" ^
[        ]   "-DCMAKE_TOOLCHAIN_FILE=C:\\Users\\haris\\AppData\\Local\\Android\\sdk\\ndk\\25.1.8937393\\build\\cmake\\android.toolchain.cmake" ^
[        ]   "-DCMAKE_MAKE_PROGRAM=C:\\Users\\haris\\AppData\\Local\\Android\\sdk\\cmake\\3.22.1\\bin\\ninja.exe" ^
[        ]   "-DCMAKE_LIBRARY_OUTPUT_DIRECTORY=D:\\Codes\\Flutter\\Portfolio\\build\\app\\intermediates\\cxx\\release\\z6a544x3\\obj\\armeabi-v7a" ^
[        ]   "-DCMAKE_RUNTIME_OUTPUT_DIRECTORY=D:\\Codes\\Flutter\\Portfolio\\build\\app\\intermediates\\cxx\\release\\z6a544x3\\obj\\armeabi-v7a" ^
[        ]   "-BD:\\Codes\\Flutter\\Portfolio\\build\\.cxx\\release\\z6a544x3\\armeabi-v7a" ^
[        ]   -GNinja ^
[        ]   -Wno-dev ^
[        ]   --no-warn-unused-cli ^
[        ]   "-DCMAKE_BUILD_TYPE=release"
[        ] C/C++: D:\flutter\packages\flutter_tools\gradle\src\main\scripts\CMakeLists.txt release|armeabi-v7a : @echo off
[        ] "C:\\Users\\haris\\AppData\\Local\\Android\\sdk\\cmake\\3.22.1\\bin\\cmake.exe" ^
[        ]   "-HD:\\flutter\\packages\\flutter_tools\\gradle\\src\\main\\scripts" ^
[        ]   "-DCMAKE_SYSTEM_NAME=Android" ^
[        ]   "-DCMAKE_EXPORT_COMPILE_COMMANDS=ON" ^
[        ]   "-DCMAKE_SYSTEM_VERSION=24" ^
[        ]   "-DANDROID_PLATFORM=android-24" ^
[        ]   "-DANDROID_ABI=armeabi-v7a" ^
[        ]   "-DCMAKE_ANDROID_ARCH_ABI=armeabi-v7a" ^
[        ]   "-DANDROID_NDK=C:\\Users\\haris\\AppData\\Local\\Android\\sdk\\ndk\\25.1.8937393" ^
[        ]   "-DCMAKE_ANDROID_NDK=C:\\Users\\haris\\AppData\\Local\\Android\\sdk\\ndk\\25.1.8937393" ^
[        ]   "-DCMAKE_TOOLCHAIN_FILE=C:\\Users\\haris\\AppData\\Local\\Android\\sdk\\ndk\\25.1.8937393\\build\\cmake\\android.toolchain.cmake" ^
[   +1 ms]   "-DCMAKE_MAKE_PROGRAM=C:\\Users\\haris\\AppData\\Local\\Android\\sdk\\cmake\\3.22.1\\bin\\ninja.exe" ^
[        ]   "-DCMAKE_LIBRARY_OUTPUT_DIRECTORY=D:\\Codes\\Flutter\\Portfolio\\build\\app\\intermediates\\cxx\\release\\z6a544x3\\obj\\armeabi-v7a" ^
[        ]   "-DCMAKE_RUNTIME_OUTPUT_DIRECTORY=D:\\Codes\\Flutter\\Portfolio\\build\\app\\intermediates\\cxx\\release\\z6a544x3\\obj\\armeabi-v7a" ^
[        ]   "-BD:\\Codes\\Flutter\\Portfolio\\build\\.cxx\\release\\z6a544x3\\armeabi-v7a" ^
[        ]   -GNinja ^
[   +1 ms]   -Wno-dev ^
[        ]   --no-warn-unused-cli ^
[        ]   "-DCMAKE_BUILD_TYPE=release"
[        ] Starting process 'command 'C:\Users\haris\AppData\Local\Android\sdk\cmake\3.22.1\bin\cmake.exe''. Working directory: D:\Codes\Flutter\Portfolio\android\app Command: C:\Users\haris\AppData\Local\Android\sdk\cmake\3.22.1\bin\cmake.exe -HD:\flutter\packages\flutter_tools\gradle\src\main\scripts -DCMAKE_SYSTEM_NAME=Android -DCMAKE_EXPORT_COMPILE_COMMANDS=ON -DCMAKE_SYSTEM_VERSION=24 -DANDROID_PLATFORM=android-24 -DANDROID_ABI=armeabi-v7a -DCMAKE_ANDROID_ARCH_ABI=armeabi-v7a -DANDROID_NDK=C:\Users\haris\AppData\Local\Android\sdk\ndk\25.1.8937393 -DCMAKE_ANDROID_NDK=C:\Users\haris\AppData\Local\Android\sdk\ndk\25.1.8937393 -DCMAKE_TOOLCHAIN_FILE=C:\Users\haris\AppData\Local\Android\sdk\ndk\25.1.8937393\build\cmake\android.toolchain.cmake -DCMAKE_MAKE_PROGRAM=C:\Users\haris\AppData\Local\Android\sdk\cmake\3.22.1\bin\ninja.exe -DCMAKE_LIBRARY_OUTPUT_DIRECTORY=D:\Codes\Flutter\Portfolio\build\app\intermediates\cxx\release\z6a544x3\obj\armeabi-v7a -DCMAKE_RUNTIME_OUTPUT_DIRECTORY=D:\Codes\Flutter\Portfolio\build\app\intermediates\cxx\release\z6a544x3\obj\armeabi-v7a -BD:\Codes\Flutter\Portfolio\build\.cxx\release\z6a544x3\armeabi-v7a -GNinja -Wno-dev --no-warn-unused-cli -DCMAKE_BUILD_TYPE=release
[        ] Successfully started process 'command 'C:\Users\haris\AppData\Local\Android\sdk\cmake\3.22.1\bin\cmake.exe''
[+23765 ms] C/C++: D:\flutter\packages\flutter_tools\gradle\src\main\scripts\CMakeLists.txt release|armeabi-v7a : Received process result: 0
[        ] C/C++: D:\flutter\packages\flutter_tools\gradle\src\main\scripts\CMakeLists.txt release|armeabi-v7a : D:\Codes\Flutter\Portfolio\build\.cxx\release\z6a544x3\armeabi-v7a\compile_commands.json.bin existed but not D:\Codes\Flutter\Portfolio\build\.cxx\release\z6a544x3\armeabi-v7a\compile_commands.json
[   +1 ms] C/C++: D:\flutter\packages\flutter_tools\gradle\src\main\scripts\CMakeLists.txt release|armeabi-v7a : done executing cmake
[        ] C/C++: D:\flutter\packages\flutter_tools\gradle\src\main\scripts\CMakeLists.txt release|armeabi-v7a : JSON generation completed without problems
[        ] C/C++: D:\flutter\packages\flutter_tools\gradle\src\main\scripts\CMakeLists.txt release|armeabi-v7a : Writing build model to D:\Codes\Flutter\Portfolio\build\app\intermediates\cxx\release\z6a544x3\logs\armeabi-v7a\build_model.json
[        ] Resolve mutations for :app:buildCMakeRelease[armeabi-v7a] (Thread[#307,Execution worker,5,main]) started.
[  +73 ms] :app:buildCMakeRelease[armeabi-v7a] (Thread[#309,Execution worker Thread 3,5,main]) started.
[        ] > Task :app:buildCMakeRelease[armeabi-v7a]
[        ] Caching disabled for task ':app:buildCMakeRelease[armeabi-v7a]' because:
[        ]   Build cache is disabled
[        ]   Caching has been disabled for the task
[        ] Task ':app:buildCMakeRelease[armeabi-v7a]' is not up-to-date because:
[        ]   Task.upToDateWhen is false.
[        ] C/C++: starting build
[        ] C/C++: reading expected JSONs
[        ] C/C++: done reading expected JSONs
[        ] C/C++: executing build commands for targets that produce .so files or executables
[        ] C/C++: evaluate miniconfig
[   +6 ms] C/C++: no libraries
[        ] Resolve mutations for :app:configureCMakeRelease[x86_64] (Thread[#309,Execution worker Thread 3,5,main]) started.
[        ] :app:configureCMakeRelease[x86_64] (Thread[#309,Execution worker Thread 3,5,main]) started.
[ +475 ms] > Task :app:compileReleaseKotlin
[   +6 ms] i: starting the daemon as: C:\Program Files\Android\Android Studio\jbr\bin\java -cp C:\Users\haris\.gradle\caches\modules-2\files-2.1\org.jetbrains.kotlin\kotlin-compiler-embeddable\1.9.0\2c8c3a7402becca891f12739b3e9fd2dc2adbd7a\kotlin-compiler-embeddable-1.9.0.jar;C:\Users\haris\.gradle\caches\modules-2\files-2.1\org.jetbrains.kotlin\kotlin-stdlib\1.9.0\8ee15ef0c67dc83d874f412d84378d7f0eb50b63\kotlin-stdlib-1.9.0.jar;C:\Users\haris\.gradle\caches\modules-2\files-2.1\org.jetbrains.kotlin\kotlin-script-runtime\1.9.0\4b3102cbbb7e1b58d9d1adf89563f00069ffa7d1\kotlin-script-runtime-1.9.0.jar;C:\Users\haris\.gradle\caches\modules-2\files-2.1\org.jetbrains.kotlin\kotlin-reflect\1.6.10\1cbe9c92c12a94eea200d23c2bbaedaf3daf5132\kotlin-reflect-1.6.10.jar;C:\Users\haris\.gradle\caches\modules-2\files-2.1\org.jetbrains.kotlin\kotlin-daemon-embeddable\1.9.0\186543f5e28cf8d9a0290fecc2cf34301c40a65c\kotlin-daemon-embeddable-1.9.0.jar;C:\Users\haris\.gradle\caches\modules-2\files-2.1\org.jetbrains.intellij.deps\trove4j\1.0.20200330\3afb14d5f9ceb459d724e907a21145e8ff394f02\trove4j-1.0.20200330.jar;C:\Users\haris\.gradle\caches\modules-2\files-2.1\org.jetbrains.kotlin\kotlin-stdlib-common\1.9.0\cd65c21cfd1eec4d44ef09f9f52b6d9f8a720636\kotlin-stdlib-common-1.9.0.jar;C:\Users\haris\.gradle\caches\modules-2\files-2.1\org.jetbrains\annotations\13.0\919f0dfe192fb4e063e7dacadee7f8bb9a2672a9\annotations-13.0.jar -Djava.awt.headless=true -D$java.rmi.server.hostname=127.0.0.1 -Xmx1536M -Dkotlin.environment.keepalive -ea --add-exports java.base/sun.nio.ch=ALL-UNNAMED org.jetbrains.kotlin.daemon.KotlinCompileDaemon --daemon-runFilesPath C:\Users\haris\AppData\Local\kotlin\daemon --daemon-autoshutdownIdleSeconds=7200 --daemon-compilerClasspath C:\Users\haris\.gradle\caches\modules-2\files-2.1\org.jetbrains.kotlin\kotlin-compiler-embeddable\1.9.0\2c8c3a7402becca891f12739b3e9fd2dc2adbd7a\kotlin-compiler-embeddable-1.9.0.jar;C:\Users\haris\.gradle\caches\modules-2\files-2.1\org.jetbrains.kotlin\kotlin-stdlib\1.9.0\8ee15ef0c67dc83d874f412d84378d7f0eb50b63\kotlin-stdlib-1.9.0.jar;C:\Users\haris\.gradle\caches\modules-2\files-2.1\org.jetbrains.kotlin\kotlin-script-runtime\1.9.0\4b3102cbbb7e1b58d9d1adf89563f00069ffa7d1\kotlin-script-runtime-1.9.0.jar;C:\Users\haris\.gradle\caches\modules-2\files-2.1\org.jetbrains.kotlin\kotlin-reflect\1.6.10\1cbe9c92c12a94eea200d23c2bbaedaf3daf5132\kotlin-reflect-1.6.10.jar;C:\Users\haris\.gradle\caches\modules-2\files-2.1\org.jetbrains.kotlin\kotlin-daemon-embeddable\1.9.0\186543f5e28cf8d9a0290fecc2cf34301c40a65c\kotlin-daemon-embeddable-1.9.0.jar;C:\Users\haris\.gradle\caches\modules-2\files-2.1\org.jetbrains.intellij.deps\trove4j\1.0.20200330\3afb14d5f9ceb459d724e907a21145e8ff394f02\trove4j-1.0.20200330.jar;C:\Users\haris\.gradle\caches\modules-2\files-2.1\org.jetbrains.kotlin\kotlin-stdlib-common\1.9.0\cd65c21cfd1eec4d44ef09f9f52b6d9f8a720636\kotlin-stdlib-common-1.9.0.jar;C:\Users\haris\.gradle\caches\modules-2\files-2.1\org.jetbrains\annotations\13.0\919f0dfe192fb4e063e7dacadee7f8bb9a2672a9\annotations-13.0.jar
[   +1 ms] i: [daemon] Picked up JAVA_TOOL_OPTIONS: -Dstdout.encoding=UTF-8 -Dstderr.encoding=UTF-8
[   +2 ms] i: Received the message signalling that the daemon is ready
[   +2 ms] i: new daemon started, trying to find it
[        ] i: found daemon on port 17175 (244 ms old), trying to connect
[        ] i: cannot connect to registry: Connection reset
[        ] i: found fresh run file 'C:\Users\haris\AppData\Local\kotlin\daemon\kotlin-daemon.2026-06-25T15-49-57.751Z.d00e535e52d7594b0be18f9d2fceb7ec.17175.run' (244 ms old), but no daemon, ignoring it
[   +1 ms] i: starting the daemon as: C:\Program Files\Android\Android Studio\jbr\bin\java -cp C:\Users\haris\.gradle\caches\modules-2\files-2.1\org.jetbrains.kotlin\kotlin-compiler-embeddable\1.9.0\2c8c3a7402becca891f12739b3e9fd2dc2adbd7a\kotlin-compiler-embeddable-1.9.0.jar;C:\Users\haris\.gradle\caches\modules-2\files-2.1\org.jetbrains.kotlin\kotlin-stdlib\1.9.0\8ee15ef0c67dc83d874f412d84378d7f0eb50b63\kotlin-stdlib-1.9.0.jar;C:\Users\haris\.gradle\caches\modules-2\files-2.1\org.jetbrains.kotlin\kotlin-script-runtime\1.9.0\4b3102cbbb7e1b58d9d1adf89563f00069ffa7d1\kotlin-script-runtime-1.9.0.jar;C:\Users\haris\.gradle\caches\modules-2\files-2.1\org.jetbrains.kotlin\kotlin-reflect\1.6.10\1cbe9c92c12a94eea200d23c2bbaedaf3daf5132\kotlin-reflect-1.6.10.jar;C:\Users\haris\.gradle\caches\modules-2\files-2.1\org.jetbrains.kotlin\kotlin-daemon-embeddable\1.9.0\186543f5e28cf8d9a0290fecc2cf34301c40a65c\kotlin-daemon-embeddable-1.9.0.jar;C:\Users\haris\.gradle\caches\modules-2\files-2.1\org.jetbrains.intellij.deps\trove4j\1.0.20200330\3afb14d5f9ceb459d724e907a21145e8ff394f02\trove4j-1.0.20200330.jar;C:\Users\haris\.gradle\caches\modules-2\files-2.1\org.jetbrains.kotlin\kotlin-stdlib-common\1.9.0\cd65c21cfd1eec4d44ef09f9f52b6d9f8a720636\kotlin-stdlib-common-1.9.0.jar;C:\Users\haris\.gradle\caches\modules-2\files-2.1\org.jetbrains\annotations\13.0\919f0dfe192fb4e063e7dacadee7f8bb9a2672a9\annotations-13.0.jar -Djava.awt.headless=true -D$java.rmi.server.hostname=127.0.0.1 -Xmx1536M -Dkotlin.environment.keepalive -ea --add-exports java.base/sun.nio.ch=ALL-UNNAMED org.jetbrains.kotlin.daemon.KotlinCompileDaemon --daemon-runFilesPath C:\Users\haris\AppData\Local\kotlin\daemon --daemon-autoshutdownIdleSeconds=7200 --daemon-compilerClasspath C:\Users\haris\.gradle\caches\modules-2\files-2.1\org.jetbrains.kotlin\kotlin-compiler-embeddable\1.9.0\2c8c3a7402becca891f12739b3e9fd2dc2adbd7a\kotlin-compiler-embeddable-1.9.0.jar;C:\Users\haris\.gradle\caches\modules-2\files-2.1\org.jetbrains.kotlin\kotlin-stdlib\1.9.0\8ee15ef0c67dc83d874f412d84378d7f0eb50b63\kotlin-stdlib-1.9.0.jar;C:\Users\haris\.gradle\caches\modules-2\files-2.1\org.jetbrains.kotlin\kotlin-script-runtime\1.9.0\4b3102cbbb7e1b58d9d1adf89563f00069ffa7d1\kotlin-script-runtime-1.9.0.jar;C:\Users\haris\.gradle\caches\modules-2\files-2.1\org.jetbrains.kotlin\kotlin-reflect\1.6.10\1cbe9c92c12a94eea200d23c2bbaedaf3daf5132\kotlin-reflect-1.6.10.jar;C:\Users\haris\.gradle\caches\modules-2\files-2.1\org.jetbrains.kotlin\kotlin-daemon-embeddable\1.9.0\186543f5e28cf8d9a0290fecc2cf34301c40a65c\kotlin-daemon-embeddable-1.9.0.jar;C:\Users\haris\.gradle\caches\modules-2\files-2.1\org.jetbrains.intellij.deps\trove4j\1.0.20200330\3afb14d5f9ceb459d724e907a21145e8ff394f02\trove4j-1.0.20200330.jar;C:\Users\haris\.gradle\caches\modules-2\files-2.1\org.jetbrains.kotlin\kotlin-stdlib-common\1.9.0\cd65c21cfd1eec4d44ef09f9f52b6d9f8a720636\kotlin-stdlib-common-1.9.0.jar;C:\Users\haris\.gradle\caches\modules-2\files-2.1\org.jetbrains\annotations\13.0\919f0dfe192fb4e063e7dacadee7f8bb9a2672a9\annotations-13.0.jar
[        ] i: [daemon] Picked up JAVA_TOOL_OPTIONS: -Dstdout.encoding=UTF-8 -Dstderr.encoding=UTF-8
[        ] i: Received the message signalling that the daemon is ready
[        ] i: new daemon started, trying to find it
[        ] i: found daemon on port 17888 (254 ms old), trying to connect
[        ] i: cannot connect to registry: Connection reset
[        ] i: found fresh run file 'C:\Users\haris\AppData\Local\kotlin\daemon\kotlin-daemon.2026-06-25T15-50-08.996Z.d00e535e52d7594b0be18f9d2fceb7ec.17888.run' (254 ms old), but no daemon, ignoring it
[   +3 ms] e: Daemon compilation failed: Could not connect to Kotlin compile 
daemon
[        ] java.lang.RuntimeException: Could not connect to Kotlin compile 
daemon
[        ] 	at org.jetbrains.kotlin.compilerRunner.GradleKotlinCompilerWork.com
pileWithDaemon(GradleKotlinCompilerWork.kt:221)
[        ] 	at org.jetbrains.kotlin.compilerRunner.GradleKotlinCompilerWork.com
pileWithDaemonOrFallbackImpl(GradleKotlinCompilerWork.kt:178)
[        ] 	at org.jetbrains.kotlin.compilerRunner.GradleKotlinCompilerWork.run
(GradleKotlinCompilerWork.kt:138)
[        ] 	at org.jetbrains.kotlin.compilerRunner.GradleCompilerRunnerWithWork
ers$GradleKotlinCompilerWorkAction.execute(GradleCompilerRunnerWithWorkers.kt:7
6)
[        ] 	at org.gradle.workers.internal.DefaultWorkerServer.execute(DefaultW
orkerServer.java:63)
[        ] 	at org.gradle.workers.internal.NoIsolationWorkerFactory$1$1.create(
NoIsolationWorkerFactory.java:66)
[        ] 	at org.gradle.workers.internal.NoIsolationWorkerFactory$1$1.create(
NoIsolationWorkerFactory.java:62)
[        ] 	at org.gradle.internal.classloader.ClassLoaderUtils.executeInClassl
oader(ClassLoaderUtils.java:100)
[        ] 	at org.gradle.workers.internal.NoIsolationWorkerFactory$1.lambda$ex
ecute$0(NoIsolationWorkerFactory.java:62)
[        ] 	at 
org.gradle.workers.internal.AbstractWorker$1.call(AbstractWorker.java:44)
[        ] 	at 
org.gradle.workers.internal.AbstractWorker$1.call(AbstractWorker.java:41)
[        ] 	at org.gradle.internal.operations.DefaultBuildOperationRunner$Calla
bleBuildOperationWorker.execute(DefaultBuildOperationRunner.java:209)
[        ] 	at org.gradle.internal.operations.DefaultBuildOperationRunner$Calla
bleBuildOperationWorker.execute(DefaultBuildOperationRunner.java:204)
[        ] 	at org.gradle.internal.operations.DefaultBuildOperationRunner$2.exe
cute(DefaultBuildOperationRunner.java:66)
[        ] 	at org.gradle.internal.operations.DefaultBuildOperationRunner$2.exe
cute(DefaultBuildOperationRunner.java:59)
[        ] 	at org.gradle.internal.operations.DefaultBuildOperationRunner.execu
te(DefaultBuildOperationRunner.java:166)
[        ] 	at org.gradle.internal.operations.DefaultBuildOperationRunner.execu
te(DefaultBuildOperationRunner.java:59)
[        ] 	at org.gradle.internal.operations.DefaultBuildOperationRunner.call(
DefaultBuildOperationRunner.java:53)
[        ] 	at org.gradle.workers.internal.AbstractWorker.executeWrappedInBuild
Operation(AbstractWorker.java:41)
[        ] 	at org.gradle.workers.internal.NoIsolationWorkerFactory$1.execute(N
oIsolationWorkerFactory.java:59)
[        ] 	at org.gradle.workers.internal.DefaultWorkerExecutor.lambda$submitW
ork$0(DefaultWorkerExecutor.java:174)
[        ] 	at java.base/java.util.concurrent.FutureTask.run(Unknown Source)
[        ] 	at org.gradle.internal.work.DefaultConditionalExecutionQueue$Execut
ionRunner.runExecution(DefaultConditionalExecutionQueue.java:195)
[        ] 	at org.gradle.internal.work.DefaultConditionalExecutionQueue$Execut
ionRunner.access$700(DefaultConditionalExecutionQueue.java:128)
[        ] 	at org.gradle.internal.work.DefaultConditionalExecutionQueue$Execut
ionRunner$1.run(DefaultConditionalExecutionQueue.java:170)
[        ] 	at org.gradle.internal.Factories$1.create(Factories.java:31)
[        ] 	at org.gradle.internal.work.DefaultWorkerLeaseService.withLocks(Def
aultWorkerLeaseService.java:267)
[        ] 	at org.gradle.internal.work.DefaultWorkerLeaseService.runAsWorkerTh
read(DefaultWorkerLeaseService.java:131)
[        ] 	at org.gradle.internal.work.DefaultWorkerLeaseService.runAsWorkerTh
read(DefaultWorkerLeaseService.java:136)
[        ] 	at org.gradle.internal.work.DefaultConditionalExecutionQueue$Execut
ionRunner.runBatch(DefaultConditionalExecutionQueue.java:165)
[        ] 	at org.gradle.internal.work.DefaultConditionalExecutionQueue$Execut
ionRunner.run(DefaultConditionalExecutionQueue.java:134)
[   +5 ms] 	at 
java.base/java.util.concurrent.Executors$RunnableAdapter.call(Unknown Source)
[        ] 	at java.base/java.util.concurrent.FutureTask.run(Unknown Source)
[        ] 	at org.gradle.internal.concurrent.ExecutorPolicy$CatchAndRecordFail
ures.onExecute(ExecutorPolicy.java:64)
[        ] 	at org.gradle.internal.concurrent.AbstractManagedExecutor$1.run(Abs
tractManagedExecutor.java:48)
[        ] 	at 
java.base/java.util.concurrent.ThreadPoolExecutor.runWorker(Unknown Source)
[        ] 	at 
java.base/java.util.concurrent.ThreadPoolExecutor$Worker.run(Unknown Source)
[   +1 ms] 	at java.base/java.lang.Thread.run(Unknown Source)
[        ] Failed to compile with Kotlin daemon: java.lang.RuntimeException: Could not connect to Kotlin compile daemon
[        ] 	at org.jetbrains.kotlin.compilerRunner.GradleKotlinCompilerWork.compileWithDaemon(GradleKotlinCompilerWork.kt:221)
[        ] 	at org.jetbrains.kotlin.compilerRunner.GradleKotlinCompilerWork.compileWithDaemonOrFallbackImpl(GradleKotlinCompilerWork.kt:178)
[        ] 	at org.jetbrains.kotlin.compilerRunner.GradleKotlinCompilerWork.run(GradleKotlinCompilerWork.kt:138)
[        ] 	at org.jetbrains.kotlin.compilerRunner.GradleCompilerRunnerWithWorkers$GradleKotlinCompilerWorkAction.execute(GradleCompilerRunnerWithWorkers.kt:76)
[        ] 	at org.gradle.workers.internal.DefaultWorkerServer.execute(DefaultWorkerServer.java:63)
[  +79 ms] 	at org.gradle.workers.internal.NoIsolationWorkerFactory$1$1.create(NoIsolationWorkerFactory.java:66)
[        ] 	at org.gradle.workers.internal.NoIsolationWorkerFactory$1$1.create(NoIsolationWorkerFactory.java:62)
[        ] 	at org.gradle.internal.classloader.ClassLoaderUtils.executeInClassloader(ClassLoaderUtils.java:100)
[        ] 	at org.gradle.workers.internal.NoIsolationWorkerFactory$1.lambda$execute$0(NoIsolationWorkerFactory.java:62)
[        ] 	at org.gradle.workers.internal.AbstractWorker$1.call(AbstractWorker.java:44)
[        ] 	at org.gradle.workers.internal.AbstractWorker$1.call(AbstractWorker.java:41)
[        ] 	at org.gradle.internal.operations.DefaultBuildOperationRunner$CallableBuildOperationWorker.execute(DefaultBuildOperationRunner.java:209)
[        ] 	at org.gradle.internal.operations.DefaultBuildOperationRunner$CallableBuildOperationWorker.execute(DefaultBuildOperationRunner.java:204)
[        ] 	at org.gradle.internal.operations.DefaultBuildOperationRunner$2.execute(DefaultBuildOperationRunner.java:66)
[        ] 	at org.gradle.internal.operations.DefaultBuildOperationRunner$2.execute(DefaultBuildOperationRunner.java:59)
[        ] 	at org.gradle.internal.operations.DefaultBuildOperationRunner.execute(DefaultBuildOperationRunner.java:166)
[        ] 	at org.gradle.internal.operations.DefaultBuildOperationRunner.execute(DefaultBuildOperationRunner.java:59)
[        ] 	at org.gradle.internal.operations.DefaultBuildOperationRunner.call(DefaultBuildOperationRunner.java:53)
[        ] 	at org.gradle.workers.internal.AbstractWorker.executeWrappedInBuildOperation(AbstractWorker.java:41)
[        ] 	at org.gradle.workers.internal.NoIsolationWorkerFactory$1.execute(NoIsolationWorkerFactory.java:59)
[        ] 	at org.gradle.workers.internal.DefaultWorkerExecutor.lambda$submitWork$0(DefaultWorkerExecutor.java:174)
[   +3 ms] 	at java.base/java.util.concurrent.FutureTask.run(Unknown Source)
[        ] 	at org.gradle.internal.work.DefaultConditionalExecutionQueue$ExecutionRunner.runExecution(DefaultConditionalExecutionQueue.java:195)
[        ] 	at org.gradle.internal.work.DefaultConditionalExecutionQueue$ExecutionRunner.access$700(DefaultConditionalExecutionQueue.java:128)
[        ] 	at org.gradle.internal.work.DefaultConditionalExecutionQueue$ExecutionRunner$1.run(DefaultConditionalExecutionQueue.java:170)
[        ] 	at org.gradle.internal.Factories$1.create(Factories.java:31)
[        ] 	at org.gradle.internal.work.DefaultWorkerLeaseService.withLocks(DefaultWorkerLeaseService.java:267)
[        ] 	at org.gradle.internal.work.DefaultWorkerLeaseService.runAsWorkerThread(DefaultWorkerLeaseService.java:131)
[        ] 	at org.gradle.internal.work.DefaultWorkerLeaseService.runAsWorkerThread(DefaultWorkerLeaseService.java:136)
[        ] 	at org.gradle.internal.work.DefaultConditionalExecutionQueue$ExecutionRunner.runBatch(DefaultConditionalExecutionQueue.java:165)
[   +1 ms] 	at org.gradle.internal.work.DefaultConditionalExecutionQueue$ExecutionRunner.run(DefaultConditionalExecutionQueue.java:134)
[        ] 	at java.base/java.util.concurrent.Executors$RunnableAdapter.call(Unknown Source)
[        ] 	at java.base/java.util.concurrent.FutureTask.run(Unknown Source)
[        ] 	at org.gradle.internal.concurrent.ExecutorPolicy$CatchAndRecordFailures.onExecute(ExecutorPolicy.java:64)
[        ] 	at org.gradle.internal.concurrent.AbstractManagedExecutor$1.run(AbstractManagedExecutor.java:48)
[        ] 	at java.base/java.util.concurrent.ThreadPoolExecutor.runWorker(Unknown Source)
[        ] 	at java.base/java.util.concurrent.ThreadPoolExecutor$Worker.run(Unknown Source)
[        ] 	at java.base/java.lang.Thread.run(Unknown Source)
[        ] Using fallback strategy: Compile without Kotlin daemon
[        ] Try ./gradlew --stop if this issue persists.
[ +267 ms] exception: picked up JAVA_TOOL_OPTIONS: -Dstdout.encoding=UTF-8 
-Dstderr.encoding=UTF-8
[+29101 ms] > Task :app:configureCMakeRelease[x86_64]
[        ] Caching disabled for task ':app:configureCMakeRelease[x86_64]' because:
[        ]   Build cache is disabled
[   +1 ms]   Caching has been disabled for the task
[        ] Task ':app:configureCMakeRelease[x86_64]' is not up-to-date because:
[   +2 ms]   Task.upToDateWhen is false.
[        ] C/C++: D:\flutter\packages\flutter_tools\gradle\src\main\scripts\CMakeLists.txt release|x86_64 : Start JSON generation. Platform version: 24 min SDK version: x86_64
[   +5 ms] C/C++: D:\flutter\packages\flutter_tools\gradle\src\main\scripts\CMakeLists.txt release|x86_64 : rebuilding JSON D:\Codes\Flutter\Portfolio\build\.cxx\release\z6a544x3\x86_64\android_gradle_build.json due to:
[        ] C/C++: D:\flutter\packages\flutter_tools\gradle\src\main\scripts\CMakeLists.txt release|x86_64 : - no fingerprint file, will remove stale configuration folder
[        ] C/C++: D:\flutter\packages\flutter_tools\gradle\src\main\scripts\CMakeLists.txt release|x86_64 : removing stale contents from 'D:\Codes\Flutter\Portfolio\build\.cxx\release\z6a544x3\x86_64'
[        ] C/C++: D:\flutter\packages\flutter_tools\gradle\src\main\scripts\CMakeLists.txt release|x86_64 : created folder 'D:\Codes\Flutter\Portfolio\build\.cxx\release\z6a544x3\x86_64'
[        ] C/C++: D:\flutter\packages\flutter_tools\gradle\src\main\scripts\CMakeLists.txt release|x86_64 : executing cmake @echo off
[        ] "C:\\Users\\haris\\AppData\\Local\\Android\\sdk\\cmake\\3.22.1\\bin\\cmake.exe" ^
[        ]   "-HD:\\flutter\\packages\\flutter_tools\\gradle\\src\\main\\scripts" ^
[        ]   "-DCMAKE_SYSTEM_NAME=Android" ^
[        ]   "-DCMAKE_EXPORT_COMPILE_COMMANDS=ON" ^
[        ]   "-DCMAKE_SYSTEM_VERSION=24" ^
[        ]   "-DANDROID_PLATFORM=android-24" ^
[        ]   "-DANDROID_ABI=x86_64" ^
[        ]   "-DCMAKE_ANDROID_ARCH_ABI=x86_64" ^
[        ]   "-DANDROID_NDK=C:\\Users\\haris\\AppData\\Local\\Android\\sdk\\ndk\\25.1.8937393" ^
[        ]   "-DCMAKE_ANDROID_NDK=C:\\Users\\haris\\AppData\\Local\\Android\\sdk\\ndk\\25.1.8937393" ^
[        ]   "-DCMAKE_TOOLCHAIN_FILE=C:\\Users\\haris\\AppData\\Local\\Android\\sdk\\ndk\\25.1.8937393\\build\\cmake\\android.toolchain.cmake" ^
[        ]   "-DCMAKE_MAKE_PROGRAM=C:\\Users\\haris\\AppData\\Local\\Android\\sdk\\cmake\\3.22.1\\bin\\ninja.exe" ^
[        ]   "-DCMAKE_LIBRARY_OUTPUT_DIRECTORY=D:\\Codes\\Flutter\\Portfolio\\build\\app\\intermediates\\cxx\\release\\z6a544x3\\obj\\x86_64" ^
[        ]   "-DCMAKE_RUNTIME_OUTPUT_DIRECTORY=D:\\Codes\\Flutter\\Portfolio\\build\\app\\intermediates\\cxx\\release\\z6a544x3\\obj\\x86_64" ^
[        ]   "-BD:\\Codes\\Flutter\\Portfolio\\build\\.cxx\\release\\z6a544x3\\x86_64" ^
[        ]   -GNinja ^
[        ]   -Wno-dev ^
[        ]   --no-warn-unused-cli ^
[        ]   "-DCMAKE_BUILD_TYPE=release"
[        ] C/C++: D:\flutter\packages\flutter_tools\gradle\src\main\scripts\CMakeLists.txt release|x86_64 : @echo off
[        ] "C:\\Users\\haris\\AppData\\Local\\Android\\sdk\\cmake\\3.22.1\\bin\\cmake.exe" ^
[        ]   "-HD:\\flutter\\packages\\flutter_tools\\gradle\\src\\main\\scripts" ^
[  +13 ms]   "-DCMAKE_SYSTEM_NAME=Android" ^
[        ]   "-DCMAKE_EXPORT_COMPILE_COMMANDS=ON" ^
[        ]   "-DCMAKE_SYSTEM_VERSION=24" ^
[   +2 ms]   "-DANDROID_PLATFORM=android-24" ^
[   +2 ms]   "-DANDROID_ABI=x86_64" ^
[        ]   "-DCMAKE_ANDROID_ARCH_ABI=x86_64" ^
[        ]   "-DANDROID_NDK=C:\\Users\\haris\\AppData\\Local\\Android\\sdk\\ndk\\25.1.8937393" ^
[        ]   "-DCMAKE_ANDROID_NDK=C:\\Users\\haris\\AppData\\Local\\Android\\sdk\\ndk\\25.1.8937393" ^
[        ]   "-DCMAKE_TOOLCHAIN_FILE=C:\\Users\\haris\\AppData\\Local\\Android\\sdk\\ndk\\25.1.8937393\\build\\cmake\\android.toolchain.cmake" ^
[        ]   "-DCMAKE_MAKE_PROGRAM=C:\\Users\\haris\\AppData\\Local\\Android\\sdk\\cmake\\3.22.1\\bin\\ninja.exe" ^
[        ]   "-DCMAKE_LIBRARY_OUTPUT_DIRECTORY=D:\\Codes\\Flutter\\Portfolio\\build\\app\\intermediates\\cxx\\release\\z6a544x3\\obj\\x86_64" ^
[        ]   "-DCMAKE_RUNTIME_OUTPUT_DIRECTORY=D:\\Codes\\Flutter\\Portfolio\\build\\app\\intermediates\\cxx\\release\\z6a544x3\\obj\\x86_64" ^
[        ]   "-BD:\\Codes\\Flutter\\Portfolio\\build\\.cxx\\release\\z6a544x3\\x86_64" ^
[   +1 ms]   -GNinja ^
[        ]   -Wno-dev ^
[        ]   --no-warn-unused-cli ^
[        ]   "-DCMAKE_BUILD_TYPE=release"
[   +1 ms] Starting process 'command 'C:\Users\haris\AppData\Local\Android\sdk\cmake\3.22.1\bin\cmake.exe''. Working directory: D:\Codes\Flutter\Portfolio\android\app Command: C:\Users\haris\AppData\Local\Android\sdk\cmake\3.22.1\bin\cmake.exe -HD:\flutter\packages\flutter_tools\gradle\src\main\scripts -DCMAKE_SYSTEM_NAME=Android -DCMAKE_EXPORT_COMPILE_COMMANDS=ON -DCMAKE_SYSTEM_VERSION=24 -DANDROID_PLATFORM=android-24 -DANDROID_ABI=x86_64 -DCMAKE_ANDROID_ARCH_ABI=x86_64 -DANDROID_NDK=C:\Users\haris\AppData\Local\Android\sdk\ndk\25.1.8937393 -DCMAKE_ANDROID_NDK=C:\Users\haris\AppData\Local\Android\sdk\ndk\25.1.8937393 -DCMAKE_TOOLCHAIN_FILE=C:\Users\haris\AppData\Local\Android\sdk\ndk\25.1.8937393\build\cmake\android.toolchain.cmake -DCMAKE_MAKE_PROGRAM=C:\Users\haris\AppData\Local\Android\sdk\cmake\3.22.1\bin\ninja.exe -DCMAKE_LIBRARY_OUTPUT_DIRECTORY=D:\Codes\Flutter\Portfolio\build\app\intermediates\cxx\release\z6a544x3\obj\x86_64 -DCMAKE_RUNTIME_OUTPUT_DIRECTORY=D:\Codes\Flutter\Portfolio\build\app\intermediates\cxx\release\z6a544x3\obj\x86_64 -BD:\Codes\Flutter\Portfolio\build\.cxx\release\z6a544x3\x86_64 -GNinja -Wno-dev --no-warn-unused-cli -DCMAKE_BUILD_TYPE=release
[        ] Successfully started process 'command 'C:\Users\haris\AppData\Local\Android\sdk\cmake\3.22.1\bin\cmake.exe''
[+2840 ms] C/C++: D:\flutter\packages\flutter_tools\gradle\src\main\scripts\CMakeLists.txt release|x86_64 : Received process result: 0
[   +1 ms] C/C++: D:\flutter\packages\flutter_tools\gradle\src\main\scripts\CMakeLists.txt release|x86_64 : D:\Codes\Flutter\Portfolio\build\.cxx\release\z6a544x3\x86_64\compile_commands.json.bin existed but not D:\Codes\Flutter\Portfolio\build\.cxx\release\z6a544x3\x86_64\compile_commands.json
[        ] C/C++: D:\flutter\packages\flutter_tools\gradle\src\main\scripts\CMakeLists.txt release|x86_64 : done executing cmake
[ +221 ms] C/C++: D:\flutter\packages\flutter_tools\gradle\src\main\scripts\CMakeLists.txt release|x86_64 : JSON generation completed without problems
[        ] C/C++: D:\flutter\packages\flutter_tools\gradle\src\main\scripts\CMakeLists.txt release|x86_64 : Writing build model to D:\Codes\Flutter\Portfolio\build\app\intermediates\cxx\release\z6a544x3\logs\x86_64\build_model.json
[   +1 ms] Resolve mutations for :app:buildCMakeRelease[x86_64] (Thread[#309,Execution worker Thread 3,5,main]) started.
[   +1 ms] :app:buildCMakeRelease[x86_64] (Thread[#309,Execution worker Thread 3,5,main]) started.
[ +166 ms] > Task :app:buildCMakeRelease[x86_64]
[        ] Caching disabled for task ':app:buildCMakeRelease[x86_64]' because:
[        ]   Build cache is disabled
[        ]   Caching has been disabled for the task
[        ] Task ':app:buildCMakeRelease[x86_64]' is not up-to-date because:
[        ]   Task.upToDateWhen is false.
[        ] C/C++: starting build
[        ] C/C++: reading expected JSONs
[        ] exception: 
app\src\main\kotlin\com\example\portfolio\MainActivity.kt:3:8: error: 
unresolved reference: io
[  +98 ms] C/C++: done reading expected JSONs
[        ] exception: import io.flutter.embedding.android.FlutterActivity
[   +1 ms] C/C++: executing build commands for targets that produce .so files or executables
[        ] exception:        ^
[        ] C/C++: evaluate miniconfig
[        ] exception: 
app\src\main\kotlin\com\example\portfolio\MainActivity.kt:5:22: error: 
unresolved reference: FlutterActivity
[        ] C/C++: no libraries
[        ] exception: class MainActivity : FlutterActivity() {
[        ] Resolve mutations for :app:mergeReleaseJniLibFolders (Thread[#307,Execution worker,5,main]) started.
[        ] exception:                      ^
[        ] :app:mergeReleaseJniLibFolders (Thread[#307,Execution worker,5,main]) started.
[        ] > Task :app:mergeReleaseJniLibFolders
[        ] Caching disabled for task ':app:mergeReleaseJniLibFolders' because:
[        ]   Build cache is disabled
[        ] Task ':app:mergeReleaseJniLibFolders' is not up-to-date because:
[   +2 ms]   No history is available.
[        ] The input changes require a full rebuild for incremental task ':app:mergeReleaseJniLibFolders'.
[        ] Resolve mutations for :app:mergeReleaseNativeLibs (Thread[#307,Execution worker,5,main]) started.
[        ] :app:mergeReleaseNativeLibs (Thread[#307,Execution worker,5,main]) started.
[+1827 ms] > Task :app:mergeReleaseNativeLibs
[        ] Transforming libs.jar with JetifyTransform
[   +2 ms] Transforming libs.jar with ExtractJniTransform
[        ] Transforming kotlin-stdlib-jdk7-1.9.0.jar (org.jetbrains.kotlin:kotlin-stdlib-jdk7:1.9.0) with JetifyTransform
[   +1 ms] Transforming kotlin-stdlib-jdk7-1.9.0.jar (org.jetbrains.kotlin:kotlin-stdlib-jdk7:1.9.0) with ExtractJniTransform
[        ] Transforming armeabi_v7a_release-1.0.0-b5990e5ccc5e325fd24f0746e7d6689bbebc7c65.jar (io.flutter:armeabi_v7a_release:1.0.0-b5990e5ccc5e325fd24f0746e7d6689bbebc7c65) with JetifyTransform
[        ] Transforming armeabi_v7a_release-1.0.0-b5990e5ccc5e325fd24f0746e7d6689bbebc7c65.jar (io.flutter:armeabi_v7a_release:1.0.0-b5990e5ccc5e325fd24f0746e7d6689bbebc7c65) with ExtractJniTransform
[        ] Transforming arm64_v8a_release-1.0.0-b5990e5ccc5e325fd24f0746e7d6689bbebc7c65.jar (io.flutter:arm64_v8a_release:1.0.0-b5990e5ccc5e325fd24f0746e7d6689bbebc7c65) with JetifyTransform
[        ] Transforming arm64_v8a_release-1.0.0-b5990e5ccc5e325fd24f0746e7d6689bbebc7c65.jar (io.flutter:arm64_v8a_release:1.0.0-b5990e5ccc5e325fd24f0746e7d6689bbebc7c65) with ExtractJniTransform
[   +1 ms] Transforming x86_64_release-1.0.0-b5990e5ccc5e325fd24f0746e7d6689bbebc7c65.jar (io.flutter:x86_64_release:1.0.0-b5990e5ccc5e325fd24f0746e7d6689bbebc7c65) with JetifyTransform
[        ] Transforming x86_64_release-1.0.0-b5990e5ccc5e325fd24f0746e7d6689bbebc7c65.jar (io.flutter:x86_64_release:1.0.0-b5990e5ccc5e325fd24f0746e7d6689bbebc7c65) with ExtractJniTransform
[        ] Transforming kotlin-stdlib-1.9.0.jar (org.jetbrains.kotlin:kotlin-stdlib:1.9.0) with JetifyTransform
[        ] Transforming kotlin-stdlib-1.9.0.jar (org.jetbrains.kotlin:kotlin-stdlib:1.9.0) with ExtractJniTransform
[        ] Transforming kotlin-stdlib-common-1.9.0.jar (org.jetbrains.kotlin:kotlin-stdlib-common:1.9.0) with JetifyTransform
[        ] Transforming kotlin-stdlib-common-1.9.0.jar (org.jetbrains.kotlin:kotlin-stdlib-common:1.9.0) with ExtractJniTransform
[        ] Caching disabled for ExtractJniTransform: C:\Users\haris\.gradle\caches\8.9\transforms\5b170ebcac803dd748db14b555ca33dc\transformed\jetified-libs.jar because:
[        ]   Build cache is disabled
[        ] Caching disabled for ExtractJniTransform: C:\Users\haris\.gradle\caches\8.9\transforms\1b4fe1d8730360608d861e4b99d3edfe\transformed\jetified-kotlin-stdlib-jdk7-1.9.0.jar because:
[        ]   Build cache is disabled
[        ] Transforming annotations-13.0.jar (org.jetbrains:annotations:13.0) with JetifyTransform
[        ] Transforming annotations-13.0.jar (org.jetbrains:annotations:13.0) with ExtractJniTransform
[        ] Caching disabled for ExtractJniTransform: C:\Users\haris\.gradle\caches\8.9\transforms\e585d09821ed389fb57ff9b3f23f2375\transformed\jetified-armeabi_v7a_release-1.0.0-b5990e5ccc5e325fd24f0746e7d6689bbebc7c65.jar because:
[        ]   Build cache is disabled
[        ] Caching disabled for ExtractJniTransform: C:\Users\haris\.gradle\caches\8.9\transforms\02f4f99846e0db15537b1055bf8efc62\transformed\jetified-arm64_v8a_release-1.0.0-b5990e5ccc5e325fd24f0746e7d6689bbebc7c65.jar because:
[+3567 ms]   Build cache is disabled
[   +1 ms] Caching disabled for ExtractJniTransform: C:\Users\haris\.gradle\caches\8.9\transforms\7ba11e5653efccf4db15be8c66cb7b08\transformed\jetified-kotlin-stdlib-1.9.0.jar because:
[        ]   Build cache is disabled
[        ] Caching disabled for ExtractJniTransform: C:\Users\haris\.gradle\caches\8.9\transforms\22ae5ad41a1552a06e9ec6a00128f962\transformed\jetified-kotlin-stdlib-common-1.9.0.jar because:
[        ]   Build cache is disabled
[        ] Caching disabled for ExtractJniTransform: C:\Users\haris\.gradle\caches\8.9\transforms\080505caefe8f729b85a0864a58657e6\transformed\jetified-annotations-13.0.jar because:
[        ]   Build cache is disabled
[        ] Caching disabled for ExtractJniTransform: C:\Users\haris\.gradle\caches\8.9\transforms\650afc07eb5058b921a90513f6a1de96\transformed\jetified-x86_64_release-1.0.0-b5990e5ccc5e325fd24f0746e7d6689bbebc7c65.jar because:
[        ]   Build cache is disabled
[+11765 ms] AAPT2 aapt2-8.3.0-10880808-windows Daemon #0: shutdown
[ +150 ms] AAPT2 aapt2-8.3.0-10880808-windows Daemon #1: shutdown
[ +213 ms] AAPT2 aapt2-8.3.0-10880808-windows Daemon #2: shutdown
[ +185 ms] > Task :app:compileReleaseKotlin
[ +393 ms] Errors were stored into D:\Codes\Flutter\Portfolio\android\.gradle\kotlin\errors\errors-1782402080941.log
[   +1 ms] > Task :app:compileReleaseKotlin FAILED
[+2286 ms] > Task :app:mergeReleaseNativeLibs
[        ] Caching disabled for task ':app:mergeReleaseNativeLibs' because:
[  +30 ms]   Build cache is disabled
[   +1 ms]   Caching has been disabled for the task
[        ] Task ':app:mergeReleaseNativeLibs' is not up-to-date because:
[        ]   No history is available.
[+22050 ms] Could not execute [report metric STATISTICS_COLLECT_METRICS_OVERHEAD]
[   +1 ms] Could not execute [report metric STATISTICS_COLLECT_METRICS_OVERHEAD]
[        ] Could not execute [report metric STATISTICS_COLLECT_METRICS_OVERHEAD]
[        ] FAILURE: Build failed with an exception.
[   +2 ms] * What went wrong:
[        ] Execution failed for task ':app:compileReleaseKotlin'.
[        ] > A failure occurred while executing org.jetbrains.kotlin.compilerRu
nner.GradleCompilerRunnerWithWorkers$GradleKotlinCompilerWorkAction
[        ]    > Compilation error. See log for more details
[        ] * Try:
[        ] > Run with --debug option to get more log output.
[        ] > Run with --scan to get full insights.
[        ] > Get more help at https://help.gradle.org.
[        ] * Exception is:
[        ] org.gradle.api.tasks.TaskExecutionException: Execution failed for 
task ':app:compileReleaseKotlin'.
[        ] 	at org.gradle.api.internal.tasks.execution.ExecuteActionsTaskExecut
er.lambda$executeIfValid$1(ExecuteActionsTaskExecuter.java:130)
[        ] 	at org.gradle.internal.Try$Failure.ifSuccessfulOrElse(Try.java:293)
[        ] 	at org.gradle.api.internal.tasks.execution.ExecuteActionsTaskExecut
er.executeIfValid(ExecuteActionsTaskExecuter.java:128)
[        ] 	at org.gradle.api.internal.tasks.execution.ExecuteActionsTaskExecut
er.execute(ExecuteActionsTaskExecuter.java:116)
[        ] 	at org.gradle.api.internal.tasks.execution.FinalizePropertiesTaskEx
ecuter.execute(FinalizePropertiesTaskExecuter.java:46)
[        ] 	at org.gradle.api.internal.tasks.execution.ResolveTaskExecutionMode
Executer.execute(ResolveTaskExecutionModeExecuter.java:51)
[        ] 	at org.gradle.api.internal.tasks.execution.SkipTaskWithNoActionsExe
cuter.execute(SkipTaskWithNoActionsExecuter.java:57)
[        ] 	at org.gradle.api.internal.tasks.execution.SkipOnlyIfTaskExecuter.e
xecute(SkipOnlyIfTaskExecuter.java:74)
[        ] 	at org.gradle.api.internal.tasks.execution.CatchExceptionTaskExecut
er.execute(CatchExceptionTaskExecuter.java:36)
[        ] 	at org.gradle.api.internal.tasks.execution.EventFiringTaskExecuter$
1.executeTask(EventFiringTaskExecuter.java:77)
[   +3 ms] 	at org.gradle.api.internal.tasks.execution.EventFiringTaskExecuter$
1.call(EventFiringTaskExecuter.java:55)
[  +13 ms] 	at org.gradle.api.internal.tasks.execution.EventFiringTaskExecuter$
1.call(EventFiringTaskExecuter.java:52)
[        ] 	at org.gradle.internal.operations.DefaultBuildOperationRunner$Calla
bleBuildOperationWorker.execute(DefaultBuildOperationRunner.java:209)
[        ] 	at org.gradle.internal.operations.DefaultBuildOperationRunner$Calla
bleBuildOperationWorker.execute(DefaultBuildOperationRunner.java:204)
[        ] 	at org.gradle.internal.operations.DefaultBuildOperationRunner$2.exe
cute(DefaultBuildOperationRunner.java:66)
[        ] 	at org.gradle.internal.operations.DefaultBuildOperationRunner$2.exe
cute(DefaultBuildOperationRunner.java:59)
[        ] 	at org.gradle.internal.operations.DefaultBuildOperationRunner.execu
te(DefaultBuildOperationRunner.java:166)
[        ] 	at org.gradle.internal.operations.DefaultBuildOperationRunner.execu
te(DefaultBuildOperationRunner.java:59)
[        ] 	at org.gradle.internal.operations.DefaultBuildOperationRunner.call(
DefaultBuildOperationRunner.java:53)
[   +6 ms] 	at org.gradle.api.internal.tasks.execution.EventFiringTaskExecuter.
execute(EventFiringTaskExecuter.java:52)
[   +1 ms] 	at org.gradle.execution.plan.LocalTaskNodeExecutor.execute(LocalTas
kNodeExecutor.java:42)
[   +2 ms] 	at org.gradle.execution.taskgraph.DefaultTaskExecutionGraph$InvokeN
odeExecutorsAction.execute(DefaultTaskExecutionGraph.java:331)
[   +1 ms] 	at org.gradle.execution.taskgraph.DefaultTaskExecutionGraph$InvokeN
odeExecutorsAction.execute(DefaultTaskExecutionGraph.java:318)
[   +1 ms] 	at org.gradle.execution.taskgraph.DefaultTaskExecutionGraph$BuildOp
erationAwareExecutionAction.lambda$execute$0(DefaultTaskExecutionGraph.java:314
)
[        ] 	at org.gradle.internal.operations.CurrentBuildOperationRef.with(Cur
rentBuildOperationRef.java:85)
[   +1 ms] 	at org.gradle.execution.taskgraph.DefaultTaskExecutionGraph$BuildOp
erationAwareExecutionAction.execute(DefaultTaskExecutionGraph.java:314)
[   +1 ms] 	at org.gradle.execution.taskgraph.DefaultTaskExecutionGraph$BuildOp
erationAwareExecutionAction.execute(DefaultTaskExecutionGraph.java:303)
[        ] 	at org.gradle.execution.plan.DefaultPlanExecutor$ExecutorWorker.exe
cute(DefaultPlanExecutor.java:459)
[        ] 	at org.gradle.execution.plan.DefaultPlanExecutor$ExecutorWorker.run
(DefaultPlanExecutor.java:376)
[        ] 	at org.gradle.internal.concurrent.ExecutorPolicy$CatchAndRecordFail
ures.onExecute(ExecutorPolicy.java:64)
[   +1 ms] 	at org.gradle.internal.concurrent.AbstractManagedExecutor$1.run(Abs
tractManagedExecutor.java:48)
[        ] 	at 
java.base/java.util.concurrent.ThreadPoolExecutor.runWorker(Unknown Source)
[        ] 	at 
java.base/java.util.concurrent.ThreadPoolExecutor$Worker.run(Unknown Source)
[   +1 ms] 	at java.base/java.lang.Thread.run(Unknown Source)
[        ] Caused by: 
org.gradle.workers.internal.DefaultWorkerExecutor$WorkExecutionException: A 
failure occurred while executing org.jetbrains.kotlin.compilerRunner.GradleComp
ilerRunnerWithWorkers$GradleKotlinCompilerWorkAction
[  +40 ms] 	at org.gradle.workers.internal.DefaultWorkerExecutor$WorkItemExecut
ion.waitForCompletion(DefaultWorkerExecutor.java:287)
[        ] 	at org.gradle.internal.work.DefaultAsyncWorkTracker.lambda$waitForI
temsAndGatherFailures$2(DefaultAsyncWorkTracker.java:130)
[        ] 	at org.gradle.internal.Factories$1.create(Factories.java:31)
[        ] 	at org.gradle.internal.work.DefaultWorkerLeaseService.withoutLocks(
DefaultWorkerLeaseService.java:339)
[   +8 ms] 	at org.gradle.internal.work.DefaultWorkerLeaseService.withoutLocks(
DefaultWorkerLeaseService.java:322)
[        ] 	at org.gradle.internal.work.DefaultWorkerLeaseService.withoutLock(D
efaultWorkerLeaseService.java:327)
[        ] 	at org.gradle.internal.work.DefaultAsyncWorkTracker.waitForItemsAnd
GatherFailures(DefaultAsyncWorkTracker.java:126)
[        ] 	at org.gradle.internal.work.DefaultAsyncWorkTracker.waitForItemsAnd
GatherFailures(DefaultAsyncWorkTracker.java:92)
[        ] 	at org.gradle.internal.work.DefaultAsyncWorkTracker.waitForAll(Defa
ultAsyncWorkTracker.java:78)
[   +5 ms] 	at org.gradle.internal.work.DefaultAsyncWorkTracker.waitForCompleti
on(DefaultAsyncWorkTracker.java:66)
[   +1 ms] 	at org.gradle.api.internal.tasks.execution.TaskExecution$3.run(Task
Execution.java:252)
[   +7 ms] 	at org.gradle.internal.operations.DefaultBuildOperationRunner$1.exe
cute(DefaultBuildOperationRunner.java:29)
[        ] 	at org.gradle.internal.operations.DefaultBuildOperationRunner$1.exe
cute(DefaultBuildOperationRunner.java:26)
[        ] 	at org.gradle.internal.operations.DefaultBuildOperationRunner$2.exe
cute(DefaultBuildOperationRunner.java:66)
[        ] 	at org.gradle.internal.operations.DefaultBuildOperationRunner$2.exe
cute(DefaultBuildOperationRunner.java:59)
[   +1 ms] 	at org.gradle.internal.operations.DefaultBuildOperationRunner.execu
te(DefaultBuildOperationRunner.java:166)
[   +1 ms] 	at org.gradle.internal.operations.DefaultBuildOperationRunner.execu
te(DefaultBuildOperationRunner.java:59)
[   +2 ms] 	at org.gradle.internal.operations.DefaultBuildOperationRunner.run(D
efaultBuildOperationRunner.java:47)
[        ] 	at org.gradle.api.internal.tasks.execution.TaskExecution.executeAct
ion(TaskExecution.java:229)
[        ] 	at org.gradle.api.internal.tasks.execution.TaskExecution.executeAct
ions(TaskExecution.java:212)
[        ] 	at org.gradle.api.internal.tasks.execution.TaskExecution.executeWit
hPreviousOutputFiles(TaskExecution.java:195)
[        ] 	at org.gradle.api.internal.tasks.execution.TaskExecution.execute(Ta
skExecution.java:162)
[        ] 	at org.gradle.internal.execution.steps.ExecuteStep.executeInternal(
ExecuteStep.java:105)
[        ] 	at 
org.gradle.internal.execution.steps.ExecuteStep.access$000(ExecuteStep.java:44)
[        ] 	at 
org.gradle.internal.execution.steps.ExecuteStep$1.call(ExecuteStep.java:59)
[  +10 ms] 	at 
org.gradle.internal.execution.steps.ExecuteStep$1.call(ExecuteStep.java:56)
[        ] 	at org.gradle.internal.operations.DefaultBuildOperationRunner$Calla
bleBuildOperationWorker.execute(DefaultBuildOperationRunner.java:209)
[        ] 	at org.gradle.internal.operations.DefaultBuildOperationRunner$Calla
bleBuildOperationWorker.execute(DefaultBuildOperationRunner.java:204)
[        ] 	at org.gradle.internal.operations.DefaultBuildOperationRunner$2.exe
cute(DefaultBuildOperationRunner.java:66)
[        ] 	at org.gradle.internal.operations.DefaultBuildOperationRunner$2.exe
cute(DefaultBuildOperationRunner.java:59)
[        ] 	at org.gradle.internal.operations.DefaultBuildOperationRunner.execu
te(DefaultBuildOperationRunner.java:166)
[   +1 ms] 	at org.gradle.internal.operations.DefaultBuildOperationRunner.execu
te(DefaultBuildOperationRunner.java:59)
[        ] 	at org.gradle.internal.operations.DefaultBuildOperationRunner.call(
DefaultBuildOperationRunner.java:53)
[        ] 	at 
org.gradle.internal.execution.steps.ExecuteStep.execute(ExecuteStep.java:56)
[        ] 	at 
org.gradle.internal.execution.steps.ExecuteStep.execute(ExecuteStep.java:44)
[        ] 	at org.gradle.internal.execution.steps.CancelExecutionStep.execute(
CancelExecutionStep.java:42)
[        ] 	at org.gradle.internal.execution.steps.TimeoutStep.executeWithoutTi
meout(TimeoutStep.java:75)
[        ] 	at 
org.gradle.internal.execution.steps.TimeoutStep.execute(TimeoutStep.java:55)
[        ] 	at org.gradle.internal.execution.steps.PreCreateOutputParentsStep.e
xecute(PreCreateOutputParentsStep.java:50)
[        ] 	at org.gradle.internal.execution.steps.PreCreateOutputParentsStep.e
xecute(PreCreateOutputParentsStep.java:28)
[        ] 	at org.gradle.internal.execution.steps.RemovePreviousOutputsStep.ex
ecute(RemovePreviousOutputsStep.java:67)
[        ] 	at org.gradle.internal.execution.steps.RemovePreviousOutputsStep.ex
ecute(RemovePreviousOutputsStep.java:37)
[   +2 ms] 	at org.gradle.internal.execution.steps.BroadcastChangingOutputsStep
.execute(BroadcastChangingOutputsStep.java:61)
[   +2 ms] 	at org.gradle.internal.execution.steps.BroadcastChangingOutputsStep
.execute(BroadcastChangingOutputsStep.java:26)
[        ] 	at org.gradle.internal.execution.steps.CaptureOutputsAfterExecution
Step.execute(CaptureOutputsAfterExecutionStep.java:69)
[        ] 	at org.gradle.internal.execution.steps.CaptureOutputsAfterExecution
Step.execute(CaptureOutputsAfterExecutionStep.java:46)
[        ] 	at org.gradle.internal.execution.steps.ResolveInputChangesStep.exec
ute(ResolveInputChangesStep.java:40)
[        ] 	at org.gradle.internal.execution.steps.ResolveInputChangesStep.exec
ute(ResolveInputChangesStep.java:29)
[        ] 	at org.gradle.internal.execution.steps.BuildCacheStep.executeWithou
tCache(BuildCacheStep.java:189)
[        ] 	at org.gradle.internal.execution.steps.BuildCacheStep.lambda$execut
e$1(BuildCacheStep.java:75)
[        ] 	at org.gradle.internal.Either$Right.fold(Either.java:175)
[        ] 	at 
org.gradle.internal.execution.caching.CachingState.fold(CachingState.java:62)
[        ] 	at org.gradle.internal.execution.steps.BuildCacheStep.execute(Build
CacheStep.java:73)
[        ] 	at org.gradle.internal.execution.steps.BuildCacheStep.execute(Build
CacheStep.java:48)
[        ] 	at org.gradle.internal.execution.steps.StoreExecutionStateStep.exec
ute(StoreExecutionStateStep.java:46)
[        ] 	at org.gradle.internal.execution.steps.StoreExecutionStateStep.exec
ute(StoreExecutionStateStep.java:35)
[        ] 	at org.gradle.internal.execution.steps.SkipUpToDateStep.executeBeca
use(SkipUpToDateStep.java:75)
[        ] 	at org.gradle.internal.execution.steps.SkipUpToDateStep.lambda$exec
ute$2(SkipUpToDateStep.java:53)
[        ] 	at java.base/java.util.Optional.orElseGet(Unknown Source)
[        ] 	at org.gradle.internal.execution.steps.SkipUpToDateStep.execute(Ski
pUpToDateStep.java:53)
[        ] 	at org.gradle.internal.execution.steps.SkipUpToDateStep.execute(Ski
pUpToDateStep.java:35)
[        ] 	at org.gradle.internal.execution.steps.legacy.MarkSnapshottingInput
sFinishedStep.execute(MarkSnapshottingInputsFinishedStep.java:37)
[        ] 	at org.gradle.internal.execution.steps.legacy.MarkSnapshottingInput
sFinishedStep.execute(MarkSnapshottingInputsFinishedStep.java:27)
[   +2 ms] 	at org.gradle.internal.execution.steps.ResolveIncrementalCachingSta
teStep.executeDelegate(ResolveIncrementalCachingStateStep.java:49)
[        ] 	at org.gradle.internal.execution.steps.ResolveIncrementalCachingSta
teStep.executeDelegate(ResolveIncrementalCachingStateStep.java:27)
[        ] 	at org.gradle.internal.execution.steps.AbstractResolveCachingStateS
tep.execute(AbstractResolveCachingStateStep.java:71)
[   +5 ms] 	at org.gradle.internal.execution.steps.AbstractResolveCachingStateS
tep.execute(AbstractResolveCachingStateStep.java:39)
[        ] 	at org.gradle.internal.execution.steps.ResolveChangesStep.execute(R
esolveChangesStep.java:65)
[        ] 	at org.gradle.internal.execution.steps.ResolveChangesStep.execute(R
esolveChangesStep.java:36)
[        ] 	at 
org.gradle.internal.execution.steps.ValidateStep.execute(ValidateStep.java:105)
[        ] 	at 
org.gradle.internal.execution.steps.ValidateStep.execute(ValidateStep.java:54)
[        ] 	at org.gradle.internal.execution.steps.AbstractCaptureStateBeforeEx
ecutionStep.execute(AbstractCaptureStateBeforeExecutionStep.java:64)
[        ] 	at org.gradle.internal.execution.steps.AbstractCaptureStateBeforeEx
ecutionStep.execute(AbstractCaptureStateBeforeExecutionStep.java:43)
[        ] 	at org.gradle.internal.execution.steps.AbstractSkipEmptyWorkStep.ex
ecuteWithNonEmptySources(AbstractSkipEmptyWorkStep.java:125)
[   +3 ms] 	at org.gradle.internal.execution.steps.AbstractSkipEmptyWorkStep.ex
ecute(AbstractSkipEmptyWorkStep.java:61)
[        ] 	at org.gradle.internal.execution.steps.AbstractSkipEmptyWorkStep.ex
ecute(AbstractSkipEmptyWorkStep.java:36)
[        ] 	at org.gradle.internal.execution.steps.legacy.MarkSnapshottingInput
sStartedStep.execute(MarkSnapshottingInputsStartedStep.java:38)
[        ] 	at org.gradle.internal.execution.steps.LoadPreviousExecutionStateSt
ep.execute(LoadPreviousExecutionStateStep.java:36)
[        ] 	at org.gradle.internal.execution.steps.LoadPreviousExecutionStateSt
ep.execute(LoadPreviousExecutionStateStep.java:23)
[        ] 	at org.gradle.internal.execution.steps.HandleStaleOutputsStep.execu
te(HandleStaleOutputsStep.java:75)
[        ] 	at org.gradle.internal.execution.steps.HandleStaleOutputsStep.execu
te(HandleStaleOutputsStep.java:41)
[        ] 	at org.gradle.internal.execution.steps.AssignMutableWorkspaceStep.l
ambda$execute$0(AssignMutableWorkspaceStep.java:35)
[        ] 	at org.gradle.api.internal.tasks.execution.TaskExecution$4.withWork
space(TaskExecution.java:289)
[        ] 	at org.gradle.internal.execution.steps.AssignMutableWorkspaceStep.e
xecute(AssignMutableWorkspaceStep.java:31)
[        ] 	at org.gradle.internal.execution.steps.AssignMutableWorkspaceStep.e
xecute(AssignMutableWorkspaceStep.java:22)
[   +7 ms] 	at org.gradle.internal.execution.steps.ChoosePipelineStep.execute(C
hoosePipelineStep.java:40)
[        ] 	at org.gradle.internal.execution.steps.ChoosePipelineStep.execute(C
hoosePipelineStep.java:23)
[        ] 	at org.gradle.internal.execution.steps.ExecuteWorkBuildOperationFir
ingStep.lambda$execute$2(ExecuteWorkBuildOperationFiringStep.java:67)
[        ] 	at java.base/java.util.Optional.orElseGet(Unknown Source)
[        ] 	at org.gradle.internal.execution.steps.ExecuteWorkBuildOperationFir
ingStep.execute(ExecuteWorkBuildOperationFiringStep.java:67)
[   +1 ms] 	at org.gradle.internal.execution.steps.ExecuteWorkBuildOperationFir
ingStep.execute(ExecuteWorkBuildOperationFiringStep.java:39)
[        ] 	at org.gradle.internal.execution.steps.IdentityCacheStep.execute(Id
entityCacheStep.java:46)
[        ] 	at org.gradle.internal.execution.steps.IdentityCacheStep.execute(Id
entityCacheStep.java:34)
[   +1 ms] 	at 
org.gradle.internal.execution.steps.IdentifyStep.execute(IdentifyStep.java:48)
[        ] 	at 
org.gradle.internal.execution.steps.IdentifyStep.execute(IdentifyStep.java:35)
[        ] 	at org.gradle.internal.execution.impl.DefaultExecutionEngine$1.exec
ute(DefaultExecutionEngine.java:61)
[        ] 	at org.gradle.api.internal.tasks.execution.ExecuteActionsTaskExecut
er.executeIfValid(ExecuteActionsTaskExecuter.java:127)
[        ] 	at org.gradle.api.internal.tasks.execution.ExecuteActionsTaskExecut
er.execute(ExecuteActionsTaskExecuter.java:116)
[        ] 	at org.gradle.api.internal.tasks.execution.FinalizePropertiesTaskEx
ecuter.execute(FinalizePropertiesTaskExecuter.java:46)
[        ] 	at org.gradle.api.internal.tasks.execution.ResolveTaskExecutionMode
Executer.execute(ResolveTaskExecutionModeExecuter.java:51)
[        ] 	at org.gradle.api.internal.tasks.execution.SkipTaskWithNoActionsExe
cuter.execute(SkipTaskWithNoActionsExecuter.java:57)
[        ] 	at org.gradle.api.internal.tasks.execution.SkipOnlyIfTaskExecuter.e
xecute(SkipOnlyIfTaskExecuter.java:74)
[        ] 	at org.gradle.api.internal.tasks.execution.CatchExceptionTaskExecut
er.execute(CatchExceptionTaskExecuter.java:36)
[        ] 	at org.gradle.api.internal.tasks.execution.EventFiringTaskExecuter$
1.executeTask(EventFiringTaskExecuter.java:77)
[        ] 	at org.gradle.api.internal.tasks.execution.EventFiringTaskExecuter$
1.call(EventFiringTaskExecuter.java:55)
[        ] 	at org.gradle.api.internal.tasks.execution.EventFiringTaskExecuter$
1.call(EventFiringTaskExecuter.java:52)
[        ] 	at org.gradle.internal.operations.DefaultBuildOperationRunner$Calla
bleBuildOperationWorker.execute(DefaultBuildOperationRunner.java:209)
[        ] 	at org.gradle.internal.operations.DefaultBuildOperationRunner$Calla
bleBuildOperationWorker.execute(DefaultBuildOperationRunner.java:204)
[        ] 	at org.gradle.internal.operations.DefaultBuildOperationRunner$2.exe
cute(DefaultBuildOperationRunner.java:66)
[  +14 ms] 	at org.gradle.internal.operations.DefaultBuildOperationRunner$2.exe
cute(DefaultBuildOperationRunner.java:59)
[        ] 	at org.gradle.internal.operations.DefaultBuildOperationRunner.execu
te(DefaultBuildOperationRunner.java:166)
[        ] 	at org.gradle.internal.operations.DefaultBuildOperationRunner.execu
te(DefaultBuildOperationRunner.java:59)
[        ] 	at org.gradle.internal.operations.DefaultBuildOperationRunner.call(
DefaultBuildOperationRunner.java:53)
[        ] 	at org.gradle.api.internal.tasks.execution.EventFiringTaskExecuter.
execute(EventFiringTaskExecuter.java:52)
[        ] 	at org.gradle.execution.plan.LocalTaskNodeExecutor.execute(LocalTas
kNodeExecutor.java:42)
[   +1 ms] 	at org.gradle.execution.taskgraph.DefaultTaskExecutionGraph$InvokeN
odeExecutorsAction.execute(DefaultTaskExecutionGraph.java:331)
[  +48 ms] 	at org.gradle.execution.taskgraph.DefaultTaskExecutionGraph$InvokeN
odeExecutorsAction.execute(DefaultTaskExecutionGraph.java:318)
[        ] Deprecated Gradle features were used in this build, making it incompatible with Gradle 9.0.
[ +178 ms] 	at org.gradle.execution.taskgraph.DefaultTaskExecutionGraph$BuildOp
erationAwareExecutionAction.lambda$execute$0(DefaultTaskExecutionGraph.java:314
)
[        ] You can use '--warning-mode all' to show the individual deprecation warnings and determine if they come from your own scripts or plugins.
[        ] 	at org.gradle.internal.operations.CurrentBuildOperationRef.with(Cur
rentBuildOperationRef.java:85)
[        ] For more on this, please refer to https://docs.gradle.org/8.9/userguide/command_line_interface.html#sec:command_line_warnings in the Gradle documentation.
[        ] 	at org.gradle.execution.taskgraph.DefaultTaskExecutionGraph$BuildOp
erationAwareExecutionAction.execute(DefaultTaskExecutionGraph.java:314)
[        ] 38 actionable tasks: 33 executed, 5 up-to-date
[        ] 	at org.gradle.execution.taskgraph.DefaultTaskExecutionGraph$BuildOp
erationAwareExecutionAction.execute(DefaultTaskExecutionGraph.java:303)
[        ] Some of the file system contents retained in the virtual file system are on file systems that Gradle doesn't support watching. The relevant state was discarded to ensure changes to these locations are properly detected. You can override this by explicitly enabling file system watching.
[        ] 	at org.gradle.execution.plan.DefaultPlanExecutor$ExecutorWorker.exe
cute(DefaultPlanExecutor.java:459)
[        ] Watched directory hierarchies: []
[        ] 	at org.gradle.execution.plan.DefaultPlanExecutor$ExecutorWorker.run
(DefaultPlanExecutor.java:376)
[ +120 ms] Running Gradle task 'assembleRelease'... (completed in 738.9s)
[        ] 	at org.gradle.internal.concurrent.ExecutorPolicy$CatchAndRecordFail
ures.onExecute(ExecutorPolicy.java:64)
[ +574 ms] "flutter apk" took 766,438ms.
[        ] 	at org.gradle.internal.concurrent.AbstractManagedExecutor$1.run(Abs
tractManagedExecutor.java:48)
[        ] 	at 
java.base/java.util.concurrent.ThreadPoolExecutor.runWorker(Unknown Source)
[        ] 	at 
java.base/java.util.concurrent.ThreadPoolExecutor$Worker.run(Unknown Source)
[        ] 	at java.base/java.lang.Thread.run(Unknown Source)
[        ] Caused by: 
org.jetbrains.kotlin.gradle.tasks.CompilationErrorException: Compilation 
error. See log for more details
[        ] 	at org.jetbrains.kotlin.gradle.tasks.TasksUtilsKt.throwExceptionIfC
ompilationFailed(tasksUtils.kt:22)
[        ] 	at org.jetbrains.kotlin.compilerRunner.GradleKotlinCompilerWork.run
(GradleKotlinCompilerWork.kt:144)
[   +2 ms] 	at org.jetbrains.kotlin.compilerRunner.GradleCompilerRunnerWithWork
ers$GradleKotlinCompilerWorkAction.execute(GradleCompilerRunnerWithWorkers.kt:7
6)
[   +4 ms] 	at org.gradle.workers.internal.DefaultWorkerServer.execute(DefaultW
orkerServer.java:63)
[        ] 	at org.gradle.workers.internal.NoIsolationWorkerFactory$1$1.create(
NoIsolationWorkerFactory.java:66)
[        ] 	at org.gradle.workers.internal.NoIsolationWorkerFactory$1$1.create(
NoIsolationWorkerFactory.java:62)
[        ] 	at org.gradle.internal.classloader.ClassLoaderUtils.executeInClassl
oader(ClassLoaderUtils.java:100)
[   +1 ms] Running 1 shutdown hook
[        ] 	at org.gradle.workers.internal.NoIsolationWorkerFactory$1.lambda$ex
ecute$0(NoIsolationWorkerFactory.java:62)
[  +25 ms] Shutdown hooks complete
[        ] 	at 
org.gradle.workers.internal.AbstractWorker$1.call(AbstractWorker.java:44)
[        ] 	at 
org.gradle.workers.internal.AbstractWorker$1.call(AbstractWorker.java:41)
[        ] 	at org.gradle.internal.operations.DefaultBuildOperationRunner$Calla
bleBuildOperationWorker.execute(DefaultBuildOperationRunner.java:209)
[ +350 ms] exiting with code 1
[        ] 	at org.gradle.internal.operations.DefaultBuildOperationRunner$Calla
bleBuildOperationWorker.execute(DefaultBuildOperationRunner.java:204)
[   +2 ms] 	at org.gradle.internal.operations.DefaultBuildOperationRunner$2.exe
cute(DefaultBuildOperationRunner.java:66)
[        ] 	at org.gradle.internal.operations.DefaultBuildOperationRunner$2.exe
cute(DefaultBuildOperationRunner.java:59)
[        ] 	at org.gradle.internal.operations.DefaultBuildOperationRunner.execu
te(DefaultBuildOperationRunner.java:166)
[        ] 	at org.gradle.internal.operations.DefaultBuildOperationRunner.execu
te(DefaultBuildOperationRunner.java:59)
[        ] 	at org.gradle.internal.operations.DefaultBuildOperationRunner.call(
DefaultBuildOperationRunner.java:53)
[        ] 	at org.gradle.workers.internal.AbstractWorker.executeWrappedInBuild
Operation(AbstractWorker.java:41)
[        ] 	at org.gradle.workers.internal.NoIsolationWorkerFactory$1.execute(N
oIsolationWorkerFactory.java:59)
[        ] 	at org.gradle.workers.internal.DefaultWorkerExecutor.lambda$submitW
ork$0(DefaultWorkerExecutor.java:174)
[        ] 	at java.base/java.util.concurrent.FutureTask.run(Unknown Source)
[        ] 	at org.gradle.internal.work.DefaultConditionalExecutionQueue$Execut
ionRunner.runExecution(DefaultConditionalExecutionQueue.java:195)
[        ] 	at org.gradle.internal.work.DefaultConditionalExecutionQueue$Execut
ionRunner.access$700(DefaultConditionalExecutionQueue.java:128)
[+3504 ms] 	at org.gradle.internal.work.DefaultConditionalExecutionQueue$Execut
ionRunner$1.run(DefaultConditionalExecutionQueue.java:170)
[        ] 	at org.gradle.internal.Factories$1.create(Factories.java:31)
[        ] 	at org.gradle.internal.work.DefaultWorkerLeaseService.withLocks(Def
aultWorkerLeaseService.java:267)
[        ] 	at org.gradle.internal.work.DefaultWorkerLeaseService.runAsWorkerTh
read(DefaultWorkerLeaseService.java:131)
[        ] 	at org.gradle.internal.work.DefaultWorkerLeaseService.runAsWorkerTh
read(DefaultWorkerLeaseService.java:136)
[        ] 	at org.gradle.internal.work.DefaultConditionalExecutionQueue$Execut
ionRunner.runBatch(DefaultConditionalExecutionQueue.java:165)
[        ] 	at org.gradle.internal.work.DefaultConditionalExecutionQueue$Execut
ionRunner.run(DefaultConditionalExecutionQueue.java:134)
[        ] 	at 
java.base/java.util.concurrent.Executors$RunnableAdapter.call(Unknown Source)
[        ] 	at java.base/java.util.concurrent.FutureTask.run(Unknown Source)
[        ] 	... 5 more
[        ] BUILD FAILED in 12m 1s
[+1144 ms] Gradle task assembleRelease failed with exit code 1
[  +16 ms] 
           #0      throwToolExit 
(package:flutter_tools/src/base/common.dart:34:3)
           #1      AndroidGradleBuilder.buildGradleApp 
(package:flutter_tools/src/android/gradle.dart:592:7)
           <asynchronous suspension>
           #2      AndroidGradleBuilder.buildApk 
(package:flutter_tools/src/android/gradle.dart:234:5)
           <asynchronous suspension>
           #3      BuildApkCommand.runCommand 
(package:flutter_tools/src/commands/build_apk.dart:131:5)
           <asynchronous suspension>
           #4      FlutterCommand.run.<anonymous closure> 
(package:flutter_tools/src/runner/flutter_command.dart:1559:27)
           <asynchronous suspension>
           #5      AppContext.run.<anonymous closure> 
(package:flutter_tools/src/base/context.dart:154:19)
           <asynchronous suspension>
           #6      CommandRunner.runCommand 
(package:args/command_runner.dart:212:13)
           <asynchronous suspension>
           #7      FlutterCommandRunner.runCommand.<anonymous closure> 
(package:flutter_tools/src/runner/flutter_command_runner.dart:487:9)
           <asynchronous suspension>
           #8      AppContext.run.<anonymous closure> 
(package:flutter_tools/src/base/context.dart:154:19)
           <asynchronous suspension>
           #9      FlutterCommandRunner.runCommand 
(package:flutter_tools/src/runner/flutter_command_runner.dart:422:5)
           <asynchronous suspension>
           #10     run.<anonymous closure>.<anonymous closure> 
(package:flutter_tools/runner.dart:101:11)
           <asynchronous suspension>
           #11     AppContext.run.<anonymous closure> 
(package:flutter_tools/src/base/context.dart:154:19)
           <asynchronous suspension>
           #12     main (package:flutter_tools/executable.dart:103:3)
           <asynchronous suspension>


